Component: Arm Compiler for Embedded 6.21 Tool: armlink [5ec1fa00]

==============================================================================

Section Cross References

    main.o(.text.main) refers to main.o(.bss.spi1) for spi1
    main.o(.text.main) refers to mcal_spi1.o(.text.spi1_init) for spi1_init
    main.o(.text.main) refers to main.o(.data.FR) for FR
    main.o(.text.main) refers to hal_dc_motor.o(.text.Dc_motor_init) for Dc_motor_init
    main.o(.text.main) refers to main.o(.data.FL) for FL
    main.o(.text.main) refers to main.o(.data.BR) for BR
    main.o(.text.main) refers to main.o(.data.BL) for BL
    main.o(.text.main) refers to main.o(.bss.Rc_Data) for Rc_Data
    main.o(.text.main) refers to mcal_spi1.o(.text.spi1_recieve_8) for spi1_recieve_8
    main.o(.text.main) refers to main.o(.bss.RC_Mode) for RC_Mode
    main.o(.text.main) refers to main.o(.bss.TL_joystick) for TL_joystick
    main.o(.text.main) refers to main.o(.bss.TR_joystick) for TR_joystick
    main.o(.text.main) refers to main.o(.bss.BR_joystick) for BR_joystick
    main.o(.text.main) refers to main.o(.bss.BL_joystick) for BL_joystick
    main.o(.text.main) refers to main.o(.bss.POT_value) for POT_value
    main.o(.text.main) refers to hal_dc_motor.o(.text.Dc_motor_move) for Dc_motor_move
    main.o(.text.main) refers to hal_dc_motor.o(.text.Dc_motor_stop) for Dc_motor_stop
    main.o(.ARM.exidx.text.main) refers to main.o(.text.main) for [Anonymous Symbol]
    mcal_gpio.o(.text.gpio_pin_init) refers to mcal_gpio.o(.text.gpio_enable_clk) for gpio_enable_clk
    mcal_gpio.o(.text.gpio_pin_init) refers to mcal_gpio.o(.text.gpio_afio_clk_enable) for gpio_afio_clk_enable
    mcal_gpio.o(.text.gpio_pin_init) refers to mcal_gpio.o(.text.gpio_set_pin_mode) for gpio_set_pin_mode
    mcal_gpio.o(.text.gpio_pin_init) refers to mcal_gpio.o(.text.gpio_set_pin_conf) for gpio_set_pin_conf
    mcal_gpio.o(.ARM.exidx.text.gpio_pin_init) refers to mcal_gpio.o(.text.gpio_pin_init) for [Anonymous Symbol]
    mcal_gpio.o(.ARM.exidx.text.gpio_enable_clk) refers to mcal_gpio.o(.text.gpio_enable_clk) for [Anonymous Symbol]
    mcal_gpio.o(.ARM.exidx.text.gpio_afio_clk_enable) refers to mcal_gpio.o(.text.gpio_afio_clk_enable) for [Anonymous Symbol]
    mcal_gpio.o(.ARM.exidx.text.gpio_set_pin_mode) refers to mcal_gpio.o(.text.gpio_set_pin_mode) for [Anonymous Symbol]
    mcal_gpio.o(.ARM.exidx.text.gpio_set_pin_conf) refers to mcal_gpio.o(.text.gpio_set_pin_conf) for [Anonymous Symbol]
    mcal_gpio.o(.ARM.exidx.text.gpio_pin_write) refers to mcal_gpio.o(.text.gpio_pin_write) for [Anonymous Symbol]
    mcal_gpio.o(.ARM.exidx.text.gpio_pin_read) refers to mcal_gpio.o(.text.gpio_pin_read) for [Anonymous Symbol]
    mcal_gpio.o(.ARM.exidx.text.gpio_pin_toggle) refers to mcal_gpio.o(.text.gpio_pin_toggle) for [Anonymous Symbol]
    mcal_gpio.o(.ARM.exidx.text.gpio_test_all_port_high) refers to mcal_gpio.o(.text.gpio_test_all_port_high) for [Anonymous Symbol]
    mcal_timer2.o(.text.timer2_init) refers to mcal_timer2.o(.text.set_timer2_mode_preload_prescale) for set_timer2_mode_preload_prescale
    mcal_timer2.o(.text.timer2_init) refers to mcal_timer2.o(.text.timer2_handle_interrupts) for timer2_handle_interrupts
    mcal_timer2.o(.text.timer2_init) refers to mcal_timer2.o(.text.Enable_timer2_interrupt) for Enable_timer2_interrupt
    mcal_timer2.o(.ARM.exidx.text.timer2_init) refers to mcal_timer2.o(.text.timer2_init) for [Anonymous Symbol]
    mcal_timer2.o(.text.set_timer2_mode_preload_prescale) refers to mcal_timer2.o(.bss.timer2_resolution) for timer2_resolution
    mcal_timer2.o(.text.set_timer2_mode_preload_prescale) refers to mcal_timer2.o(.bss.timer2_max_count) for timer2_max_count
    mcal_timer2.o(.text.set_timer2_mode_preload_prescale) refers to mcal_timer2.o(.data.prescaler_value) for prescaler_value
    mcal_timer2.o(.text.set_timer2_mode_preload_prescale) refers to mcal_timer2.o(.bss.preload_value) for preload_value
    mcal_timer2.o(.ARM.exidx.text.set_timer2_mode_preload_prescale) refers to mcal_timer2.o(.text.set_timer2_mode_preload_prescale) for [Anonymous Symbol]
    mcal_timer2.o(.text.timer2_handle_interrupts) refers to mcal_timer2.o(.bss.TIM2_OF_InterruptHandler) for TIM2_OF_InterruptHandler
    mcal_timer2.o(.ARM.exidx.text.timer2_handle_interrupts) refers to mcal_timer2.o(.text.timer2_handle_interrupts) for [Anonymous Symbol]
    mcal_timer2.o(.ARM.exidx.text.Enable_timer2_interrupt) refers to mcal_timer2.o(.text.Enable_timer2_interrupt) for [Anonymous Symbol]
    mcal_timer2.o(.ARM.exidx.text.timer2_deinit) refers to mcal_timer2.o(.text.timer2_deinit) for [Anonymous Symbol]
    mcal_timer2.o(.text.timer2_timeBase_write) refers to mcal_timer2.o(.bss.timer2_resolution) for timer2_resolution
    mcal_timer2.o(.text.timer2_timeBase_write) refers to mcal_timer2.o(.bss.timer2_max_count) for timer2_max_count
    mcal_timer2.o(.text.timer2_timeBase_write) refers to mcal_timer2.o(.data.prescaler_value) for prescaler_value
[...]
    Removing mcal_timer2.o(.ARM.exidx.text.timer2_deinit), (8 bytes).
    Removing mcal_timer2.o(.text.timer2_timeBase_write), (194 bytes).
    Removing mcal_timer2.o(.ARM.exidx.text.timer2_timeBase_write), (8 bytes).
    Removing mcal_timer2.o(.text.timer2_delay), (90 bytes).
    Removing mcal_timer2.o(.ARM.exidx.text.timer2_delay), (8 bytes).
    Removing mcal_timer2.o(.ARM.exidx.text.TIM2_IRQHandler), (8 bytes).
    Removing mcal_timer2.o(.bss.timer2_resolution), (1 bytes).
    Removing mcal_timer2.o(.bss.timer2_max_count), (4 bytes).
    Removing mcal_timer2.o(.data.prescaler_value), (4 bytes).
    Removing mcal_timer2.o(.bss.preload_value), (4 bytes).
    Removing mcal_timer3.o(.text), (0 bytes).
    Removing mcal_timer3.o(.ARM.exidx.text.timer3_init), (8 bytes).
    Removing mcal_timer3.o(.ARM.exidx.text.pwm_pin_init), (8 bytes).
    Removing mcal_timer3.o(.ARM.exidx.text.set_timer3_mode_preload_prescale), (8 bytes).
    Removing mcal_timer3.o(.ARM.exidx.text.timer3_handle_interrupts), (8 bytes).
    Removing mcal_timer3.o(.ARM.exidx.text.Enable_timer3_interrupt), (8 bytes).
    Removing mcal_timer3.o(.text.timer3_deinit), (50 bytes).
    Removing mcal_timer3.o(.ARM.exidx.text.timer3_deinit), (8 bytes).
    Removing mcal_timer3.o(.ARM.exidx.text.timer3_pwm_write), (8 bytes).
    Removing mcal_timer3.o(.ARM.exidx.text.TIM3_IRQHandler), (8 bytes).
    Removing mcal_timer4.o(.text), (0 bytes).
    Removing mcal_timer4.o(.text.timer4_init), (124 bytes).
    Removing mcal_timer4.o(.ARM.exidx.text.timer4_init), (8 bytes).
    Removing mcal_timer4.o(.text.set_timer4_mode_preload_prescale), (194 bytes).
    Removing mcal_timer4.o(.ARM.exidx.text.set_timer4_mode_preload_prescale), (8 bytes).
    Removing mcal_timer4.o(.text.timer4_handle_interrupts), (48 bytes).
    Removing mcal_timer4.o(.ARM.exidx.text.timer4_handle_interrupts), (8 bytes).
    Removing mcal_timer4.o(.text.Enable_timer4_interrupt), (48 bytes).
    Removing mcal_timer4.o(.ARM.exidx.text.Enable_timer4_interrupt), (8 bytes).
    Removing mcal_timer4.o(.text.timer4_deinit), (50 bytes).
    Removing mcal_timer4.o(.ARM.exidx.text.timer4_deinit), (8 bytes).
    Removing mcal_timer4.o(.text.timer4_timeBase_write), (198 bytes).
    Removing mcal_timer4.o(.ARM.exidx.text.timer4_timeBase_write), (8 bytes).
    Removing mcal_timer4.o(.text.timer4_delay), (90 bytes).
    Removing mcal_timer4.o(.ARM.exidx.text.timer4_delay), (8 bytes).
    Removing mcal_timer4.o(.ARM.exidx.text.TIM4_IRQHandler), (8 bytes).
    Removing mcal_timer4.o(.bss.timer4_resolution), (1 bytes).
    Removing mcal_timer4.o(.bss.timer4_max_count), (4 bytes).
    Removing mcal_timer4.o(.data.prescaler_value), (4 bytes).
    Removing mcal_timer4.o(.bss.preload_value), (4 bytes).
    Removing mcal_timer1.o(.text), (0 bytes).
    Removing mcal_timer1.o(.ARM.exidx.text.timer1_init), (8 bytes).
    Removing mcal_timer1.o(.ARM.exidx.text.pwm_pin_init), (8 bytes).
    Removing mcal_timer1.o(.ARM.exidx.text.set_timer1_mode_preload_prescale), (8 bytes).
    Removing mcal_timer1.o(.ARM.exidx.text.timer1_handle_interrupts), (8 bytes).
    Removing mcal_timer1.o(.ARM.exidx.text.Enable_timer1_interrupt), (8 bytes).
    Removing mcal_timer1.o(.text.timer1_deinit), (50 bytes).
    Removing mcal_timer1.o(.ARM.exidx.text.timer1_deinit), (8 bytes).
    Removing mcal_timer1.o(.ARM.exidx.text.timer1_pwm_write), (8 bytes).
    Removing mcal_timer1.o(.ARM.exidx.text.TIM1_UP_IRQHandler), (8 bytes).
    Removing mcal_timers.o(.text), (0 bytes).
    Removing mcal_timers.o(.data.tim2), (8 bytes).
    Removing mcal_timers.o(.data.tim4), (8 bytes).
    Removing mcal_external_interrupts.o(.text), (0 bytes).
    Removing mcal_external_interrupts.o(.text.EXTI_init), (92 bytes).
    Removing mcal_external_interrupts.o(.ARM.exidx.text.EXTI_init), (8 bytes).
    Removing mcal_external_interrupts.o(.text.exti_pin_init), (1396 bytes).
    Removing mcal_external_interrupts.o(.ARM.exidx.text.exti_pin_init), (8 bytes).
    Removing mcal_external_interrupts.o(.text.exti_pin_set_mode), (106 bytes).
    Removing mcal_external_interrupts.o(.ARM.exidx.text.exti_pin_set_mode), (8 bytes).
    Removing mcal_external_interrupts.o(.text.extix_set_interrupt_handler), (334 bytes).
    Removing mcal_external_interrupts.o(.ARM.exidx.text.extix_set_interrupt_handler), (8 bytes).
    Removing mcal_external_interrupts.o(.text.extix_enable), (292 bytes).
    Removing mcal_external_interrupts.o(.ARM.exidx.text.extix_enable), (8 bytes).
    Removing mcal_external_interrupts.o(.text.EXTI_deinit), (46 bytes).
    Removing mcal_external_interrupts.o(.ARM.exidx.text.EXTI_deinit), (8 bytes).
    Removing mcal_external_interrupts.o(.text.extix_disable), (292 bytes).
    Removing mcal_external_interrupts.o(.ARM.exidx.text.extix_disable), (8 bytes).
    Removing mcal_external_interrupts.o(.ARM.exidx.text.EXTI0_IRQHandler), (8 bytes).
    Removing mcal_external_interrupts.o(.ARM.exidx.text.EXTI1_IRQHandler), (8 bytes).
    Removing mcal_external_interrupts.o(.ARM.exidx.text.EXTI2_IRQHandler), (8 bytes).
    Removing mcal_external_interrupts.o(.ARM.exidx.text.EXTI3_IRQHandler), (8 bytes).
    Removing mcal_external_interrupts.o(.ARM.exidx.text.EXTI4_IRQHandler), (8 bytes).
    Removing mcal_external_interrupts.o(.ARM.exidx.text.EXTI9_5_IRQHandler), (8 bytes).
    Removing mcal_external_interrupts.o(.ARM.exidx.text.EXTI15_10_IRQHandler), (8 bytes).
    Removing mcal_internal_interrupts.o(.text), (0 bytes).
    Removing mcal_uart.o(.text), (0 bytes).
    Removing mcal_uart.o(.text.USART_Init), (370 bytes).
    Removing mcal_uart.o(.ARM.exidx.text.USART_Init), (8 bytes).
    Removing mcal_uart.o(.text.bauderateCalculator), (296 bytes).
    Removing mcal_uart.o(.ARM.exidx.text.bauderateCalculator), (8 bytes).
    Removing mcal_uart.o(.text.USART_RX), (168 bytes).
    Removing mcal_uart.o(.ARM.exidx.text.USART_RX), (8 bytes).
    Removing mcal_uart.o(.text.USART_TX), (162 bytes).
    Removing mcal_uart.o(.ARM.exidx.text.USART_TX), (8 bytes).
    Removing mcal_uart.o(.ARM.exidx.text.USART1_IRQHandler), (8 bytes).
    Removing mcal_uart.o(.ARM.exidx.text.USART2_IRQHandler), (8 bytes).
    Removing mcal_uart.o(.ARM.exidx.text.USART3_IRQHandler), (8 bytes).
    Removing mcal_uart.o(.text.USART_Set_IRH), (88 bytes).
    Removing mcal_uart.o(.ARM.exidx.text.USART_Set_IRH), (8 bytes).
    Removing mcal_uart.o(.rodata..L__const.USART_Init.pinA9), (5 bytes).
    Removing mcal_uart.o(.rodata..L__const.USART_Init.pinA10), (5 bytes).
    Removing mcal_uart.o(.rodata..L__const.USART_Init.pinA2), (5 bytes).
    Removing mcal_uart.o(.rodata..L__const.USART_Init.pinA3), (5 bytes).
    Removing mcal_uart.o(.rodata..L__const.USART_Init.pinB10), (5 bytes).
    Removing mcal_uart.o(.rodata..L__const.USART_Init.pinB11), (5 bytes).
    Removing hal_dc_motor.o(.text), (0 bytes).
    Removing hal_dc_motor.o(.ARM.exidx.text.Dc_motor_init), (8 bytes).
    Removing hal_dc_motor.o(.ARM.exidx.text.DC_pwm_pin_init), (8 bytes).
    Removing hal_dc_motor.o(.ARM.exidx.text.Dc_motor_move), (8 bytes).
    Removing hal_dc_motor.o(.ARM.exidx.text.DC_move_forward), (8 bytes).
    Removing hal_dc_motor.o(.ARM.exidx.text.DC_set_speed), (8 bytes).
    Removing hal_dc_motor.o(.ARM.exidx.text.DC_move_Backward), (8 bytes).
    Removing hal_dc_motor.o(.ARM.exidx.text.Dc_motor_stop), (8 bytes).
    Removing hal_encoder.o(.text), (0 bytes).
    Removing hal_encoder.o(.text.Encoder_init), (114 bytes).
    Removing hal_encoder.o(.ARM.exidx.text.Encoder_init), (8 bytes).
    Removing hal_encoder.o(.text.Encoder_deinit), (114 bytes).
    Removing hal_encoder.o(.ARM.exidx.text.Encoder_deinit), (8 bytes).
    Removing hal_encoder.o(.bss.digital_pin), (5 bytes).
    Removing hal_encoder.o(.bss.interrupt_pin), (12 bytes).
    Removing m4_softwares.o(.text), (0 bytes).
    Removing m4_softwares.o(.ARM.exidx.text.map_to_range), (8 bytes).
    Removing mcal_spi1.o(.text), (0 bytes).
    Removing mcal_spi1.o(.ARM.exidx.text.spi1_init), (8 bytes).
    Removing mcal_spi1.o(.ARM.exidx.text.spi1_pins_init), (8 bytes).
    Removing mcal_spi1.o(.ARM.exidx.text.spi1_polarity_phase), (8 bytes).
    Removing mcal_spi1.o(.ARM.exidx.text.spi1_data_frame), (8 bytes).
    Removing mcal_spi1.o(.text.spi1_transmit_8), (170 bytes).
    Removing mcal_spi1.o(.ARM.exidx.text.spi1_transmit_8), (8 bytes).
    Removing mcal_spi1.o(.text.spi1_transmit_16), (172 bytes).
    Removing mcal_spi1.o(.ARM.exidx.text.spi1_transmit_16), (8 bytes).
    Removing mcal_spi1.o(.ARM.exidx.text.spi1_recieve_8), (8 bytes).
    Removing mcal_spi1.o(.text.spi1_recieve_16), (102 bytes).
    Removing mcal_spi1.o(.ARM.exidx.text.spi1_recieve_16), (8 bytes).
    Removing mcal_spi2.o(.text), (0 bytes).
    Removing mcal_spi2.o(.text.spi2_init), (98 bytes).
    Removing mcal_spi2.o(.ARM.exidx.text.spi2_init), (8 bytes).
    Removing mcal_spi2.o(.text.spi2_pins_init), (308 bytes).
    Removing mcal_spi2.o(.ARM.exidx.text.spi2_pins_init), (8 bytes).
    Removing mcal_spi2.o(.text.spi2_polarity_phase), (162 bytes).
    Removing mcal_spi2.o(.ARM.exidx.text.spi2_polarity_phase), (8 bytes).
    Removing mcal_spi2.o(.text.spi2_data_frame), (98 bytes).
    Removing mcal_spi2.o(.ARM.exidx.text.spi2_data_frame), (8 bytes).
    Removing mcal_spi2.o(.text.spi2_transmit_8), (170 bytes).
    Removing mcal_spi2.o(.ARM.exidx.text.spi2_transmit_8), (8 bytes).
    Removing mcal_spi2.o(.text.spi2_transmit_16), (172 bytes).
    Removing mcal_spi2.o(.ARM.exidx.text.spi2_transmit_16), (8 bytes).
    Removing mcal_spi2.o(.text.spi2_recieve_8), (102 bytes).
    Removing mcal_spi2.o(.ARM.exidx.text.spi2_recieve_8), (8 bytes).
    Removing mcal_spi2.o(.text.spi2_recieve_16), (102 bytes).
    Removing mcal_spi2.o(.ARM.exidx.text.spi2_recieve_16), (8 bytes).
    Removing mcal_spi2.o(.data.SPI2_NSS_SLAVE), (5 bytes).
    Removing mcal_spi2.o(.data.SPI2_SCK), (5 bytes).
    Removing mcal_spi2.o(.data.SPI2_MOSI), (5 bytes).
    Removing mcal_spi2.o(.data.SPI2_MISO), (5 bytes).
    Removing nrf24l01.o(.text), (0 bytes).
    Removing nrf24l01.o(.text.NRF24L01_init), (166 bytes).
    Removing nrf24l01.o(.ARM.exidx.text.NRF24L01_init), (8 bytes).
    Removing nrf24l01.o(.text.NRF24L01_pins_init), (48 bytes).
    Removing nrf24l01.o(.ARM.exidx.text.NRF24L01_pins_init), (8 bytes).
    Removing nrf24l01.o(.text.NRF24L01_CE_disable), (48 bytes).
    Removing nrf24l01.o(.ARM.exidx.text.NRF24L01_CE_disable), (8 bytes).
    Removing nrf24l01.o(.text.NRF24L01_CSN_unselect), (34 bytes).
    Removing nrf24l01.o(.ARM.exidx.text.NRF24L01_CSN_unselect), (8 bytes).
    Removing nrf24l01.o(.text.NRF24L01_reset), (380 bytes).
    Removing nrf24l01.o(.ARM.exidx.text.NRF24L01_reset), (8 bytes).
    Removing nrf24l01.o(.text.NRF24L01_write_reg), (66 bytes).
    Removing nrf24l01.o(.ARM.exidx.text.NRF24L01_write_reg), (8 bytes).
    Removing nrf24l01.o(.text.NRF24L01_PA_DR_init), (98 bytes).
    Removing nrf24l01.o(.ARM.exidx.text.NRF24L01_PA_DR_init), (8 bytes).
    Removing nrf24l01.o(.text.NRF24L01_set_mode), (252 bytes).
    Removing nrf24l01.o(.ARM.exidx.text.NRF24L01_set_mode), (8 bytes).
    Removing nrf24l01.o(.text.NRF24L01_CE_enable), (48 bytes).
    Removing nrf24l01.o(.ARM.exidx.text.NRF24L01_CE_enable), (8 bytes).
    Removing nrf24l01.o(.text.NRF24L01_transmit), (190 bytes).
    Removing nrf24l01.o(.ARM.exidx.text.NRF24L01_transmit), (8 bytes).
    Removing nrf24l01.o(.text.NRF24L01_CSN_select), (34 bytes).
    Removing nrf24l01.o(.ARM.exidx.text.NRF24L01_CSN_select), (8 bytes).
    Removing nrf24l01.o(.text.NRF24L01_read_reg), (80 bytes).
    Removing nrf24l01.o(.ARM.exidx.text.NRF24L01_read_reg), (8 bytes).
    Removing nrf24l01.o(.text.NRF24L01_sendcmd), (36 bytes).
    Removing nrf24l01.o(.ARM.exidx.text.NRF24L01_sendcmd), (8 bytes).
    Removing nrf24l01.o(.text.NRF24L01_is_data_available), (106 bytes).
    Removing nrf24l01.o(.ARM.exidx.text.NRF24L01_is_data_available), (8 bytes).
    Removing nrf24l01.o(.text.NRF24L01_recieve), (112 bytes).
    Removing nrf24l01.o(.ARM.exidx.text.NRF24L01_recieve), (8 bytes).
    Removing nrf24l01.o(.text.NRF24L01_read_all_reg), (354 bytes).
    Removing nrf24l01.o(.ARM.exidx.text.NRF24L01_read_all_reg), (8 bytes).
    Removing nrf24l01.o(.text.NRF24L01_read_reg_multi), (80 bytes).
    Removing nrf24l01.o(.ARM.exidx.text.NRF24L01_read_reg_multi), (8 bytes).
    Removing nrf24l01.o(.text.NRF24L01_write_reg_multi), (100 bytes).
    Removing nrf24l01.o(.ARM.exidx.text.NRF24L01_write_reg_multi), (8 bytes).
    Removing nrf24l01.o(.bss.fifostatus), (1 bytes).
    Removing nrf24l01.o(.bss.status), (1 bytes).
    Removing nrf24l01.o(.bss.config), (1 bytes).
    Removing nrf24l01.o(.rodata..L__const.NRF24L01_reset.rx_addr_p0_def), (5 bytes).
    Removing nrf24l01.o(.rodata..L__const.NRF24L01_reset.rx_addr_p1_def), (5 bytes).
    Removing nrf24l01.o(.rodata..L__const.NRF24L01_reset.tx_addr_def), (5 bytes).
    Removing mcal_adc.o(.text), (0 bytes).
    Removing mcal_adc.o(.text.adc_init), (274 bytes).
    Removing mcal_adc.o(.ARM.exidx.text.adc_init), (8 bytes).
    Removing mcal_adc.o(.text.get_adc_instance), (62 bytes).
    Removing mcal_adc.o(.ARM.exidx.text.get_adc_instance), (8 bytes).
    Removing mcal_adc.o(.text.adc_start_conversion), (92 bytes).
    Removing mcal_adc.o(.ARM.exidx.text.adc_start_conversion), (8 bytes).
    Removing mcal_adc.o(.text.adc_read_value), (102 bytes).
    Removing mcal_adc.o(.ARM.exidx.text.adc_read_value), (8 bytes).
    Removing mcal_adc.o(.text.adc_irq_handler), (62 bytes).
    Removing mcal_adc.o(.ARM.exidx.text.adc_irq_handler), (8 bytes).
    Removing system_stm32f10x.o(.text), (0 bytes).
    Removing system_stm32f10x.o(.ARM.exidx.text.SystemInit), (8 bytes).
    Removing system_stm32f10x.o(.ARM.exidx.text.SetSysClock), (8 bytes).
    Removing system_stm32f10x.o(.text.SystemCoreClockUpdate), (290 bytes).
    Removing system_stm32f10x.o(.ARM.exidx.text.SystemCoreClockUpdate), (8 bytes).
    Removing system_stm32f10x.o(.ARM.exidx.text.SetSysClockTo72), (8 bytes).
    Removing system_stm32f10x.o(.data.SystemCoreClock), (4 bytes).
    Removing system_stm32f10x.o(.rodata.AHBPrescTable), (16 bytes).

238 unused section(s) (total 11977 bytes) removed from the image.

==============================================================================

Image Symbol Table

    Local Symbols

    Symbol Name                              Value     Ov Type        Size  Object(Section)

    ../clib/angel/boardlib.s                 0x00000000   Number         0  boardinit1.o ABSOLUTE
    ../clib/angel/boardlib.s                 0x00000000   Number         0  boardinit2.o ABSOLUTE
    ../clib/angel/boardlib.s                 0x00000000   Number         0  boardinit3.o ABSOLUTE
    ../clib/angel/boardlib.s                 0x00000000   Number         0  boardshut.o ABSOLUTE
    ../clib/angel/handlers.s                 0x00000000   Number         0  __scatter_copy.o ABSOLUTE
    ../clib/angel/handlers.s                 0x00000000   Number         0  __scatter_zi.o ABSOLUTE
    ../clib/angel/kernel.s                   0x00000000   Number         0  __rtentry.o ABSOLUTE
    ../clib/angel/kernel.s                   0x00000000   Number         0  __rtentry2.o ABSOLUTE
    ../clib/angel/kernel.s                   0x00000000   Number         0  __rtentry4.o ABSOLUTE
    ../clib/angel/kernel.s                   0x00000000   Number         0  rtexit.o ABSOLUTE
    ../clib/angel/kernel.s                   0x00000000   Number         0  rtexit2.o ABSOLUTE
    ../clib/angel/rt.s                       0x00000000   Number         0  rt_raise.o ABSOLUTE
    ../clib/angel/scatter.s                  0x00000000   Number         0  __scatter.o ABSOLUTE
    ../clib/angel/startup.s                  0x00000000   Number         0  __main.o ABSOLUTE
    ../clib/angel/sys.s                      0x00000000   Number         0  sys_stackheap_outer.o ABSOLUTE
    ../clib/angel/sys.s                      0x00000000   Number         0  libspace.o ABSOLUTE
    ../clib/angel/sys.s                      0x00000000   Number         0  use_no_semi.o ABSOLUTE
    ../clib/angel/sys.s                      0x00000000   Number         0  indicate_semi.o ABSOLUTE
    ../clib/angel/sysapp.c                   0x00000000   Number         0  sys_exit.o ABSOLUTE
    ../clib/angel/sysapp.c                   0x00000000   Number         0  sys_exit_hlt.o ABSOLUTE
    ../clib/angel/sysapp.c                   0x00000000   Number         0  sys_command.o ABSOLUTE
    ../clib/angel/sysapp.c                   0x00000000   Number         0  sys_command_hlt.o ABSOLUTE
    ../clib/angel/sysapp.c                   0x00000000   Number         0  sys_wrch.o ABSOLUTE
    ../clib/angel/sysapp.c                   0x00000000   Number         0  sys_wrch_hlt.o ABSOLUTE
    ../clib/armsys.c                         0x00000000   Number         0  argv_veneer.o ABSOLUTE
    ../clib/armsys.c                         0x00000000   Number         0  argv_veneer.o ABSOLUTE
    ../clib/armsys.c                         0x00000000   Number         0  _get_argv_nomalloc.o ABSOLUTE
    ../clib/armsys.c                         0x00000000   Number         0  no_argv.o ABSOLUTE
    ../clib/heapalloc.c                      0x00000000   Number         0  hrguard.o ABSOLUTE
    ../clib/heapaux.c                        0x00000000   Number         0  heapauxi.o ABSOLUTE
    ../clib/libinit.s                        0x00000000   Number         0  libinit.o ABSOLUTE
    ../clib/libinit.s                        0x00000000   Number         0  libinit2.o ABSOLUTE
    ../clib/libinit.s                        0x00000000   Number         0  libshutdown.o ABSOLUTE
    ../clib/libinit.s                        0x00000000   Number         0  libshutdown2.o ABSOLUTE
    ../clib/signal.c                         0x00000000   Number         0  defsig_rtmem_outer.o ABSOLUTE
    ../clib/signal.c                         0x00000000   Number         0  defsig_rtmem_formal.o ABSOLUTE
    ../clib/signal.c                         0x00000000   Number         0  defsig_exit.o ABSOLUTE
    ../clib/signal.c                         0x00000000   Number         0  defsig_rtmem_inner.o ABSOLUTE
    ../clib/signal.c                         0x00000000   Number         0  __raise.o ABSOLUTE
    ../clib/signal.c                         0x00000000   Number         0  defsig_general.o ABSOLUTE
    ../clib/signal.c                         0x00000000   Number         0  defsig_abrt_inner.o ABSOLUTE
    ../clib/signal.c                         0x00000000   Number         0  defsig_fpe_inner.o ABSOLUTE
    ../clib/signal.c                         0x00000000   Number         0  defsig_rtred_inner.o ABSOLUTE
    ../clib/signal.c                         0x00000000   Number         0  defsig_stak_inner.o ABSOLUTE
    ../clib/signal.c                         0x00000000   Number         0  defsig_pvfn_inner.o ABSOLUTE
    ../clib/signal.c                         0x00000000   Number         0  defsig_cppl_inner.o ABSOLUTE
    ../clib/signal.c                         0x00000000   Number         0  defsig_segv_inner.o ABSOLUTE
    ../clib/signal.c                         0x00000000   Number         0  defsig_other.o ABSOLUTE
    ../clib/signal.s                         0x00000000   Number         0  defsig.o ABSOLUTE
    ../clib/stdlib.c                         0x00000000   Number         0  exit.o ABSOLUTE
    ../fplib/daddsub.s                       0x00000000   Number         0  daddsub_clz.o ABSOLUTE
    ../fplib/dcmp.s                          0x00000000   Number         0  dcmp.o ABSOLUTE
    ../fplib/dcmpi.s                         0x00000000   Number         0  dcmpi.o ABSOLUTE
    ../fplib/ddiv.s                          0x00000000   Number         0  ddiv.o ABSOLUTE
    ../fplib/deqf.s                          0x00000000   Number         0  deqf.o ABSOLUTE
    ../fplib/dfixu.s                         0x00000000   Number         0  dfixu.o ABSOLUTE
    ../fplib/dflt.s                          0x00000000   Number         0  dflt_clz.o ABSOLUTE
    ../fplib/dgeqf.s                         0x00000000   Number         0  dgeqf.o ABSOLUTE
    ../fplib/dleqf.s                         0x00000000   Number         0  dleqf.o ABSOLUTE
    ../fplib/dmul.s                          0x00000000   Number         0  dmul.o ABSOLUTE
    ../fplib/dnaninf.s                       0x00000000   Number         0  dnaninf.o ABSOLUTE
    ../fplib/dretinf.s                       0x00000000   Number         0  dretinf.o ABSOLUTE
    ../fplib/fpinit.s                        0x00000000   Number         0  fpinit.o ABSOLUTE
    ../fplib/fpinit_empty.s                  0x00000000   Number         0  fpinit_empty.o ABSOLUTE
    ../fplib/usenofp.s                       0x00000000   Number         0  usenofp.o ABSOLUTE
    HAL_DC_MOTOR.c                           0x00000000   Number         0  hal_dc_motor.o ABSOLUTE
    HAL_ENCODER.c                            0x00000000   Number         0  hal_encoder.o ABSOLUTE
    M4_Softwares.c                           0x00000000   Number         0  m4_softwares.o ABSOLUTE
    MCAL_ADC.c                               0x00000000   Number         0  mcal_adc.o ABSOLUTE
    MCAL_EXTERNAL_INTERRUPTS.c               0x00000000   Number         0  mcal_external_interrupts.o ABSOLUTE
    MCAL_GPIO.c                              0x00000000   Number         0  mcal_gpio.o ABSOLUTE
    MCAL_INTERNAL_INTERRUPTS.c               0x00000000   Number         0  mcal_internal_interrupts.o ABSOLUTE
    MCAL_RCC.c                               0x00000000   Number         0  mcal_rcc.o ABSOLUTE
    MCAL_SPI1.c                              0x00000000   Number         0  mcal_spi1.o ABSOLUTE
    MCAL_SPI2.c                              0x00000000   Number         0  mcal_spi2.o ABSOLUTE
    MCAL_TIMER1.c                            0x00000000   Number         0  mcal_timer1.o ABSOLUTE
    MCAL_TIMER2.c                            0x00000000   Number         0  mcal_timer2.o ABSOLUTE
    MCAL_TIMER3.c                            0x00000000   Number         0  mcal_timer3.o ABSOLUTE
    MCAL_TIMER4.c                            0x00000000   Number         0  mcal_timer4.o ABSOLUTE
    MCAL_TIMERS.c                            0x00000000   Number         0  mcal_timers.o ABSOLUTE
    MCAL_UART.c                              0x00000000   Number         0  mcal_uart.o ABSOLUTE
    NRF24L01.c                               0x00000000   Number         0  nrf24l01.o ABSOLUTE
    RTE/Device/STM32F103C8/startup_stm32f10x_md.s 0x00000000   Number         0  startup_stm32f10x_md.o ABSOLUTE
    dc.s                                     0x00000000   Number         0  dc.o ABSOLUTE
    main.c                                   0x00000000   Number         0  main.o ABSOLUTE
    system_stm32f10x.c                       0x00000000   Number         0  system_stm32f10x.o ABSOLUTE
    RESET                                    0x08000000   Section      236  startup_stm32f10x_md.o(RESET)
    !!!main                                  0x080000ec   Section        8  __main.o(!!!main)
    !!!scatter                               0x080000f4   Section       92  __scatter.o(!!!scatter)
    !!handler_copy                           0x08000150   Section       26  __scatter_copy.o(!!handler_copy)
    !!handler_null                           0x0800016c   Section        2  __scatter.o(!!handler_null)
    !!handler_zi                             0x08000170   Section       28  __scatter_zi.o(!!handler_zi)
    .ARM.Collect$$libinit$$00000000          0x0800018c   Section        2  libinit.o(.ARM.Collect$$libinit$$00000000)
    .ARM.Collect$$libinit$$00000002          0x0800018e   Section        0  libinit2.o(.ARM.Collect$$libinit$$00000002)
    .ARM.Collect$$libinit$$00000004          0x0800018e   Section        0  libinit2.o(.ARM.Collect$$libinit$$00000004)
    .ARM.Collect$$libinit$$00000006          0x0800018e   Section        0  libinit2.o(.ARM.Collect$$libinit$$00000006)
    .ARM.Collect$$libinit$$0000000C          0x0800018e   Section        0  libinit2.o(.ARM.Collect$$libinit$$0000000C)
    .ARM.Collect$$libinit$$0000000E          0x0800018e   Section        0  libinit2.o(.ARM.Collect$$libinit$$0000000E)
    .ARM.Collect$$libinit$$00000010          0x0800018e   Section        0  libinit2.o(.ARM.Collect$$libinit$$00000010)
    .ARM.Collect$$libinit$$00000013          0x0800018e   Section        0  libinit2.o(.ARM.Collect$$libinit$$00000013)
    .ARM.Collect$$libinit$$00000015          0x0800018e   Section        0  libinit2.o(.ARM.Collect$$libinit$$00000015)
    .ARM.Collect$$libinit$$00000017          0x0800018e   Section        0  libinit2.o(.ARM.Collect$$libinit$$00000017)
    .ARM.Collect$$libinit$$00000019          0x0800018e   Section        0  libinit2.o(.ARM.Collect$$libinit$$00000019)
    .ARM.Collect$$libinit$$0000001B          0x0800018e   Section        0  libinit2.o(.ARM.Collect$$libinit$$0000001B)
    .ARM.Collect$$libinit$$0000001D          0x0800018e   Section        0  libinit2.o(.ARM.Collect$$libinit$$0000001D)
    .ARM.Collect$$libinit$$0000001F          0x0800018e   Section        0  libinit2.o(.ARM.Collect$$libinit$$0000001F)
    .ARM.Collect$$libinit$$00000021          0x0800018e   Section        0  libinit2.o(.ARM.Collect$$libinit$$00000021)
    .ARM.Collect$$libinit$$00000023          0x0800018e   Section        0  libinit2.o(.ARM.Collect$$libinit$$00000023)
    .ARM.Collect$$libinit$$00000025          0x0800018e   Section        0  libinit2.o(.ARM.Collect$$libinit$$00000025)
    .ARM.Collect$$libinit$$00000027          0x0800018e   Section        0  libinit2.o(.ARM.Collect$$libinit$$00000027)
    .ARM.Collect$$libinit$$0000002E          0x0800018e   Section        0  libinit2.o(.ARM.Collect$$libinit$$0000002E)
    .ARM.Collect$$libinit$$00000030          0x0800018e   Section        0  libinit2.o(.ARM.Collect$$libinit$$00000030)
    .ARM.Collect$$libinit$$00000032          0x0800018e   Section        0  libinit2.o(.ARM.Collect$$libinit$$00000032)
    .ARM.Collect$$libinit$$00000034          0x0800018e   Section        0  libinit2.o(.ARM.Collect$$libinit$$00000034)
    .ARM.Collect$$libinit$$00000035          0x0800018e   Section        2  libinit2.o(.ARM.Collect$$libinit$$00000035)
    .ARM.Collect$$libshutdown$$00000000      0x08000190   Section        2  libshutdown.o(.ARM.Collect$$libshutdown$$00000000)
    .ARM.Collect$$libshutdown$$00000002      0x08000192   Section        0  libshutdown2.o(.ARM.Collect$$libshutdown$$00000002)
    .ARM.Collect$$libshutdown$$00000004      0x08000192   Section        0  libshutdown2.o(.ARM.Collect$$libshutdown$$00000004)
    .ARM.Collect$$libshutdown$$00000007      0x08000192   Section        0  libshutdown2.o(.ARM.Collect$$libshutdown$$00000007)
    .ARM.Collect$$libshutdown$$0000000A      0x08000192   Section        0  libshutdown2.o(.ARM.Collect$$libshutdown$$0000000A)
    .ARM.Collect$$libshutdown$$0000000C      0x08000192   Section        0  libshutdown2.o(.ARM.Collect$$libshutdown$$0000000C)
    .ARM.Collect$$libshutdown$$0000000F      0x08000192   Section        0  libshutdown2.o(.ARM.Collect$$libshutdown$$0000000F)
    .ARM.Collect$$libshutdown$$00000010      0x08000192   Section        2  libshutdown2.o(.ARM.Collect$$libshutdown$$00000010)
    .ARM.Collect$$rtentry$$00000000          0x08000194   Section        0  __rtentry.o(.ARM.Collect$$rtentry$$00000000)
    .ARM.Collect$$rtentry$$00000002          0x08000194   Section        0  __rtentry2.o(.ARM.Collect$$rtentry$$00000002)
    .ARM.Collect$$rtentry$$00000004          0x08000194   Section        6  __rtentry4.o(.ARM.Collect$$rtentry$$00000004)
    .ARM.Collect$$rtentry$$00000009          0x0800019a   Section        0  __rtentry2.o(.ARM.Collect$$rtentry$$00000009)
    .ARM.Collect$$rtentry$$0000000A          0x0800019a   Section        4  __rtentry2.o(.ARM.Collect$$rtentry$$0000000A)
    .ARM.Collect$$rtentry$$0000000C          0x0800019e   Section        0  __rtentry2.o(.ARM.Collect$$rtentry$$0000000C)
    .ARM.Collect$$rtentry$$0000000D          0x0800019e   Section        8  __rtentry2.o(.ARM.Collect$$rtentry$$0000000D)
    .ARM.Collect$$rtexit$$00000000           0x080001a6   Section        2  rtexit.o(.ARM.Collect$$rtexit$$00000000)
    .ARM.Collect$$rtexit$$00000002           0x080001a8   Section        0  rtexit2.o(.ARM.Collect$$rtexit$$00000002)
    .ARM.Collect$$rtexit$$00000003           0x080001a8   Section        4  rtexit2.o(.ARM.Collect$$rtexit$$00000003)
    .ARM.Collect$$rtexit$$00000004           0x080001ac   Section        6  rtexit2.o(.ARM.Collect$$rtexit$$00000004)
    .text                                    0x080001b4   Section       64  startup_stm32f10x_md.o(.text)
    .text                                    0x080001f4   Section        0  heapauxi.o(.text)
    .text                                    0x080001fa   Section       74  sys_stackheap_outer.o(.text)
    .text                                    0x08000244   Section        0  exit.o(.text)
    .text                                    0x08000258   Section        8  libspace.o(.text)
    .text                                    0x08000260   Section        0  sys_exit.o(.text)
    .text                                    0x0800026c   Section        2  use_no_semi.o(.text)
    .text                                    0x0800026e   Section        0  indicate_semi.o(.text)
    DC_move_Backward                         0x08000271   Thumb Code    62  hal_dc_motor.o(.text.DC_move_Backward)
    [Anonymous Symbol]                       0x08000270   Section        0  hal_dc_motor.o(.text.DC_move_Backward)
    DC_move_forward                          0x080002b1   Thumb Code    62  hal_dc_motor.o(.text.DC_move_forward)
    [Anonymous Symbol]                       0x080002b0   Section        0  hal_dc_motor.o(.text.DC_move_forward)
    DC_pwm_pin_init                          0x080002f1   Thumb Code   326  hal_dc_motor.o(.text.DC_pwm_pin_init)
    [Anonymous Symbol]                       0x080002f0   Section        0  hal_dc_motor.o(.text.DC_pwm_pin_init)
    DC_set_speed                             0x08000439   Thumb Code   296  hal_dc_motor.o(.text.DC_set_speed)
    [Anonymous Symbol]                       0x08000438   Section        0  hal_dc_motor.o(.text.DC_set_speed)
    [Anonymous Symbol]                       0x08000560   Section        0  hal_dc_motor.o(.text.Dc_motor_init)
    [Anonymous Symbol]                       0x080005b8   Section        0  hal_dc_motor.o(.text.Dc_motor_move)
    [Anonymous Symbol]                       0x080006c4   Section        0  hal_dc_motor.o(.text.Dc_motor_stop)
    [Anonymous Symbol]                       0x0800070c   Section        0  mcal_external_interrupts.o(.text.EXTI0_IRQHandler)
    [Anonymous Symbol]                       0x0800074c   Section        0  mcal_external_interrupts.o(.text.EXTI15_10_IRQHandler)
    [Anonymous Symbol]                       0x080008ec   Section        0  mcal_external_interrupts.o(.text.EXTI1_IRQHandler)
    [Anonymous Symbol]                       0x0800092c   Section        0  mcal_external_interrupts.o(.text.EXTI2_IRQHandler)
    [Anonymous Symbol]                       0x0800096c   Section        0  mcal_external_interrupts.o(.text.EXTI3_IRQHandler)
    [Anonymous Symbol]                       0x080009ac   Section        0  mcal_external_interrupts.o(.text.EXTI4_IRQHandler)
    [Anonymous Symbol]                       0x080009ec   Section        0  mcal_external_interrupts.o(.text.EXTI9_5_IRQHandler)
    Enable_timer1_interrupt                  0x08000b49   Thumb Code    48  mcal_timer1.o(.text.Enable_timer1_interrupt)
    [Anonymous Symbol]                       0x08000b48   Section        0  mcal_timer1.o(.text.Enable_timer1_interrupt)
    Enable_timer3_interrupt                  0x08000b79   Thumb Code    32  mcal_timer3.o(.text.Enable_timer3_interrupt)
    [Anonymous Symbol]                       0x08000b78   Section        0  mcal_timer3.o(.text.Enable_timer3_interrupt)
    SetSysClock                              0x08000b99   Thumb Code     8  system_stm32f10x.o(.text.SetSysClock)
    [Anonymous Symbol]                       0x08000b98   Section        0  system_stm32f10x.o(.text.SetSysClock)
    SetSysClockTo72                          0x08000ba1   Thumb Code   290  system_stm32f10x.o(.text.SetSysClockTo72)
    [Anonymous Symbol]                       0x08000ba0   Section        0  system_stm32f10x.o(.text.SetSysClockTo72)
    [Anonymous Symbol]                       0x08000cc4   Section        0  system_stm32f10x.o(.text.SystemInit)
    [Anonymous Symbol]                       0x08000d2c   Section        0  mcal_timer1.o(.text.TIM1_UP_IRQHandler)
    [Anonymous Symbol]                       0x08000d80   Section        0  mcal_timer2.o(.text.TIM2_IRQHandler)
    [Anonymous Symbol]                       0x08000ddc   Section        0  mcal_timer3.o(.text.TIM3_IRQHandler)
    [Anonymous Symbol]                       0x08000e30   Section        0  mcal_timer4.o(.text.TIM4_IRQHandler)
    [Anonymous Symbol]                       0x08000e90   Section        0  mcal_uart.o(.text.USART1_IRQHandler)
    [Anonymous Symbol]                       0x08000ee4   Section        0  mcal_uart.o(.text.USART2_IRQHandler)
    [Anonymous Symbol]                       0x08000f38   Section        0  mcal_uart.o(.text.USART3_IRQHandler)
    gpio_afio_clk_enable                     0x08000f8d   Thumb Code    72  mcal_gpio.o(.text.gpio_afio_clk_enable)
    [Anonymous Symbol]                       0x08000f8c   Section        0  mcal_gpio.o(.text.gpio_afio_clk_enable)
    gpio_enable_clk                          0x08000fd5   Thumb Code   124  mcal_gpio.o(.text.gpio_enable_clk)
    [Anonymous Symbol]                       0x08000fd4   Section        0  mcal_gpio.o(.text.gpio_enable_clk)
    [Anonymous Symbol]                       0x08001050   Section        0  mcal_gpio.o(.text.gpio_pin_init)
    [Anonymous Symbol]                       0x08001124   Section        0  mcal_gpio.o(.text.gpio_pin_write)
    gpio_set_pin_conf                        0x08001279   Thumb Code  1952  mcal_gpio.o(.text.gpio_set_pin_conf)
    [Anonymous Symbol]                       0x08001278   Section        0  mcal_gpio.o(.text.gpio_set_pin_conf)
    gpio_set_pin_mode                        0x08001a19   Thumb Code  1566  mcal_gpio.o(.text.gpio_set_pin_mode)
    [Anonymous Symbol]                       0x08001a18   Section        0  mcal_gpio.o(.text.gpio_set_pin_mode)
    [Anonymous Symbol]                       0x08002038   Section        0  main.o(.text.main)
    [Anonymous Symbol]                       0x080021a8   Section        0  m4_softwares.o(.text.map_to_range)
    pwm_pin_init                             0x08002251   Thumb Code   146  mcal_timer3.o(.text.pwm_pin_init)
    [Anonymous Symbol]                       0x08002250   Section        0  mcal_timer3.o(.text.pwm_pin_init)
    pwm_pin_init                             0x080022e5   Thumb Code   130  mcal_timer1.o(.text.pwm_pin_init)
    [Anonymous Symbol]                       0x080022e4   Section        0  mcal_timer1.o(.text.pwm_pin_init)
    set_timer1_mode_preload_prescale         0x08002369   Thumb Code   596  mcal_timer1.o(.text.set_timer1_mode_preload_prescale)
    [Anonymous Symbol]                       0x08002368   Section        0  mcal_timer1.o(.text.set_timer1_mode_preload_prescale)
    set_timer3_mode_preload_prescale         0x080025bd   Thumb Code   524  mcal_timer3.o(.text.set_timer3_mode_preload_prescale)
    [Anonymous Symbol]                       0x080025bc   Section        0  mcal_timer3.o(.text.set_timer3_mode_preload_prescale)
    spi1_data_frame                          0x080027c9   Thumb Code    98  mcal_spi1.o(.text.spi1_data_frame)
    [Anonymous Symbol]                       0x080027c8   Section        0  mcal_spi1.o(.text.spi1_data_frame)
    [Anonymous Symbol]                       0x0800282c   Section        0  mcal_spi1.o(.text.spi1_init)
    spi1_pins_init                           0x08002891   Thumb Code   308  mcal_spi1.o(.text.spi1_pins_init)
    [Anonymous Symbol]                       0x08002890   Section        0  mcal_spi1.o(.text.spi1_pins_init)
    spi1_polarity_phase                      0x080029c5   Thumb Code   162  mcal_spi1.o(.text.spi1_polarity_phase)
    [Anonymous Symbol]                       0x080029c4   Section        0  mcal_spi1.o(.text.spi1_polarity_phase)
    [Anonymous Symbol]                       0x08002a68   Section        0  mcal_spi1.o(.text.spi1_recieve_8)
    timer1_handle_interrupts                 0x08002ad1   Thumb Code    34  mcal_timer1.o(.text.timer1_handle_interrupts)
    [Anonymous Symbol]                       0x08002ad0   Section        0  mcal_timer1.o(.text.timer1_handle_interrupts)
    [Anonymous Symbol]                       0x08002af4   Section        0  mcal_timer1.o(.text.timer1_init)
    [Anonymous Symbol]                       0x08002b7c   Section        0  mcal_timer1.o(.text.timer1_pwm_write)
    timer3_handle_interrupts                 0x08002be9   Thumb Code    34  mcal_timer3.o(.text.timer3_handle_interrupts)
    [Anonymous Symbol]                       0x08002be8   Section        0  mcal_timer3.o(.text.timer3_handle_interrupts)
    [Anonymous Symbol]                       0x08002c0c   Section        0  mcal_timer3.o(.text.timer3_init)
    [Anonymous Symbol]                       0x08002c94   Section        0  mcal_timer3.o(.text.timer3_pwm_write)
    x$fpl$dadd                               0x08002d00   Section      336  daddsub_clz.o(x$fpl$dadd)
    _dadd1                                   0x08002d11   Thumb Code     0  daddsub_clz.o(x$fpl$dadd)
    x$fpl$ddiv                               0x08002e50   Section      692  ddiv.o(x$fpl$ddiv)
    ddiv_entry                               0x08002e57   Thumb Code     0  ddiv.o(x$fpl$ddiv)
    x$fpl$dfixu                              0x08003104   Section       90  dfixu.o(x$fpl$dfixu)
    x$fpl$dfltu                              0x0800315e   Section       38  dflt_clz.o(x$fpl$dfltu)
    x$fpl$dmul                               0x08003184   Section      340  dmul.o(x$fpl$dmul)
    x$fpl$dnaninf                            0x080032d8   Section      156  dnaninf.o(x$fpl$dnaninf)
    x$fpl$dretinf                            0x08003374   Section       12  dretinf.o(x$fpl$dretinf)
    x$fpl$dsub                               0x08003380   Section      476  daddsub_clz.o(x$fpl$dsub)
    _dsub1                                   0x08003391   Thumb Code     0  daddsub_clz.o(x$fpl$dsub)
    x$fpl$usenofp                            0x0800355c   Section        0  usenofp.o(x$fpl$usenofp)
    SPI1_MISO                                0x20000030   Data           5  mcal_spi1.o(.data.SPI1_MISO)
    [Anonymous Symbol]                       0x20000030   Section        0  mcal_spi1.o(.data.SPI1_MISO)
    SPI1_MOSI                                0x20000035   Data           5  mcal_spi1.o(.data.SPI1_MOSI)
    [Anonymous Symbol]                       0x20000035   Section        0  mcal_spi1.o(.data.SPI1_MOSI)
    SPI1_SCK                                 0x2000003f   Data           5  mcal_spi1.o(.data.SPI1_SCK)
    [Anonymous Symbol]                       0x2000003f   Section        0  mcal_spi1.o(.data.SPI1_SCK)
    prescaler_value                          0x20000044   Data           4  mcal_timer3.o(.data.prescaler_value)
    [Anonymous Symbol]                       0x20000044   Section        0  mcal_timer3.o(.data.prescaler_value)
    prescaler_value                          0x20000048   Data           4  mcal_timer1.o(.data.prescaler_value)
    [Anonymous Symbol]                       0x20000048   Section        0  mcal_timer1.o(.data.prescaler_value)
    .bss                                     0x200000b0   Section       96  libspace.o(.bss)
    TIM1_OF_InterruptHandler                 0x20000164   Data           4  mcal_timer1.o(.bss.TIM1_OF_InterruptHandler)
    [Anonymous Symbol]                       0x20000164   Section        0  mcal_timer1.o(.bss.TIM1_OF_InterruptHandler)
    TIM2_OF_InterruptHandler                 0x20000168   Data           4  mcal_timer2.o(.bss.TIM2_OF_InterruptHandler)
    [Anonymous Symbol]                       0x20000168   Section        0  mcal_timer2.o(.bss.TIM2_OF_InterruptHandler)
    TIM3_OF_InterruptHandler                 0x2000016c   Data           4  mcal_timer3.o(.bss.TIM3_OF_InterruptHandler)
    [Anonymous Symbol]                       0x2000016c   Section        0  mcal_timer3.o(.bss.TIM3_OF_InterruptHandler)
    TIM4_OF_InterruptHandler                 0x20000170   Data           4  mcal_timer4.o(.bss.TIM4_OF_InterruptHandler)
    [Anonymous Symbol]                       0x20000170   Section        0  mcal_timer4.o(.bss.TIM4_OF_InterruptHandler)
    USART1_Handler                           0x20000178   Data           4  mcal_uart.o(.bss.USART1_Handler)
    [Anonymous Symbol]                       0x20000178   Section        0  mcal_uart.o(.bss.USART1_Handler)
    USART2_Handler                           0x2000017c   Data           4  mcal_uart.o(.bss.USART2_Handler)
    [Anonymous Symbol]                       0x2000017c   Section        0  mcal_uart.o(.bss.USART2_Handler)
    USART3_Handler                           0x20000180   Data           4  mcal_uart.o(.bss.USART3_Handler)
    [Anonymous Symbol]                       0x20000180   Section        0  mcal_uart.o(.bss.USART3_Handler)
    delay                                    0x20000184   Data           4  mcal_timer2.o(.bss.delay)
    [Anonymous Symbol]                       0x20000184   Section        0  mcal_timer2.o(.bss.delay)
    delay                                    0x20000188   Data           1  mcal_timer4.o(.bss.delay)
    [Anonymous Symbol]                       0x20000188   Section        0  mcal_timer4.o(.bss.delay)
    preload_value                            0x2000018c   Data           4  mcal_timer3.o(.bss.preload_value)
    [Anonymous Symbol]                       0x2000018c   Section        0  mcal_timer3.o(.bss.preload_value)
    preload_value                            0x20000190   Data           4  mcal_timer1.o(.bss.preload_value)
    [Anonymous Symbol]                       0x20000190   Section        0  mcal_timer1.o(.bss.preload_value)
    timer1_max_count                         0x20000198   Data           4  mcal_timer1.o(.bss.timer1_max_count)
    [Anonymous Symbol]                       0x20000198   Section        0  mcal_timer1.o(.bss.timer1_max_count)
    timer1_resolution                        0x2000019c   Data           1  mcal_timer1.o(.bss.timer1_resolution)
    [Anonymous Symbol]                       0x2000019c   Section        0  mcal_timer1.o(.bss.timer1_resolution)
    timer3_max_count                         0x200001a0   Data           4  mcal_timer3.o(.bss.timer3_max_count)
    [Anonymous Symbol]                       0x200001a0   Section        0  mcal_timer3.o(.bss.timer3_max_count)
    timer3_resolution                        0x200001a4   Data           1  mcal_timer3.o(.bss.timer3_resolution)
    [Anonymous Symbol]                       0x200001a4   Section        0  mcal_timer3.o(.bss.timer3_resolution)
    Heap_Mem                                 0x200001a8   Data         512  startup_stm32f10x_md.o(HEAP)
    HEAP                                     0x200001a8   Section      512  startup_stm32f10x_md.o(HEAP)
    Stack_Mem                                0x200003a8   Data        1024  startup_stm32f10x_md.o(STACK)
    STACK                                    0x200003a8   Section     1024  startup_stm32f10x_md.o(STACK)
    __initial_sp                             0x200007a8   Data           0  startup_stm32f10x_md.o(STACK)

    Global Symbols

    Symbol Name                              Value     Ov Type        Size  Object(Section)

    BuildAttributes$$THM_ISAv4$P$D$K$B$S$PE$A:L22UL41UL21$X:L11$S22US41US21$IEEE1$IW$~IW$USESV6$~STKCKD$USESV7$~SHL$OSPACE$ROPI$EBA8$UX$STANDARDLIB$REQ8$PRES8$EABIv2 0x00000000   Number         0  anon$$obj.o ABSOLUTE
    __fp_init_empty                          0x00000000   Number         0  fpinit_empty.o ABSOLUTE
    __ARM_exceptions_init                     - Undefined Weak Reference
    __alloca_initialize                       - Undefined Weak Reference
    __arm_preinit_                            - Undefined Weak Reference
    __arm_relocate_pie_                       - Undefined Weak Reference
    __cpp_initialize__aeabi_                  - Undefined Weak Reference
    __cxa_finalize                            - Undefined Weak Reference
    __rt_locale                               - Undefined Weak Reference
    __sigvec_lookup                           - Undefined Weak Reference
    _atexit_init                              - Undefined Weak Reference
    _call_atexit_fns                          - Undefined Weak Reference
    _clock_init                               - Undefined Weak Reference
    _fp_trap_init                             - Undefined Weak Reference
    _fp_trap_shutdown                         - Undefined Weak Reference
    _get_lc_collate                           - Undefined Weak Reference
    _get_lc_ctype                             - Undefined Weak Reference
    _get_lc_monetary                          - Undefined Weak Reference
    _get_lc_numeric                           - Undefined Weak Reference
    _get_lc_time                              - Undefined Weak Reference
    _getenv_init                              - Undefined Weak Reference
    _handle_redirection                       - Undefined Weak Reference
    _init_alloc                               - Undefined Weak Reference
    _init_user_alloc                          - Undefined Weak Reference
    _initio                                   - Undefined Weak Reference
    _rand_init                                - Undefined Weak Reference
    _signal_finish                            - Undefined Weak Reference
    _signal_init                              - Undefined Weak Reference
    _terminate_alloc                          - Undefined Weak Reference
    _terminate_user_alloc                     - Undefined Weak Reference
    _terminateio                              - Undefined Weak Reference
    __Vectors_Size                           0x000000ec   Number         0  startup_stm32f10x_md.o ABSOLUTE
    __Vectors                                0x08000000   Data           4  startup_stm32f10x_md.o(RESET)
    __Vectors_End                            0x080000ec   Data           0  startup_stm32f10x_md.o(RESET)
    __main                                   0x080000ed   Thumb Code     8  __main.o(!!!main)
    __scatterload                            0x080000f5   Thumb Code     0  __scatter.o(!!!scatter)
    __scatterload_rt2                        0x080000f5   Thumb Code    84  __scatter.o(!!!scatter)
    __scatterload_rt2_thumb_only             0x080000f5   Thumb Code     0  __scatter.o(!!!scatter)
    __scatterload_loop                       0x080000ff   Thumb Code     0  __scatter.o(!!!scatter)
    __scatterload_copy                       0x08000151   Thumb Code    26  __scatter_copy.o(!!handler_copy)
    __scatterload_null                       0x0800016d   Thumb Code     2  __scatter.o(!!handler_null)
    __scatterload_zeroinit                   0x08000171   Thumb Code    28  __scatter_zi.o(!!handler_zi)
    __rt_lib_init                            0x0800018d   Thumb Code     0  libinit.o(.ARM.Collect$$libinit$$00000000)
    __rt_lib_init_alloca_1                   0x0800018f   Thumb Code     0  libinit2.o(.ARM.Collect$$libinit$$00000030)
    __rt_lib_init_argv_1                     0x0800018f   Thumb Code     0  libinit2.o(.ARM.Collect$$libinit$$0000002E)
    __rt_lib_init_atexit_1                   0x0800018f   Thumb Code     0  libinit2.o(.ARM.Collect$$libinit$$0000001D)
    __rt_lib_init_clock_1                    0x0800018f   Thumb Code     0  libinit2.o(.ARM.Collect$$libinit$$00000023)
    __rt_lib_init_cpp_1                      0x0800018f   Thumb Code     0  libinit2.o(.ARM.Collect$$libinit$$00000034)
    __rt_lib_init_exceptions_1               0x0800018f   Thumb Code     0  libinit2.o(.ARM.Collect$$libinit$$00000032)
    __rt_lib_init_fp_1                       0x0800018f   Thumb Code     0  libinit2.o(.ARM.Collect$$libinit$$00000002)
    __rt_lib_init_fp_trap_1                  0x0800018f   Thumb Code     0  libinit2.o(.ARM.Collect$$libinit$$00000021)
    __rt_lib_init_getenv_1                   0x0800018f   Thumb Code     0  libinit2.o(.ARM.Collect$$libinit$$00000025)
    __rt_lib_init_heap_1                     0x0800018f   Thumb Code     0  libinit2.o(.ARM.Collect$$libinit$$0000000C)
    __rt_lib_init_lc_collate_1               0x0800018f   Thumb Code     0  libinit2.o(.ARM.Collect$$libinit$$00000013)
    __rt_lib_init_lc_ctype_1                 0x0800018f   Thumb Code     0  libinit2.o(.ARM.Collect$$libinit$$00000015)
    __rt_lib_init_lc_monetary_1              0x0800018f   Thumb Code     0  libinit2.o(.ARM.Collect$$libinit$$00000017)
    __rt_lib_init_lc_numeric_1               0x0800018f   Thumb Code     0  libinit2.o(.ARM.Collect$$libinit$$00000019)
    __rt_lib_init_lc_time_1                  0x0800018f   Thumb Code     0  libinit2.o(.ARM.Collect$$libinit$$0000001B)
    __rt_lib_init_preinit_1                  0x0800018f   Thumb Code     0  libinit2.o(.ARM.Collect$$libinit$$00000006)
    __rt_lib_init_rand_1                     0x0800018f   Thumb Code     0  libinit2.o(.ARM.Collect$$libinit$$00000010)
    __rt_lib_init_relocate_pie_1             0x0800018f   Thumb Code     0  libinit2.o(.ARM.Collect$$libinit$$00000004)
    __rt_lib_init_return                     0x0800018f   Thumb Code     0  libinit2.o(.ARM.Collect$$libinit$$00000035)
    __rt_lib_init_signal_1                   0x0800018f   Thumb Code     0  libinit2.o(.ARM.Collect$$libinit$$0000001F)
    __rt_lib_init_stdio_1                    0x0800018f   Thumb Code     0  libinit2.o(.ARM.Collect$$libinit$$00000027)
    __rt_lib_init_user_alloc_1               0x0800018f   Thumb Code     0  libinit2.o(.ARM.Collect$$libinit$$0000000E)
    __rt_lib_shutdown                        0x08000191   Thumb Code     0  libshutdown.o(.ARM.Collect$$libshutdown$$00000000)
    __rt_lib_shutdown_cpp_1                  0x08000193   Thumb Code     0  libshutdown2.o(.ARM.Collect$$libshutdown$$00000002)
    __rt_lib_shutdown_fp_trap_1              0x08000193   Thumb Code     0  libshutdown2.o(.ARM.Collect$$libshutdown$$00000007)
    __rt_lib_shutdown_heap_1                 0x08000193   Thumb Code     0  libshutdown2.o(.ARM.Collect$$libshutdown$$0000000F)
    __rt_lib_shutdown_return                 0x08000193   Thumb Code     0  libshutdown2.o(.ARM.Collect$$libshutdown$$00000010)
    __rt_lib_shutdown_signal_1               0x08000193   Thumb Code     0  libshutdown2.o(.ARM.Collect$$libshutdown$$0000000A)
    __rt_lib_shutdown_stdio_1                0x08000193   Thumb Code     0  libshutdown2.o(.ARM.Collect$$libshutdown$$00000004)
    __rt_lib_shutdown_user_alloc_1           0x08000193   Thumb Code     0  libshutdown2.o(.ARM.Collect$$libshutdown$$0000000C)
    __rt_entry                               0x08000195   Thumb Code     0  __rtentry.o(.ARM.Collect$$rtentry$$00000000)
    __rt_entry_presh_1                       0x08000195   Thumb Code     0  __rtentry2.o(.ARM.Collect$$rtentry$$00000002)
    __rt_entry_sh                            0x08000195   Thumb Code     0  __rtentry4.o(.ARM.Collect$$rtentry$$00000004)
    __rt_entry_li                            0x0800019b   Thumb Code     0  __rtentry2.o(.ARM.Collect$$rtentry$$0000000A)
    __rt_entry_postsh_1                      0x0800019b   Thumb Code     0  __rtentry2.o(.ARM.Collect$$rtentry$$00000009)
    __rt_entry_main                          0x0800019f   Thumb Code     0  __rtentry2.o(.ARM.Collect$$rtentry$$0000000D)
    __rt_entry_postli_1                      0x0800019f   Thumb Code     0  __rtentry2.o(.ARM.Collect$$rtentry$$0000000C)
    __rt_exit                                0x080001a7   Thumb Code     0  rtexit.o(.ARM.Collect$$rtexit$$00000000)
    __rt_exit_ls                             0x080001a9   Thumb Code     0  rtexit2.o(.ARM.Collect$$rtexit$$00000003)
    __rt_exit_prels_1                        0x080001a9   Thumb Code     0  rtexit2.o(.ARM.Collect$$rtexit$$00000002)
    __rt_exit_exit                           0x080001ad   Thumb Code     0  rtexit2.o(.ARM.Collect$$rtexit$$00000004)
    Reset_Handler                            0x080001b5   Thumb Code     8  startup_stm32f10x_md.o(.text)
    NMI_Handler                              0x080001bd   Thumb Code     2  startup_stm32f10x_md.o(.text)
    HardFault_Handler                        0x080001bf   Thumb Code     2  startup_stm32f10x_md.o(.text)
    MemManage_Handler                        0x080001c1   Thumb Code     2  startup_stm32f10x_md.o(.text)
    BusFault_Handler                         0x080001c3   Thumb Code     2  startup_stm32f10x_md.o(.text)
    UsageFault_Handler                       0x080001c5   Thumb Code     2  startup_stm32f10x_md.o(.text)
    SVC_Handler                              0x080001c7   Thumb Code     2  startup_stm32f10x_md.o(.text)
    DebugMon_Handler                         0x080001c9   Thumb Code     2  startup_stm32f10x_md.o(.text)
    PendSV_Handler                           0x080001cb   Thumb Code     2  startup_stm32f10x_md.o(.text)
    SysTick_Handler                          0x080001cd   Thumb Code     2  startup_stm32f10x_md.o(.text)
    ADC1_2_IRQHandler                        0x080001cf   Thumb Code     0  startup_stm32f10x_md.o(.text)
    CAN1_RX1_IRQHandler                      0x080001cf   Thumb Code     0  startup_stm32f10x_md.o(.text)
    CAN1_SCE_IRQHandler                      0x080001cf   Thumb Code     0  startup_stm32f10x_md.o(.text)
    DMA1_Channel1_IRQHandler                 0x080001cf   Thumb Code     0  startup_stm32f10x_md.o(.text)
    DMA1_Channel2_IRQHandler                 0x080001cf   Thumb Code     0  startup_stm32f10x_md.o(.text)
    DMA1_Channel3_IRQHandler                 0x080001cf   Thumb Code     0  startup_stm32f10x_md.o(.text)
    DMA1_Channel4_IRQHandler                 0x080001cf   Thumb Code     0  startup_stm32f10x_md.o(.text)
    DMA1_Channel5_IRQHandler                 0x080001cf   Thumb Code     0  startup_stm32f10x_md.o(.text)
    DMA1_Channel6_IRQHandler                 0x080001cf   Thumb Code     0  startup_stm32f10x_md.o(.text)
    DMA1_Channel7_IRQHandler                 0x080001cf   Thumb Code     0  startup_stm32f10x_md.o(.text)
    FLASH_IRQHandler                         0x080001cf   Thumb Code     0  startup_stm32f10x_md.o(.text)
    I2C1_ER_IRQHandler                       0x080001cf   Thumb Code     0  startup_stm32f10x_md.o(.text)
    I2C1_EV_IRQHandler                       0x080001cf   Thumb Code     0  startup_stm32f10x_md.o(.text)
    I2C2_ER_IRQHandler                       0x080001cf   Thumb Code     0  startup_stm32f10x_md.o(.text)
    I2C2_EV_IRQHandler                       0x080001cf   Thumb Code     0  startup_stm32f10x_md.o(.text)
    PVD_IRQHandler                           0x080001cf   Thumb Code     0  startup_stm32f10x_md.o(.text)
    RCC_IRQHandler                           0x080001cf   Thumb Code     0  startup_stm32f10x_md.o(.text)
    RTCAlarm_IRQHandler                      0x080001cf   Thumb Code     0  startup_stm32f10x_md.o(.text)
    RTC_IRQHandler                           0x080001cf   Thumb Code     0  startup_stm32f10x_md.o(.text)
    SPI1_IRQHandler                          0x080001cf   Thumb Code     0  startup_stm32f10x_md.o(.text)
    SPI2_IRQHandler                          0x080001cf   Thumb Code     0  startup_stm32f10x_md.o(.text)
    TAMPER_IRQHandler                        0x080001cf   Thumb Code     0  startup_stm32f10x_md.o(.text)
    TIM1_BRK_IRQHandler                      0x080001cf   Thumb Code     0  startup_stm32f10x_md.o(.text)
    TIM1_CC_IRQHandler                       0x080001cf   Thumb Code     0  startup_stm32f10x_md.o(.text)
    TIM1_TRG_COM_IRQHandler                  0x080001cf   Thumb Code     0  startup_stm32f10x_md.o(.text)
    USBWakeUp_IRQHandler                     0x080001cf   Thumb Code     0  startup_stm32f10x_md.o(.text)
    USB_HP_CAN1_TX_IRQHandler                0x080001cf   Thumb Code     0  startup_stm32f10x_md.o(.text)
    USB_LP_CAN1_RX0_IRQHandler               0x080001cf   Thumb Code     0  startup_stm32f10x_md.o(.text)
    WWDG_IRQHandler                          0x080001cf   Thumb Code     0  startup_stm32f10x_md.o(.text)
    __user_initial_stackheap                 0x080001d1   Thumb Code     0  startup_stm32f10x_md.o(.text)
    __use_two_region_memory                  0x080001f5   Thumb Code     2  heapauxi.o(.text)
    __rt_heap_escrow$2region                 0x080001f7   Thumb Code     2  heapauxi.o(.text)
    __rt_heap_expand$2region                 0x080001f9   Thumb Code     2  heapauxi.o(.text)
    __user_setup_stackheap                   0x080001fb   Thumb Code    74  sys_stackheap_outer.o(.text)
    exit                                     0x08000245   Thumb Code    18  exit.o(.text)
    __user_libspace                          0x08000259   Thumb Code     8  libspace.o(.text)
    __user_perproc_libspace                  0x08000259   Thumb Code     0  libspace.o(.text)
    __user_perthread_libspace                0x08000259   Thumb Code     0  libspace.o(.text)
    _sys_exit                                0x08000261   Thumb Code     8  sys_exit.o(.text)
    __I$use$semihosting                      0x0800026d   Thumb Code     0  use_no_semi.o(.text)
    __use_no_semihosting_swi                 0x0800026d   Thumb Code     2  use_no_semi.o(.text)
    __semihosting_library_function           0x0800026f   Thumb Code     0  indicate_semi.o(.text)
    Dc_motor_init                            0x08000561   Thumb Code    88  hal_dc_motor.o(.text.Dc_motor_init)
    Dc_motor_move                            0x080005b9   Thumb Code   266  hal_dc_motor.o(.text.Dc_motor_move)
    Dc_motor_stop                            0x080006c5   Thumb Code    72  hal_dc_motor.o(.text.Dc_motor_stop)
    EXTI0_IRQHandler                         0x0800070d   Thumb Code    64  mcal_external_interrupts.o(.text.EXTI0_IRQHandler)
    EXTI15_10_IRQHandler                     0x0800074d   Thumb Code   414  mcal_external_interrupts.o(.text.EXTI15_10_IRQHandler)
    EXTI1_IRQHandler                         0x080008ed   Thumb Code    64  mcal_external_interrupts.o(.text.EXTI1_IRQHandler)
    EXTI2_IRQHandler                         0x0800092d   Thumb Code    64  mcal_external_interrupts.o(.text.EXTI2_IRQHandler)
    EXTI3_IRQHandler                         0x0800096d   Thumb Code    64  mcal_external_interrupts.o(.text.EXTI3_IRQHandler)
    EXTI4_IRQHandler                         0x080009ad   Thumb Code    64  mcal_external_interrupts.o(.text.EXTI4_IRQHandler)
    EXTI9_5_IRQHandler                       0x080009ed   Thumb Code   348  mcal_external_interrupts.o(.text.EXTI9_5_IRQHandler)
    SystemInit                               0x08000cc5   Thumb Code   102  system_stm32f10x.o(.text.SystemInit)
    TIM1_UP_IRQHandler                       0x08000d2d   Thumb Code    82  mcal_timer1.o(.text.TIM1_UP_IRQHandler)
    TIM2_IRQHandler                          0x08000d81   Thumb Code    90  mcal_timer2.o(.text.TIM2_IRQHandler)
    TIM3_IRQHandler                          0x08000ddd   Thumb Code    82  mcal_timer3.o(.text.TIM3_IRQHandler)
    TIM4_IRQHandler                          0x08000e31   Thumb Code    94  mcal_timer4.o(.text.TIM4_IRQHandler)
    USART1_IRQHandler                        0x08000e91   Thumb Code    84  mcal_uart.o(.text.USART1_IRQHandler)
    USART2_IRQHandler                        0x08000ee5   Thumb Code    84  mcal_uart.o(.text.USART2_IRQHandler)
    USART3_IRQHandler                        0x08000f39   Thumb Code    84  mcal_uart.o(.text.USART3_IRQHandler)
    gpio_pin_init                            0x08001051   Thumb Code   210  mcal_gpio.o(.text.gpio_pin_init)
    gpio_pin_write                           0x08001125   Thumb Code   338  mcal_gpio.o(.text.gpio_pin_write)
    main                                     0x08002039   Thumb Code   368  main.o(.text.main)
    map_to_range                             0x080021a9   Thumb Code   166  m4_softwares.o(.text.map_to_range)
    spi1_init                                0x0800282d   Thumb Code    98  mcal_spi1.o(.text.spi1_init)
    spi1_recieve_8                           0x08002a69   Thumb Code   102  mcal_spi1.o(.text.spi1_recieve_8)
    timer1_init                              0x08002af5   Thumb Code   134  mcal_timer1.o(.text.timer1_init)
    timer1_pwm_write                         0x08002b7d   Thumb Code   108  mcal_timer1.o(.text.timer1_pwm_write)
    timer3_init                              0x08002c0d   Thumb Code   134  mcal_timer3.o(.text.timer3_init)
    timer3_pwm_write                         0x08002c95   Thumb Code   108  mcal_timer3.o(.text.timer3_pwm_write)
    __aeabi_dadd                             0x08002d01   Thumb Code     0  daddsub_clz.o(x$fpl$dadd)
    _dadd                                    0x08002d01   Thumb Code   332  daddsub_clz.o(x$fpl$dadd)
    __aeabi_ddiv                             0x08002e51   Thumb Code     0  ddiv.o(x$fpl$ddiv)
    _ddiv                                    0x08002e51   Thumb Code   556  ddiv.o(x$fpl$ddiv)
    __aeabi_d2uiz                            0x08003105   Thumb Code     0  dfixu.o(x$fpl$dfixu)
    _dfixu                                   0x08003105   Thumb Code    90  dfixu.o(x$fpl$dfixu)
    __aeabi_ui2d                             0x0800315f   Thumb Code     0  dflt_clz.o(x$fpl$dfltu)
    _dfltu                                   0x0800315f   Thumb Code    38  dflt_clz.o(x$fpl$dfltu)
    __aeabi_dmul                             0x08003185   Thumb Code     0  dmul.o(x$fpl$dmul)
    _dmul                                    0x08003185   Thumb Code   332  dmul.o(x$fpl$dmul)
    __fpl_dnaninf                            0x080032d9   Thumb Code   156  dnaninf.o(x$fpl$dnaninf)
    __fpl_dretinf                            0x08003375   Thumb Code    12  dretinf.o(x$fpl$dretinf)
    __aeabi_dsub                             0x08003381   Thumb Code     0  daddsub_clz.o(x$fpl$dsub)
    _dsub                                    0x08003381   Thumb Code   472  daddsub_clz.o(x$fpl$dsub)
    Region$$Table$$Base                      0x0800355c   Number         0  anon$$obj.o(Region$$Table)
    __I$use$fp                               0x0800355c   Number         0  usenofp.o(x$fpl$usenofp)
    Region$$Table$$Limit                     0x0800357c   Number         0  anon$$obj.o(Region$$Table)
    BL                                       0x20000000   Data          12  main.o(.data.BL)
    BR                                       0x2000000c   Data          12  main.o(.data.BR)
    FL                                       0x20000018   Data          12  main.o(.data.FL)
    FR                                       0x20000024   Data          12  main.o(.data.FR)
    SPI1_NSS_SLAVE                           0x2000003a   Data           5  mcal_spi1.o(.data.SPI1_NSS_SLAVE)
    timer1_ch1                               0x2000004c   Data          12  mcal_timers.o(.data.timer1_ch1)
    timer1_ch2                               0x20000058   Data          12  mcal_timers.o(.data.timer1_ch2)
    timer1_ch3                               0x20000064   Data          12  mcal_timers.o(.data.timer1_ch3)
    timer1_ch4                               0x20000070   Data          12  mcal_timers.o(.data.timer1_ch4)
    timer3_ch1                               0x2000007c   Data          12  mcal_timers.o(.data.timer3_ch1)
    timer3_ch2                               0x20000088   Data          12  mcal_timers.o(.data.timer3_ch2)
    timer3_ch3                               0x20000094   Data          12  mcal_timers.o(.data.timer3_ch3)
    timer3_ch4                               0x200000a0   Data          12  mcal_timers.o(.data.timer3_ch4)
    __libspace_start                         0x200000b0   Data          96  libspace.o(.bss)
    BL_joystick                              0x20000110   Data           2  main.o(.bss.BL_joystick)
    __temporary_stack_top$libspace           0x20000110   Data           0  libspace.o(.bss)
    BR_joystick                              0x20000112   Data           2  main.o(.bss.BR_joystick)
    EXTI0_InterruptHandler                   0x20000114   Data           4  mcal_external_interrupts.o(.bss.EXTI0_InterruptHandler)
    EXTI10_InterruptHandler                  0x20000118   Data           4  mcal_external_interrupts.o(.bss.EXTI10_InterruptHandler)
    EXTI11_InterruptHandler                  0x2000011c   Data           4  mcal_external_interrupts.o(.bss.EXTI11_InterruptHandler)
    EXTI12_InterruptHandler                  0x20000120   Data           4  mcal_external_interrupts.o(.bss.EXTI12_InterruptHandler)
    EXTI13_InterruptHandler                  0x20000124   Data           4  mcal_external_interrupts.o(.bss.EXTI13_InterruptHandler)
    EXTI14_InterruptHandler                  0x20000128   Data           4  mcal_external_interrupts.o(.bss.EXTI14_InterruptHandler)
    EXTI15_InterruptHandler                  0x2000012c   Data           4  mcal_external_interrupts.o(.bss.EXTI15_InterruptHandler)
    EXTI1_InterruptHandler                   0x20000130   Data           4  mcal_external_interrupts.o(.bss.EXTI1_InterruptHandler)
    EXTI2_InterruptHandler                   0x20000134   Data           4  mcal_external_interrupts.o(.bss.EXTI2_InterruptHandler)
    EXTI3_InterruptHandler                   0x20000138   Data           4  mcal_external_interrupts.o(.bss.EXTI3_InterruptHandler)
    EXTI4_InterruptHandler                   0x2000013c   Data           4  mcal_external_interrupts.o(.bss.EXTI4_InterruptHandler)
    EXTI5_InterruptHandler                   0x20000140   Data           4  mcal_external_interrupts.o(.bss.EXTI5_InterruptHandler)
    EXTI6_InterruptHandler                   0x20000144   Data           4  mcal_external_interrupts.o(.bss.EXTI6_InterruptHandler)
    EXTI7_InterruptHandler                   0x20000148   Data           4  mcal_external_interrupts.o(.bss.EXTI7_InterruptHandler)
    EXTI8_InterruptHandler                   0x2000014c   Data           4  mcal_external_interrupts.o(.bss.EXTI8_InterruptHandler)
    EXTI9_InterruptHandler                   0x20000150   Data           4  mcal_external_interrupts.o(.bss.EXTI9_InterruptHandler)
    POT_value                                0x20000154   Data           2  main.o(.bss.POT_value)
    RC_Mode                                  0x20000156   Data           1  main.o(.bss.RC_Mode)
    Rc_Data                                  0x20000157   Data          13  main.o(.bss.Rc_Data)
    TL_joystick                              0x20000174   Data           2  main.o(.bss.TL_joystick)
    TR_joystick                              0x20000176   Data           2  main.o(.bss.TR_joystick)
    spi1                                     0x20000194   Data           4  main.o(.bss.spi1)



==============================================================================

Memory Map of the image

  Image Entry point : 0x080001b5

  Load Region LR_1 (Base: 0x08000000, Size: 0x00003628, Max: 0xffffffff, ABSOLUTE)

    Execution Region ER_RO (Exec base: 0x08000000, Load base: 0x08000000, Size: 0x0000357c, Max: 0xffffffff, ABSOLUTE)

    Exec Addr    Load Addr    Size         Type   Attr      Idx    E Section Name        Object

    0x08000000   0x08000000   0x000000ec   Data   RO          428    RESET               startup_stm32f10x_md.o
    0x080000ec   0x080000ec   0x00000008   Code   RO          456  * !!!main             c_w.l(__main.o)
    0x080000f4   0x080000f4   0x0000005c   Code   RO          658    !!!scatter          c_w.l(__scatter.o)
    0x08000150   0x08000150   0x0000001a   Code   RO          662    !!handler_copy      c_w.l(__scatter_copy.o)
    0x0800016a   0x0800016a   0x00000002   PAD
    0x0800016c   0x0800016c   0x00000002   Code   RO          659    !!handler_null      c_w.l(__scatter.o)
    0x0800016e   0x0800016e   0x00000002   PAD
    0x08000170   0x08000170   0x0000001c   Code   RO          664    !!handler_zi        c_w.l(__scatter_zi.o)
    0x0800018c   0x0800018c   0x00000002   Code   RO          520    .ARM.Collect$$libinit$$00000000  c_w.l(libinit.o)
    0x0800018e   0x0800018e   0x00000000   Code   RO          527    .ARM.Collect$$libinit$$00000002  c_w.l(libinit2.o)
    0x0800018e   0x0800018e   0x00000000   Code   RO          529    .ARM.Collect$$libinit$$00000004  c_w.l(libinit2.o)
    0x0800018e   0x0800018e   0x00000000   Code   RO          531    .ARM.Collect$$libinit$$00000006  c_w.l(libinit2.o)
    0x0800018e   0x0800018e   0x00000000   Code   RO          534    .ARM.Collect$$libinit$$0000000C  c_w.l(libinit2.o)
    0x0800018e   0x0800018e   0x00000000   Code   RO          536    .ARM.Collect$$libinit$$0000000E  c_w.l(libinit2.o)
    0x0800018e   0x0800018e   0x00000000   Code   RO          538    .ARM.Collect$$libinit$$00000010  c_w.l(libinit2.o)
    0x0800018e   0x0800018e   0x00000000   Code   RO          541    .ARM.Collect$$libinit$$00000013  c_w.l(libinit2.o)
    0x0800018e   0x0800018e   0x00000000   Code   RO          543    .ARM.Collect$$libinit$$00000015  c_w.l(libinit2.o)
    0x0800018e   0x0800018e   0x00000000   Code   RO          545    .ARM.Collect$$libinit$$00000017  c_w.l(libinit2.o)
    0x0800018e   0x0800018e   0x00000000   Code   RO          547    .ARM.Collect$$libinit$$00000019  c_w.l(libinit2.o)
    0x0800018e   0x0800018e   0x00000000   Code   RO          549    .ARM.Collect$$libinit$$0000001B  c_w.l(libinit2.o)
    0x0800018e   0x0800018e   0x00000000   Code   RO          551    .ARM.Collect$$libinit$$0000001D  c_w.l(libinit2.o)
    0x0800018e   0x0800018e   0x00000000   Code   RO          553    .ARM.Collect$$libinit$$0000001F  c_w.l(libinit2.o)
    0x0800018e   0x0800018e   0x00000000   Code   RO          555    .ARM.Collect$$libinit$$00000021  c_w.l(libinit2.o)
    0x0800018e   0x0800018e   0x00000000   Code   RO          557    .ARM.Collect$$libinit$$00000023  c_w.l(libinit2.o)
    0x0800018e   0x0800018e   0x00000000   Code   RO          559    .ARM.Collect$$libinit$$00000025  c_w.l(libinit2.o)
    0x0800018e   0x0800018e   0x00000000   Code   RO          561    .ARM.Collect$$libinit$$00000027  c_w.l(libinit2.o)
    0x0800018e   0x0800018e   0x00000000   Code   RO          565    .ARM.Collect$$libinit$$0000002E  c_w.l(libinit2.o)
    0x0800018e   0x0800018e   0x00000000   Code   RO          567    .ARM.Collect$$libinit$$00000030  c_w.l(libinit2.o)
    0x0800018e   0x0800018e   0x00000000   Code   RO          569    .ARM.Collect$$libinit$$00000032  c_w.l(libinit2.o)
    0x0800018e   0x0800018e   0x00000000   Code   RO          571    .ARM.Collect$$libinit$$00000034  c_w.l(libinit2.o)
    0x0800018e   0x0800018e   0x00000002   Code   RO          572    .ARM.Collect$$libinit$$00000035  c_w.l(libinit2.o)
    0x08000190   0x08000190   0x00000002   Code   RO          594    .ARM.Collect$$libshutdown$$00000000  c_w.l(libshutdown.o)
    0x08000192   0x08000192   0x00000000   Code   RO          609    .ARM.Collect$$libshutdown$$00000002  c_w.l(libshutdown2.o)
    0x08000192   0x08000192   0x00000000   Code   RO          611    .ARM.Collect$$libshutdown$$00000004  c_w.l(libshutdown2.o)
    0x08000192   0x08000192   0x00000000   Code   RO          614    .ARM.Collect$$libshutdown$$00000007  c_w.l(libshutdown2.o)
    0x08000192   0x08000192   0x00000000   Code   RO          617    .ARM.Collect$$libshutdown$$0000000A  c_w.l(libshutdown2.o)
    0x08000192   0x08000192   0x00000000   Code   RO          619    .ARM.Collect$$libshutdown$$0000000C  c_w.l(libshutdown2.o)
    0x08000192   0x08000192   0x00000000   Code   RO          622    .ARM.Collect$$libshutdown$$0000000F  c_w.l(libshutdown2.o)
    0x08000192   0x08000192   0x00000002   Code   RO          623    .ARM.Collect$$libshutdown$$00000010  c_w.l(libshutdown2.o)
    0x08000194   0x08000194   0x00000000   Code   RO          482    .ARM.Collect$$rtentry$$00000000  c_w.l(__rtentry.o)
    0x08000194   0x08000194   0x00000000   Code   RO          495    .ARM.Collect$$rtentry$$00000002  c_w.l(__rtentry2.o)
    0x08000194   0x08000194   0x00000006   Code   RO          507    .ARM.Collect$$rtentry$$00000004  c_w.l(__rtentry4.o)
    0x0800019a   0x0800019a   0x00000000   Code   RO          497    .ARM.Collect$$rtentry$$00000009  c_w.l(__rtentry2.o)
    0x0800019a   0x0800019a   0x00000004   Code   RO          498    .ARM.Collect$$rtentry$$0000000A  c_w.l(__rtentry2.o)
    0x0800019e   0x0800019e   0x00000000   Code   RO          500    .ARM.Collect$$rtentry$$0000000C  c_w.l(__rtentry2.o)
    0x0800019e   0x0800019e   0x00000008   Code   RO          501    .ARM.Collect$$rtentry$$0000000D  c_w.l(__rtentry2.o)
    0x080001a6   0x080001a6   0x00000002   Code   RO          524    .ARM.Collect$$rtexit$$00000000  c_w.l(rtexit.o)
    0x080001a8   0x080001a8   0x00000000   Code   RO          574    .ARM.Collect$$rtexit$$00000002  c_w.l(rtexit2.o)
    0x080001a8   0x080001a8   0x00000004   Code   RO          575    .ARM.Collect$$rtexit$$00000003  c_w.l(rtexit2.o)
    0x080001ac   0x080001ac   0x00000006   Code   RO          576    .ARM.Collect$$rtexit$$00000004  c_w.l(rtexit2.o)
    0x080001b2   0x080001b2   0x00000002   PAD
    0x080001b4   0x080001b4   0x00000040   Code   RO          429  * .text               startup_stm32f10x_md.o
    0x080001f4   0x080001f4   0x00000006   Code   RO          454    .text               c_w.l(heapauxi.o)
    0x080001fa   0x080001fa   0x0000004a   Code   RO          511    .text               c_w.l(sys_stackheap_outer.o)
    0x08000244   0x08000244   0x00000012   Code   RO          513    .text               c_w.l(exit.o)
    0x08000256   0x08000256   0x00000002   PAD
    0x08000258   0x08000258   0x00000008   Code   RO          521    .text               c_w.l(libspace.o)
    0x08000260   0x08000260   0x0000000c   Code   RO          584    .text               c_w.l(sys_exit.o)
    0x0800026c   0x0800026c   0x00000002   Code   RO          599    .text               c_w.l(use_no_semi.o)
    0x0800026e   0x0800026e   0x00000000   Code   RO          601    .text               c_w.l(indicate_semi.o)
    0x0800026e   0x0800026e   0x00000002   PAD
    0x08000270   0x08000270   0x0000003e   Code   RO          275    .text.DC_move_Backward  hal_dc_motor.o
    0x080002ae   0x080002ae   0x00000002   PAD
    0x080002b0   0x080002b0   0x0000003e   Code   RO          271    .text.DC_move_forward  hal_dc_motor.o
    0x080002ee   0x080002ee   0x00000002   PAD
    0x080002f0   0x080002f0   0x00000146   Code   RO          267    .text.DC_pwm_pin_init  hal_dc_motor.o
    0x08000436   0x08000436   0x00000002   PAD
    0x08000438   0x08000438   0x00000128   Code   RO          273    .text.DC_set_speed  hal_dc_motor.o
    0x08000560   0x08000560   0x00000058   Code   RO          265    .text.Dc_motor_init  hal_dc_motor.o
    0x080005b8   0x080005b8   0x0000010a   Code   RO          269    .text.Dc_motor_move  hal_dc_motor.o
    0x080006c2   0x080006c2   0x00000002   PAD
    0x080006c4   0x080006c4   0x00000048   Code   RO          277    .text.Dc_motor_stop  hal_dc_motor.o
    0x0800070c   0x0800070c   0x00000040   Code   RO          195    .text.EXTI0_IRQHandler  mcal_external_interrupts.o
    0x0800074c   0x0800074c   0x0000019e   Code   RO          207    .text.EXTI15_10_IRQHandler  mcal_external_interrupts.o
    0x080008ea   0x080008ea   0x00000002   PAD
    0x080008ec   0x080008ec   0x00000040   Code   RO          197    .text.EXTI1_IRQHandler  mcal_external_interrupts.o
    0x0800092c   0x0800092c   0x00000040   Code   RO          199    .text.EXTI2_IRQHandler  mcal_external_interrupts.o
    0x0800096c   0x0800096c   0x00000040   Code   RO          201    .text.EXTI3_IRQHandler  mcal_external_interrupts.o
    0x080009ac   0x080009ac   0x00000040   Code   RO          203    .text.EXTI4_IRQHandler  mcal_external_interrupts.o
    0x080009ec   0x080009ec   0x0000015c   Code   RO          205    .text.EXTI9_5_IRQHandler  mcal_external_interrupts.o
    0x08000b48   0x08000b48   0x00000030   Code   RO          146    .text.Enable_timer1_interrupt  mcal_timer1.o
    0x08000b78   0x08000b78   0x00000020   Code   RO           89    .text.Enable_timer3_interrupt  mcal_timer3.o
    0x08000b98   0x08000b98   0x00000008   Code   RO          438    .text.SetSysClock   system_stm32f10x.o
    0x08000ba0   0x08000ba0   0x00000122   Code   RO          442    .text.SetSysClockTo72  system_stm32f10x.o
    0x08000cc2   0x08000cc2   0x00000002   PAD
    0x08000cc4   0x08000cc4   0x00000066   Code   RO          436    .text.SystemInit    system_stm32f10x.o
    0x08000d2a   0x08000d2a   0x00000002   PAD
    0x08000d2c   0x08000d2c   0x00000052   Code   RO          152    .text.TIM1_UP_IRQHandler  mcal_timer1.o
    0x08000d7e   0x08000d7e   0x00000002   PAD
    0x08000d80   0x08000d80   0x0000005a   Code   RO           66    .text.TIM2_IRQHandler  mcal_timer2.o
    0x08000dda   0x08000dda   0x00000002   PAD
    0x08000ddc   0x08000ddc   0x00000052   Code   RO           95    .text.TIM3_IRQHandler  mcal_timer3.o
    0x08000e2e   0x08000e2e   0x00000002   PAD
    0x08000e30   0x08000e30   0x0000005e   Code   RO          123    .text.TIM4_IRQHandler  mcal_timer4.o
    0x08000e8e   0x08000e8e   0x00000002   PAD
    0x08000e90   0x08000e90   0x00000054   Code   RO          241    .text.USART1_IRQHandler  mcal_uart.o
    0x08000ee4   0x08000ee4   0x00000054   Code   RO          243    .text.USART2_IRQHandler  mcal_uart.o
    0x08000f38   0x08000f38   0x00000054   Code   RO          245    .text.USART3_IRQHandler  mcal_uart.o
    0x08000f8c   0x08000f8c   0x00000048   Code   RO           30    .text.gpio_afio_clk_enable  mcal_gpio.o
    0x08000fd4   0x08000fd4   0x0000007c   Code   RO           28    .text.gpio_enable_clk  mcal_gpio.o
    0x08001050   0x08001050   0x000000d2   Code   RO           26    .text.gpio_pin_init  mcal_gpio.o
    0x08001122   0x08001122   0x00000002   PAD
    0x08001124   0x08001124   0x00000152   Code   RO           36    .text.gpio_pin_write  mcal_gpio.o
    0x08001276   0x08001276   0x00000002   PAD
    0x08001278   0x08001278   0x000007a0   Code   RO           34    .text.gpio_set_pin_conf  mcal_gpio.o
    0x08001a18   0x08001a18   0x0000061e   Code   RO           32    .text.gpio_set_pin_mode  mcal_gpio.o
    0x08002036   0x08002036   0x00000002   PAD
    0x08002038   0x08002038   0x00000170   Code   RO            2    .text.main          main.o
    0x080021a8   0x080021a8   0x000000a6   Code   RO          299    .text.map_to_range  m4_softwares.o
    0x0800224e   0x0800224e   0x00000002   PAD
    0x08002250   0x08002250   0x00000092   Code   RO           83    .text.pwm_pin_init  mcal_timer3.o
    0x080022e2   0x080022e2   0x00000002   PAD
    0x080022e4   0x080022e4   0x00000082   Code   RO          140    .text.pwm_pin_init  mcal_timer1.o
    0x08002366   0x08002366   0x00000002   PAD
    0x08002368   0x08002368   0x00000254   Code   RO          142    .text.set_timer1_mode_preload_prescale  mcal_timer1.o
    0x080025bc   0x080025bc   0x0000020c   Code   RO           85    .text.set_timer3_mode_preload_prescale  mcal_timer3.o
    0x080027c8   0x080027c8   0x00000062   Code   RO          313    .text.spi1_data_frame  mcal_spi1.o
    0x0800282a   0x0800282a   0x00000002   PAD
    0x0800282c   0x0800282c   0x00000062   Code   RO          307    .text.spi1_init     mcal_spi1.o
    0x0800288e   0x0800288e   0x00000002   PAD
    0x08002890   0x08002890   0x00000134   Code   RO          309    .text.spi1_pins_init  mcal_spi1.o
    0x080029c4   0x080029c4   0x000000a2   Code   RO          311    .text.spi1_polarity_phase  mcal_spi1.o
    0x08002a66   0x08002a66   0x00000002   PAD
    0x08002a68   0x08002a68   0x00000066   Code   RO          319    .text.spi1_recieve_8  mcal_spi1.o
    0x08002ace   0x08002ace   0x00000002   PAD
    0x08002ad0   0x08002ad0   0x00000022   Code   RO          144    .text.timer1_handle_interrupts  mcal_timer1.o
    0x08002af2   0x08002af2   0x00000002   PAD
    0x08002af4   0x08002af4   0x00000086   Code   RO          138    .text.timer1_init   mcal_timer1.o
    0x08002b7a   0x08002b7a   0x00000002   PAD
    0x08002b7c   0x08002b7c   0x0000006c   Code   RO          150    .text.timer1_pwm_write  mcal_timer1.o
    0x08002be8   0x08002be8   0x00000022   Code   RO           87    .text.timer3_handle_interrupts  mcal_timer3.o
    0x08002c0a   0x08002c0a   0x00000002   PAD
    0x08002c0c   0x08002c0c   0x00000086   Code   RO           81    .text.timer3_init   mcal_timer3.o
    0x08002c92   0x08002c92   0x00000002   PAD
    0x08002c94   0x08002c94   0x0000006c   Code   RO           93    .text.timer3_pwm_write  mcal_timer3.o
    0x08002d00   0x08002d00   0x00000150   Code   RO          458    x$fpl$dadd          fz_ws.l(daddsub_clz.o)
    0x08002e50   0x08002e50   0x000002b4   Code   RO          467    x$fpl$ddiv          fz_ws.l(ddiv.o)
    0x08003104   0x08003104   0x0000005a   Code   RO          470    x$fpl$dfixu         fz_ws.l(dfixu.o)
    0x0800315e   0x0800315e   0x00000026   Code   RO          474    x$fpl$dfltu         fz_ws.l(dflt_clz.o)
    0x08003184   0x08003184   0x00000154   Code   RO          480    x$fpl$dmul          fz_ws.l(dmul.o)
    0x080032d8   0x080032d8   0x0000009c   Code   RO          489    x$fpl$dnaninf       fz_ws.l(dnaninf.o)
    0x08003374   0x08003374   0x0000000c   Code   RO          491    x$fpl$dretinf       fz_ws.l(dretinf.o)
    0x08003380   0x08003380   0x000001dc   Code   RO          460    x$fpl$dsub          fz_ws.l(daddsub_clz.o)
    0x0800355c   0x0800355c   0x00000000   Code   RO          493    x$fpl$usenofp       fz_ws.l(usenofp.o)
    0x0800355c   0x0800355c   0x00000020   Data   RO          657    Region$$Table       anon$$obj.o


    Execution Region ER_RW (Exec base: 0x20000000, Load base: 0x0800357c, Size: 0x000000ac, Max: 0xffffffff, ABSOLUTE)

    Exec Addr    Load Addr    Size         Type   Attr      Idx    E Section Name        Object

    0x20000000   0x0800357c   0x0000000c   Data   RW            8    .data.BL            main.o
    0x2000000c   0x08003588   0x0000000c   Data   RW            7    .data.BR            main.o
    0x20000018   0x08003594   0x0000000c   Data   RW            6    .data.FL            main.o
    0x20000024   0x080035a0   0x0000000c   Data   RW            5    .data.FR            main.o
    0x20000030   0x080035ac   0x00000005   Data   RW          326    .data.SPI1_MISO     mcal_spi1.o
    0x20000035   0x080035b1   0x00000005   Data   RW          325    .data.SPI1_MOSI     mcal_spi1.o
    0x2000003a   0x080035b6   0x00000005   Data   RW          323    .data.SPI1_NSS_SLAVE  mcal_spi1.o
    0x2000003f   0x080035bb   0x00000005   Data   RW          324    .data.SPI1_SCK      mcal_spi1.o
    0x20000044   0x080035c0   0x00000004   Data   RW          100    .data.prescaler_value  mcal_timer3.o
    0x20000048   0x080035c4   0x00000004   Data   RW          157    .data.prescaler_value  mcal_timer1.o
    0x2000004c   0x080035c8   0x0000000c   Data   RW          166    .data.timer1_ch1    mcal_timers.o
    0x20000058   0x080035d4   0x0000000c   Data   RW          167    .data.timer1_ch2    mcal_timers.o
    0x20000064   0x080035e0   0x0000000c   Data   RW          168    .data.timer1_ch3    mcal_timers.o
    0x20000070   0x080035ec   0x0000000c   Data   RW          169    .data.timer1_ch4    mcal_timers.o
    0x2000007c   0x080035f8   0x0000000c   Data   RW          170    .data.timer3_ch1    mcal_timers.o
    0x20000088   0x08003604   0x0000000c   Data   RW          171    .data.timer3_ch2    mcal_timers.o
    0x20000094   0x08003610   0x0000000c   Data   RW          172    .data.timer3_ch3    mcal_timers.o
    0x200000a0   0x0800361c   0x0000000c   Data   RW          173    .data.timer3_ch4    mcal_timers.o


    Execution Region ER_ZI (Exec base: 0x200000b0, Load base: 0x08003628, Size: 0x000006f8, Max: 0xffffffff, ABSOLUTE)

    Exec Addr    Load Addr    Size         Type   Attr      Idx    E Section Name        Object

    0x200000b0        -       0x00000060   Zero   RW          522    .bss                c_w.l(libspace.o)
    0x20000110        -       0x00000002   Zero   RW           14    .bss.BL_joystick    main.o
    0x20000112        -       0x00000002   Zero   RW           13    .bss.BR_joystick    main.o
    0x20000114        -       0x00000004   Zero   RW          209    .bss.EXTI0_InterruptHandler  mcal_external_interrupts.o
    0x20000118        -       0x00000004   Zero   RW          219    .bss.EXTI10_InterruptHandler  mcal_external_interrupts.o
    0x2000011c        -       0x00000004   Zero   RW          220    .bss.EXTI11_InterruptHandler  mcal_external_interrupts.o
    0x20000120        -       0x00000004   Zero   RW          221    .bss.EXTI12_InterruptHandler  mcal_external_interrupts.o
    0x20000124        -       0x00000004   Zero   RW          222    .bss.EXTI13_InterruptHandler  mcal_external_interrupts.o
    0x20000128        -       0x00000004   Zero   RW          223    .bss.EXTI14_InterruptHandler  mcal_external_interrupts.o
    0x2000012c        -       0x00000004   Zero   RW          224    .bss.EXTI15_InterruptHandler  mcal_external_interrupts.o
    0x20000130        -       0x00000004   Zero   RW          210    .bss.EXTI1_InterruptHandler  mcal_external_interrupts.o
    0x20000134        -       0x00000004   Zero   RW          211    .bss.EXTI2_InterruptHandler  mcal_external_interrupts.o
    0x20000138        -       0x00000004   Zero   RW          212    .bss.EXTI3_InterruptHandler  mcal_external_interrupts.o
    0x2000013c        -       0x00000004   Zero   RW          213    .bss.EXTI4_InterruptHandler  mcal_external_interrupts.o
    0x20000140        -       0x00000004   Zero   RW          214    .bss.EXTI5_InterruptHandler  mcal_external_interrupts.o
    0x20000144        -       0x00000004   Zero   RW          215    .bss.EXTI6_InterruptHandler  mcal_external_interrupts.o
    0x20000148        -       0x00000004   Zero   RW          216    .bss.EXTI7_InterruptHandler  mcal_external_interrupts.o
    0x2000014c        -       0x00000004   Zero   RW          217    .bss.EXTI8_InterruptHandler  mcal_external_interrupts.o
    0x20000150        -       0x00000004   Zero   RW          218    .bss.EXTI9_InterruptHandler  mcal_external_interrupts.o
    0x20000154        -       0x00000002   Zero   RW           15    .bss.POT_value      main.o
    0x20000156        -       0x00000001   Zero   RW           10    .bss.RC_Mode        main.o
    0x20000157        -       0x0000000d   Zero   RW            9    .bss.Rc_Data        main.o
    0x20000164        -       0x00000004   Zero   RW          154    .bss.TIM1_OF_InterruptHandler  mcal_timer1.o
    0x20000168        -       0x00000004   Zero   RW           73    .bss.TIM2_OF_InterruptHandler  mcal_timer2.o
    0x2000016c        -       0x00000004   Zero   RW           97    .bss.TIM3_OF_InterruptHandler  mcal_timer3.o
    0x20000170        -       0x00000004   Zero   RW          130    .bss.TIM4_OF_InterruptHandler  mcal_timer4.o
    0x20000174        -       0x00000002   Zero   RW           11    .bss.TL_joystick    main.o
    0x20000176        -       0x00000002   Zero   RW           12    .bss.TR_joystick    main.o
    0x20000178        -       0x00000004   Zero   RW          255    .bss.USART1_Handler  mcal_uart.o
    0x2000017c        -       0x00000004   Zero   RW          256    .bss.USART2_Handler  mcal_uart.o
    0x20000180        -       0x00000004   Zero   RW          257    .bss.USART3_Handler  mcal_uart.o
    0x20000184        -       0x00000004   Zero   RW           72    .bss.delay          mcal_timer2.o
    0x20000188        -       0x00000001   Zero   RW          129    .bss.delay          mcal_timer4.o
    0x20000189   0x08003628   0x00000003   PAD
    0x2000018c        -       0x00000004   Zero   RW          101    .bss.preload_value  mcal_timer3.o
    0x20000190        -       0x00000004   Zero   RW          158    .bss.preload_value  mcal_timer1.o
    0x20000194        -       0x00000004   Zero   RW            4    .bss.spi1           main.o
    0x20000198        -       0x00000004   Zero   RW          156    .bss.timer1_max_count  mcal_timer1.o
    0x2000019c        -       0x00000001   Zero   RW          155    .bss.timer1_resolution  mcal_timer1.o
    0x2000019d   0x08003628   0x00000003   PAD
    0x200001a0        -       0x00000004   Zero   RW           99    .bss.timer3_max_count  mcal_timer3.o
    0x200001a4        -       0x00000001   Zero   RW           98    .bss.timer3_resolution  mcal_timer3.o
    0x200001a5   0x08003628   0x00000003   PAD
    0x200001a8        -       0x00000200   Zero   RW          427    HEAP                startup_stm32f10x_md.o
    0x200003a8        -       0x00000400   Zero   RW          426    STACK               startup_stm32f10x_md.o


==============================================================================

Image component sizes


      Code (inc. data)   RO Data    RW Data    ZI Data      Debug   Object Name

      1172         16          0          0          0       3981   hal_dc_motor.o
       166          0          0          0          0        710   m4_softwares.o
       368          0          0         48         28       2988   main.o
      1082          0          0          0         64       6470   mcal_external_interrupts.o
      4262         24          0          0          0       5326   mcal_gpio.o
       768          0          0         20          0       5059   mcal_spi1.o
      1132         12          0          4         13       4099   mcal_timer1.o
        90          0          0          0          8       2810   mcal_timer2.o
      1060         12          0          4         13       4095   mcal_timer3.o
        94          0          0          0          5       2823   mcal_timer4.o
         0          0          0         96          0       1470   mcal_timers.o
       252          0          0          0         12       4215   mcal_uart.o
        64         26        236          0       1536        884   startup_stm32f10x_md.o
       400          0          0          0          0       3011   system_stm32f10x.o

    ----------------------------------------------------------------------
     10960         90        268        172       1688      47941   Object Totals
         0          0         32          0          0          0   (incl. Generated)
        50          0          0          0          9          0   (incl. Padding)

    ----------------------------------------------------------------------

      Code (inc. data)   RO Data    RW Data    ZI Data      Debug   Library Member Name

         8          0          0          0          0         68   __main.o
         0          0          0          0          0          0   __rtentry.o
        12          0          0          0          0          0   __rtentry2.o
         6          0          0          0          0          0   __rtentry4.o
        94          8          0          0          0          0   __scatter.o
        26          0          0          0          0          0   __scatter_copy.o
        28          0          0          0          0          0   __scatter_zi.o
        18          0          0          0          0         80   exit.o
         6          0          0          0          0        152   heapauxi.o
         0          0          0          0          0          0   indicate_semi.o
         2          0          0          0          0          0   libinit.o
         2          0          0          0          0          0   libinit2.o
         2          0          0          0          0          0   libshutdown.o
         2          0          0          0          0          0   libshutdown2.o
         8          4          0          0         96         68   libspace.o
         2          0          0          0          0          0   rtexit.o
        10          0          0          0          0          0   rtexit2.o
        12          4          0          0          0         68   sys_exit.o
        74          0          0          0          0         80   sys_stackheap_outer.o
         2          0          0          0          0         68   use_no_semi.o
       812         16          0          0          0        296   daddsub_clz.o
       692        140          0          0          0        216   ddiv.o
        90          4          0          0          0         92   dfixu.o
        38          0          0          0          0         68   dflt_clz.o
       340         12          0          0          0        104   dmul.o
       156          4          0          0          0         92   dnaninf.o
        12          0          0          0          0         68   dretinf.o
         0          0          0          0          0          0   usenofp.o

    ----------------------------------------------------------------------
      2464        192          0          0         96       1520   Library Totals
        10          0          0          0          0          0   (incl. Padding)

    ----------------------------------------------------------------------

      Code (inc. data)   RO Data    RW Data    ZI Data      Debug   Library Name

       314         16          0          0         96        584   c_w.l
      2140        176          0          0          0        936   fz_ws.l

    ----------------------------------------------------------------------
      2464        192          0          0         96       1520   Library Totals

    ----------------------------------------------------------------------

==============================================================================


      Code (inc. data)   RO Data    RW Data    ZI Data      Debug   

     13424        282        268        172       1784      48785   Grand Totals
     13424        282        268        172       1784      48785   ELF Image Totals
     13424        282        268        172          0          0   ROM Totals

==============================================================================

    Total RO  Size (Code + RO Data)                13692 (  13.37kB)
    Total RW  Size (RW Data + ZI Data)              1956 (   1.91kB)
    Total ROM Size (Code + RO Data + RW Data)      13864 (  13.54kB)

==============================================================================

