Component: Arm Compiler for Embedded 6.21 Tool: armlink [5ec1fa00]

==============================================================================

Section Cross References

    main.o(.text.main) refers to main.o(.data.spi1) for spi1
    main.o(.text.main) refers to mcal_spi1.o(.text.spi1_init) for spi1_init
    main.o(.text.main) refers to main.o(.bss.spi2) for spi2
    main.o(.text.main) refers to mcal_spi2.o(.text.spi2_init) for spi2_init
    main.o(.text.main) refers to mcal_timers.o(.data.tim1) for tim1
    main.o(.text.main) refers to mcal_timer1.o(.text.timer1_init) for timer1_init
    main.o(.text.main) refers to main.o(.data.FLB) for FLB
    main.o(.text.main) refers to hal_servo.o(.text.servo_init) for servo_init
    main.o(.text.main) refers to main.o(.data.FRB) for FRB
    main.o(.text.main) refers to main.o(.data.BRB) for BRB
    main.o(.text.main) refers to main.o(.data.BLB) for BLB
    main.o(.text.main) refers to main.o(.data.FRA) for FRA
    main.o(.text.main) refers to main.o(.data.FLA) for FLA
    main.o(.text.main) refers to main.o(.data.BLA) for BLA
    main.o(.text.main) refers to main.o(.data.BRA) for BRA
    main.o(.text.main) refers to main.o(.data.ledc13) for ledc13
    main.o(.text.main) refers to mcal_gpio.o(.text.gpio_pin_init) for gpio_pin_init
    main.o(.text.main) refers to main.o(.data.ledc14) for ledc14
    main.o(.text.main) refers to main.o(.data.ledc15) for ledc15
    main.o(.text.main) refers to main.o(.bss.tim1_counter) for tim1_counter
    main.o(.text.main) refers to main.o(.text.tim1_isr) for tim1_isr
    main.o(.text.main) refers to main.o(.bss.Rc_Data) for Rc_Data
    main.o(.text.main) refers to mcal_spi2.o(.text.spi2_recieve_8) for spi2_recieve_8
    main.o(.text.main) refers to mcal_gpio.o(.text.gpio_pin_write) for gpio_pin_write
    main.o(.text.main) refers to main.o(.bss.RC_Mode) for RC_Mode
    main.o(.text.main) refers to main.o(.bss.TL_joystick) for TL_joystick
    main.o(.text.main) refers to main.o(.bss.TR_joystick) for TR_joystick
    main.o(.text.main) refers to main.o(.bss.BR_joystick) for BR_joystick
    main.o(.text.main) refers to main.o(.bss.BL_joystick) for BL_joystick
    main.o(.text.main) refers to main.o(.bss.POT_value) for POT_value
    main.o(.text.main) refers to mcal_spi1.o(.text.spi1_transmit_8) for spi1_transmit_8
    main.o(.ARM.exidx.text.main) refers to main.o(.text.main) for [Anonymous Symbol]
    main.o(.text.tim1_isr) refers to main.o(.bss.MOBILE_TO_DRONE) for MOBILE_TO_DRONE
    main.o(.text.tim1_isr) refers to main.o(.bss.DRONE_TO_MOBILE) for DRONE_TO_MOBILE
    main.o(.text.tim1_isr) refers to main.o(.bss.ARMS_FROM_0_TO_90) for ARMS_FROM_0_TO_90
    main.o(.text.tim1_isr) refers to main.o(.data.FLA) for FLA
    main.o(.text.tim1_isr) refers to f2d.o(x$fpl$f2d) for __aeabi_f2d
    main.o(.text.tim1_isr) refers to dmul.o(x$fpl$dmul) for __aeabi_dmul
    main.o(.text.tim1_isr) refers to dcmp.o(x$fpl$fcmp) for __aeabi_dcmpge
    main.o(.text.tim1_isr) refers to daddsub_clz.o(x$fpl$dadd) for __aeabi_dadd
    main.o(.text.tim1_isr) refers to dfix.o(x$fpl$dfix) for __aeabi_d2iz
    main.o(.text.tim1_isr) refers to dflt_clz.o(x$fpl$dfltu) for __aeabi_ui2d
    main.o(.text.tim1_isr) refers to hal_servo.o(.text.servo_go) for servo_go
    main.o(.text.tim1_isr) refers to main.o(.data.FRA) for FRA
    main.o(.text.tim1_isr) refers to m4_softwares.o(.text.map_to_range) for map_to_range
    main.o(.text.tim1_isr) refers to main.o(.data.BRA) for BRA
    main.o(.text.tim1_isr) refers to main.o(.data.BLA) for BLA
    main.o(.text.tim1_isr) refers to main.o(.bss.ARMS_FROM_90_TO_0) for ARMS_FROM_90_TO_0
    main.o(.text.tim1_isr) refers to main.o(.bss.BOX_FROM_0_TO_90) for BOX_FROM_0_TO_90
    main.o(.text.tim1_isr) refers to main.o(.data.FRB) for FRB
    main.o(.text.tim1_isr) refers to main.o(.data.FLB) for FLB
    main.o(.text.tim1_isr) refers to main.o(.data.BLB) for BLB
    main.o(.text.tim1_isr) refers to main.o(.data.BRB) for BRB
    main.o(.ARM.exidx.text.tim1_isr) refers to main.o(.text.tim1_isr) for [Anonymous Symbol]
    mcal_gpio.o(.text.gpio_pin_init) refers to mcal_gpio.o(.text.gpio_enable_clk) for gpio_enable_clk
    mcal_gpio.o(.text.gpio_pin_init) refers to mcal_gpio.o(.text.gpio_afio_clk_enable) for gpio_afio_clk_enable
    mcal_gpio.o(.text.gpio_pin_init) refers to mcal_gpio.o(.text.gpio_set_pin_mode) for gpio_set_pin_mode
    mcal_gpio.o(.text.gpio_pin_init) refers to mcal_gpio.o(.text.gpio_set_pin_conf) for gpio_set_pin_conf
    mcal_gpio.o(.ARM.exidx.text.gpio_pin_init) refers to mcal_gpio.o(.text.gpio_pin_init) for [Anonymous Symbol]
    mcal_gpio.o(.ARM.exidx.text.gpio_enable_clk) refers to mcal_gpio.o(.text.gpio_enable_clk) for [Anonymous Symbol]
    mcal_gpio.o(.ARM.exidx.text.gpio_afio_clk_enable) refers to mcal_gpio.o(.text.gpio_afio_clk_enable) for [Anonymous Symbol]
    mcal_gpio.o(.ARM.exidx.text.gpio_set_pin_mode) refers to mcal_gpio.o(.text.gpio_set_pin_mode) for [Anonymous Symbol]
[...]
    Removing mcal_adc.o(.ARM.exidx.text.get_adc_instance), (8 bytes).
    Removing mcal_adc.o(.text.adc_start_conversion), (92 bytes).
    Removing mcal_adc.o(.ARM.exidx.text.adc_start_conversion), (8 bytes).
    Removing mcal_adc.o(.text.adc_read_value), (102 bytes).
    Removing mcal_adc.o(.ARM.exidx.text.adc_read_value), (8 bytes).
    Removing mcal_adc.o(.text.adc_irq_handler), (62 bytes).
    Removing mcal_adc.o(.ARM.exidx.text.adc_irq_handler), (8 bytes).
    Removing system_stm32f10x.o(.text), (0 bytes).
    Removing system_stm32f10x.o(.ARM.exidx.text.SystemInit), (8 bytes).
    Removing system_stm32f10x.o(.ARM.exidx.text.SetSysClock), (8 bytes).
    Removing system_stm32f10x.o(.text.SystemCoreClockUpdate), (290 bytes).
    Removing system_stm32f10x.o(.ARM.exidx.text.SystemCoreClockUpdate), (8 bytes).
    Removing system_stm32f10x.o(.ARM.exidx.text.SetSysClockTo72), (8 bytes).
    Removing system_stm32f10x.o(.data.SystemCoreClock), (4 bytes).
    Removing system_stm32f10x.o(.rodata.AHBPrescTable), (16 bytes).

251 unused section(s) (total 12120 bytes) removed from the image.

==============================================================================

Image Symbol Table

    Local Symbols

    Symbol Name                              Value     Ov Type        Size  Object(Section)

    ../clib/angel/boardlib.s                 0x00000000   Number         0  boardinit1.o ABSOLUTE
    ../clib/angel/boardlib.s                 0x00000000   Number         0  boardinit2.o ABSOLUTE
    ../clib/angel/boardlib.s                 0x00000000   Number         0  boardinit3.o ABSOLUTE
    ../clib/angel/boardlib.s                 0x00000000   Number         0  boardshut.o ABSOLUTE
    ../clib/angel/dczerorl2.s                0x00000000   Number         0  __dczerorl2.o ABSOLUTE
    ../clib/angel/handlers.s                 0x00000000   Number         0  __scatter_zi.o ABSOLUTE
    ../clib/angel/kernel.s                   0x00000000   Number         0  __rtentry.o ABSOLUTE
    ../clib/angel/kernel.s                   0x00000000   Number         0  __rtentry2.o ABSOLUTE
    ../clib/angel/kernel.s                   0x00000000   Number         0  __rtentry4.o ABSOLUTE
    ../clib/angel/kernel.s                   0x00000000   Number         0  rtexit.o ABSOLUTE
    ../clib/angel/kernel.s                   0x00000000   Number         0  rtexit2.o ABSOLUTE
    ../clib/angel/rt.s                       0x00000000   Number         0  rt_raise.o ABSOLUTE
    ../clib/angel/scatter.s                  0x00000000   Number         0  __scatter.o ABSOLUTE
    ../clib/angel/startup.s                  0x00000000   Number         0  __main.o ABSOLUTE
    ../clib/angel/sys.s                      0x00000000   Number         0  sys_stackheap_outer.o ABSOLUTE
    ../clib/angel/sys.s                      0x00000000   Number         0  libspace.o ABSOLUTE
    ../clib/angel/sys.s                      0x00000000   Number         0  use_no_semi.o ABSOLUTE
    ../clib/angel/sys.s                      0x00000000   Number         0  indicate_semi.o ABSOLUTE
    ../clib/angel/sysapp.c                   0x00000000   Number         0  sys_exit.o ABSOLUTE
    ../clib/angel/sysapp.c                   0x00000000   Number         0  sys_exit_hlt.o ABSOLUTE
    ../clib/angel/sysapp.c                   0x00000000   Number         0  sys_command.o ABSOLUTE
    ../clib/angel/sysapp.c                   0x00000000   Number         0  sys_command_hlt.o ABSOLUTE
    ../clib/angel/sysapp.c                   0x00000000   Number         0  sys_wrch.o ABSOLUTE
    ../clib/angel/sysapp.c                   0x00000000   Number         0  sys_wrch_hlt.o ABSOLUTE
    ../clib/armsys.c                         0x00000000   Number         0  argv_veneer.o ABSOLUTE
    ../clib/armsys.c                         0x00000000   Number         0  argv_veneer.o ABSOLUTE
    ../clib/armsys.c                         0x00000000   Number         0  _get_argv_nomalloc.o ABSOLUTE
    ../clib/armsys.c                         0x00000000   Number         0  no_argv.o ABSOLUTE
    ../clib/heapalloc.c                      0x00000000   Number         0  hrguard.o ABSOLUTE
    ../clib/heapaux.c                        0x00000000   Number         0  heapauxi.o ABSOLUTE
    ../clib/libinit.s                        0x00000000   Number         0  libinit.o ABSOLUTE
    ../clib/libinit.s                        0x00000000   Number         0  libinit2.o ABSOLUTE
    ../clib/libinit.s                        0x00000000   Number         0  libshutdown.o ABSOLUTE
    ../clib/libinit.s                        0x00000000   Number         0  libshutdown2.o ABSOLUTE
    ../clib/signal.c                         0x00000000   Number         0  defsig_rtmem_outer.o ABSOLUTE
    ../clib/signal.c                         0x00000000   Number         0  defsig_rtmem_formal.o ABSOLUTE
    ../clib/signal.c                         0x00000000   Number         0  defsig_exit.o ABSOLUTE
    ../clib/signal.c                         0x00000000   Number         0  defsig_rtmem_inner.o ABSOLUTE
    ../clib/signal.c                         0x00000000   Number         0  __raise.o ABSOLUTE
    ../clib/signal.c                         0x00000000   Number         0  defsig_general.o ABSOLUTE
    ../clib/signal.c                         0x00000000   Number         0  defsig_abrt_inner.o ABSOLUTE
    ../clib/signal.c                         0x00000000   Number         0  defsig_fpe_inner.o ABSOLUTE
    ../clib/signal.c                         0x00000000   Number         0  defsig_rtred_inner.o ABSOLUTE
    ../clib/signal.c                         0x00000000   Number         0  defsig_stak_inner.o ABSOLUTE
    ../clib/signal.c                         0x00000000   Number         0  defsig_pvfn_inner.o ABSOLUTE
    ../clib/signal.c                         0x00000000   Number         0  defsig_cppl_inner.o ABSOLUTE
    ../clib/signal.c                         0x00000000   Number         0  defsig_segv_inner.o ABSOLUTE
    ../clib/signal.c                         0x00000000   Number         0  defsig_other.o ABSOLUTE
    ../clib/signal.s                         0x00000000   Number         0  defsig.o ABSOLUTE
    ../clib/stdlib.c                         0x00000000   Number         0  exit.o ABSOLUTE
    ../fplib/daddsub.s                       0x00000000   Number         0  daddsub_clz.o ABSOLUTE
    ../fplib/dcmp.s                          0x00000000   Number         0  dcmp.o ABSOLUTE
    ../fplib/dcmpi.s                         0x00000000   Number         0  dcmpi.o ABSOLUTE
    ../fplib/ddiv.s                          0x00000000   Number         0  ddiv.o ABSOLUTE
    ../fplib/deqf.s                          0x00000000   Number         0  deqf.o ABSOLUTE
    ../fplib/dfix.s                          0x00000000   Number         0  dfix.o ABSOLUTE
    ../fplib/dfixu.s                         0x00000000   Number         0  dfixu.o ABSOLUTE
    ../fplib/dflt.s                          0x00000000   Number         0  dflt_clz.o ABSOLUTE
    ../fplib/dgeqf.s                         0x00000000   Number         0  dgeqf.o ABSOLUTE
    ../fplib/dleqf.s                         0x00000000   Number         0  dleqf.o ABSOLUTE
    ../fplib/dmul.s                          0x00000000   Number         0  dmul.o ABSOLUTE
    ../fplib/dnaninf.s                       0x00000000   Number         0  dnaninf.o ABSOLUTE
    ../fplib/dretinf.s                       0x00000000   Number         0  dretinf.o ABSOLUTE
    ../fplib/f2d.s                           0x00000000   Number         0  f2d.o ABSOLUTE
    ../fplib/fnaninf.s                       0x00000000   Number         0  fnaninf.o ABSOLUTE
    ../fplib/fpinit.s                        0x00000000   Number         0  fpinit.o ABSOLUTE
    ../fplib/fpinit_empty.s                  0x00000000   Number         0  fpinit_empty.o ABSOLUTE
    ../fplib/usenofp.s                       0x00000000   Number         0  usenofp.o ABSOLUTE
    HAL_DC_MOTOR.c                           0x00000000   Number         0  hal_dc_motor.o ABSOLUTE
    HAL_ENCODER.c                            0x00000000   Number         0  hal_encoder.o ABSOLUTE
    HAL_SERVO.c                              0x00000000   Number         0  hal_servo.o ABSOLUTE
    M4_Softwares.c                           0x00000000   Number         0  m4_softwares.o ABSOLUTE
    MCAL_ADC.c                               0x00000000   Number         0  mcal_adc.o ABSOLUTE
    MCAL_EXTERNAL_INTERRUPTS.c               0x00000000   Number         0  mcal_external_interrupts.o ABSOLUTE
    MCAL_GPIO.c                              0x00000000   Number         0  mcal_gpio.o ABSOLUTE
    MCAL_INTERNAL_INTERRUPTS.c               0x00000000   Number         0  mcal_internal_interrupts.o ABSOLUTE
    MCAL_RCC.c                               0x00000000   Number         0  mcal_rcc.o ABSOLUTE
    MCAL_SPI1.c                              0x00000000   Number         0  mcal_spi1.o ABSOLUTE
    MCAL_SPI2.c                              0x00000000   Number         0  mcal_spi2.o ABSOLUTE
    MCAL_TIMER1.c                            0x00000000   Number         0  mcal_timer1.o ABSOLUTE
    MCAL_TIMER2.c                            0x00000000   Number         0  mcal_timer2.o ABSOLUTE
    MCAL_TIMER3.c                            0x00000000   Number         0  mcal_timer3.o ABSOLUTE
    MCAL_TIMER4.c                            0x00000000   Number         0  mcal_timer4.o ABSOLUTE
    MCAL_TIMERS.c                            0x00000000   Number         0  mcal_timers.o ABSOLUTE
    MCAL_UART.c                              0x00000000   Number         0  mcal_uart.o ABSOLUTE
    NRF24L01.c                               0x00000000   Number         0  nrf24l01.o ABSOLUTE
    RTE/Device/STM32F103C8/startup_stm32f10x_md.s 0x00000000   Number         0  startup_stm32f10x_md.o ABSOLUTE
    dc.s                                     0x00000000   Number         0  dc.o ABSOLUTE
    main.c                                   0x00000000   Number         0  main.o ABSOLUTE
    system_stm32f10x.c                       0x00000000   Number         0  system_stm32f10x.o ABSOLUTE
    RESET                                    0x08000000   Section      236  startup_stm32f10x_md.o(RESET)
    !!!main                                  0x080000ec   Section        8  __main.o(!!!main)
    !!!scatter                               0x080000f4   Section       92  __scatter.o(!!!scatter)
    !!dczerorl2                              0x08000150   Section       90  __dczerorl2.o(!!dczerorl2)
    !!handler_null                           0x080001ac   Section        2  __scatter.o(!!handler_null)
    !!handler_zi                             0x080001b0   Section       28  __scatter_zi.o(!!handler_zi)
    .ARM.Collect$$libinit$$00000000          0x080001cc   Section        2  libinit.o(.ARM.Collect$$libinit$$00000000)
    .ARM.Collect$$libinit$$00000002          0x080001ce   Section        0  libinit2.o(.ARM.Collect$$libinit$$00000002)
    .ARM.Collect$$libinit$$00000004          0x080001ce   Section        0  libinit2.o(.ARM.Collect$$libinit$$00000004)
    .ARM.Collect$$libinit$$00000006          0x080001ce   Section        0  libinit2.o(.ARM.Collect$$libinit$$00000006)
    .ARM.Collect$$libinit$$0000000C          0x080001ce   Section        0  libinit2.o(.ARM.Collect$$libinit$$0000000C)
    .ARM.Collect$$libinit$$0000000E          0x080001ce   Section        0  libinit2.o(.ARM.Collect$$libinit$$0000000E)
    .ARM.Collect$$libinit$$00000010          0x080001ce   Section        0  libinit2.o(.ARM.Collect$$libinit$$00000010)
    .ARM.Collect$$libinit$$00000013          0x080001ce   Section        0  libinit2.o(.ARM.Collect$$libinit$$00000013)
    .ARM.Collect$$libinit$$00000015          0x080001ce   Section        0  libinit2.o(.ARM.Collect$$libinit$$00000015)
    .ARM.Collect$$libinit$$00000017          0x080001ce   Section        0  libinit2.o(.ARM.Collect$$libinit$$00000017)
    .ARM.Collect$$libinit$$00000019          0x080001ce   Section        0  libinit2.o(.ARM.Collect$$libinit$$00000019)
    .ARM.Collect$$libinit$$0000001B          0x080001ce   Section        0  libinit2.o(.ARM.Collect$$libinit$$0000001B)
    .ARM.Collect$$libinit$$0000001D          0x080001ce   Section        0  libinit2.o(.ARM.Collect$$libinit$$0000001D)
    .ARM.Collect$$libinit$$0000001F          0x080001ce   Section        0  libinit2.o(.ARM.Collect$$libinit$$0000001F)
    .ARM.Collect$$libinit$$00000021          0x080001ce   Section        0  libinit2.o(.ARM.Collect$$libinit$$00000021)
    .ARM.Collect$$libinit$$00000023          0x080001ce   Section        0  libinit2.o(.ARM.Collect$$libinit$$00000023)
    .ARM.Collect$$libinit$$00000025          0x080001ce   Section        0  libinit2.o(.ARM.Collect$$libinit$$00000025)
    .ARM.Collect$$libinit$$00000027          0x080001ce   Section        0  libinit2.o(.ARM.Collect$$libinit$$00000027)
    .ARM.Collect$$libinit$$0000002E          0x080001ce   Section        0  libinit2.o(.ARM.Collect$$libinit$$0000002E)
    .ARM.Collect$$libinit$$00000030          0x080001ce   Section        0  libinit2.o(.ARM.Collect$$libinit$$00000030)
    .ARM.Collect$$libinit$$00000032          0x080001ce   Section        0  libinit2.o(.ARM.Collect$$libinit$$00000032)
    .ARM.Collect$$libinit$$00000034          0x080001ce   Section        0  libinit2.o(.ARM.Collect$$libinit$$00000034)
    .ARM.Collect$$libinit$$00000035          0x080001ce   Section        2  libinit2.o(.ARM.Collect$$libinit$$00000035)
    .ARM.Collect$$libshutdown$$00000000      0x080001d0   Section        2  libshutdown.o(.ARM.Collect$$libshutdown$$00000000)
    .ARM.Collect$$libshutdown$$00000002      0x080001d2   Section        0  libshutdown2.o(.ARM.Collect$$libshutdown$$00000002)
    .ARM.Collect$$libshutdown$$00000004      0x080001d2   Section        0  libshutdown2.o(.ARM.Collect$$libshutdown$$00000004)
    .ARM.Collect$$libshutdown$$00000007      0x080001d2   Section        0  libshutdown2.o(.ARM.Collect$$libshutdown$$00000007)
    .ARM.Collect$$libshutdown$$0000000A      0x080001d2   Section        0  libshutdown2.o(.ARM.Collect$$libshutdown$$0000000A)
    .ARM.Collect$$libshutdown$$0000000C      0x080001d2   Section        0  libshutdown2.o(.ARM.Collect$$libshutdown$$0000000C)
    .ARM.Collect$$libshutdown$$0000000F      0x080001d2   Section        0  libshutdown2.o(.ARM.Collect$$libshutdown$$0000000F)
    .ARM.Collect$$libshutdown$$00000010      0x080001d2   Section        2  libshutdown2.o(.ARM.Collect$$libshutdown$$00000010)
    .ARM.Collect$$rtentry$$00000000          0x080001d4   Section        0  __rtentry.o(.ARM.Collect$$rtentry$$00000000)
    .ARM.Collect$$rtentry$$00000002          0x080001d4   Section        0  __rtentry2.o(.ARM.Collect$$rtentry$$00000002)
    .ARM.Collect$$rtentry$$00000004          0x080001d4   Section        6  __rtentry4.o(.ARM.Collect$$rtentry$$00000004)
    .ARM.Collect$$rtentry$$00000009          0x080001da   Section        0  __rtentry2.o(.ARM.Collect$$rtentry$$00000009)
    .ARM.Collect$$rtentry$$0000000A          0x080001da   Section        4  __rtentry2.o(.ARM.Collect$$rtentry$$0000000A)
    .ARM.Collect$$rtentry$$0000000C          0x080001de   Section        0  __rtentry2.o(.ARM.Collect$$rtentry$$0000000C)
    .ARM.Collect$$rtentry$$0000000D          0x080001de   Section        8  __rtentry2.o(.ARM.Collect$$rtentry$$0000000D)
    .ARM.Collect$$rtexit$$00000000           0x080001e6   Section        2  rtexit.o(.ARM.Collect$$rtexit$$00000000)
    .ARM.Collect$$rtexit$$00000002           0x080001e8   Section        0  rtexit2.o(.ARM.Collect$$rtexit$$00000002)
    .ARM.Collect$$rtexit$$00000003           0x080001e8   Section        4  rtexit2.o(.ARM.Collect$$rtexit$$00000003)
    .ARM.Collect$$rtexit$$00000004           0x080001ec   Section        6  rtexit2.o(.ARM.Collect$$rtexit$$00000004)
    .text                                    0x080001f4   Section       64  startup_stm32f10x_md.o(.text)
    .text                                    0x08000234   Section        0  heapauxi.o(.text)
    .text                                    0x0800023a   Section       74  sys_stackheap_outer.o(.text)
    .text                                    0x08000284   Section        0  exit.o(.text)
    .text                                    0x08000298   Section        8  libspace.o(.text)
    .text                                    0x080002a0   Section        0  sys_exit.o(.text)
    .text                                    0x080002ac   Section        2  use_no_semi.o(.text)
    .text                                    0x080002ae   Section        0  indicate_semi.o(.text)
    [Anonymous Symbol]                       0x080002b0   Section        0  mcal_external_interrupts.o(.text.EXTI0_IRQHandler)
    [Anonymous Symbol]                       0x080002f0   Section        0  mcal_external_interrupts.o(.text.EXTI15_10_IRQHandler)
    [Anonymous Symbol]                       0x08000490   Section        0  mcal_external_interrupts.o(.text.EXTI1_IRQHandler)
    [Anonymous Symbol]                       0x080004d0   Section        0  mcal_external_interrupts.o(.text.EXTI2_IRQHandler)
    [Anonymous Symbol]                       0x08000510   Section        0  mcal_external_interrupts.o(.text.EXTI3_IRQHandler)
    [Anonymous Symbol]                       0x08000550   Section        0  mcal_external_interrupts.o(.text.EXTI4_IRQHandler)
    [Anonymous Symbol]                       0x08000590   Section        0  mcal_external_interrupts.o(.text.EXTI9_5_IRQHandler)
    Enable_timer1_interrupt                  0x080006ed   Thumb Code    48  mcal_timer1.o(.text.Enable_timer1_interrupt)
    [Anonymous Symbol]                       0x080006ec   Section        0  mcal_timer1.o(.text.Enable_timer1_interrupt)
    Enable_timer2_interrupt                  0x0800071d   Thumb Code    46  mcal_timer2.o(.text.Enable_timer2_interrupt)
    [Anonymous Symbol]                       0x0800071c   Section        0  mcal_timer2.o(.text.Enable_timer2_interrupt)
    Enable_timer4_interrupt                  0x0800074d   Thumb Code    48  mcal_timer4.o(.text.Enable_timer4_interrupt)
    [Anonymous Symbol]                       0x0800074c   Section        0  mcal_timer4.o(.text.Enable_timer4_interrupt)
    SetSysClock                              0x0800077d   Thumb Code     8  system_stm32f10x.o(.text.SetSysClock)
    [Anonymous Symbol]                       0x0800077c   Section        0  system_stm32f10x.o(.text.SetSysClock)
    SetSysClockTo72                          0x08000785   Thumb Code   290  system_stm32f10x.o(.text.SetSysClockTo72)
    [Anonymous Symbol]                       0x08000784   Section        0  system_stm32f10x.o(.text.SetSysClockTo72)
    [Anonymous Symbol]                       0x080008a8   Section        0  system_stm32f10x.o(.text.SystemInit)
    [Anonymous Symbol]                       0x08000910   Section        0  mcal_timer1.o(.text.TIM1_UP_IRQHandler)
    [Anonymous Symbol]                       0x08000970   Section        0  mcal_timer2.o(.text.TIM2_IRQHandler)
    [Anonymous Symbol]                       0x080009c0   Section        0  mcal_timer3.o(.text.TIM3_IRQHandler)
    [Anonymous Symbol]                       0x08000a20   Section        0  mcal_timer4.o(.text.TIM4_IRQHandler)
    [Anonymous Symbol]                       0x08000a74   Section        0  mcal_uart.o(.text.USART1_IRQHandler)
    [Anonymous Symbol]                       0x08000ac8   Section        0  mcal_uart.o(.text.USART2_IRQHandler)
    [Anonymous Symbol]                       0x08000b1c   Section        0  mcal_uart.o(.text.USART3_IRQHandler)
    gpio_afio_clk_enable                     0x08000b71   Thumb Code    72  mcal_gpio.o(.text.gpio_afio_clk_enable)
    [Anonymous Symbol]                       0x08000b70   Section        0  mcal_gpio.o(.text.gpio_afio_clk_enable)
    gpio_enable_clk                          0x08000bb9   Thumb Code   124  mcal_gpio.o(.text.gpio_enable_clk)
    [Anonymous Symbol]                       0x08000bb8   Section        0  mcal_gpio.o(.text.gpio_enable_clk)
    [Anonymous Symbol]                       0x08000c34   Section        0  mcal_gpio.o(.text.gpio_pin_init)
    [Anonymous Symbol]                       0x08000d08   Section        0  mcal_gpio.o(.text.gpio_pin_write)
    gpio_set_pin_conf                        0x08000e5d   Thumb Code  1952  mcal_gpio.o(.text.gpio_set_pin_conf)
    [Anonymous Symbol]                       0x08000e5c   Section        0  mcal_gpio.o(.text.gpio_set_pin_conf)
    gpio_set_pin_mode                        0x080015fd   Thumb Code  1566  mcal_gpio.o(.text.gpio_set_pin_mode)
    [Anonymous Symbol]                       0x080015fc   Section        0  mcal_gpio.o(.text.gpio_set_pin_mode)
    [Anonymous Symbol]                       0x08001c1c   Section        0  main.o(.text.main)
    [Anonymous Symbol]                       0x08001dbc   Section        0  m4_softwares.o(.text.map_to_range)
    pwm_pin_init                             0x08001e65   Thumb Code   130  mcal_timer2.o(.text.pwm_pin_init)
    [Anonymous Symbol]                       0x08001e64   Section        0  mcal_timer2.o(.text.pwm_pin_init)
    pwm_pin_init                             0x08001ee9   Thumb Code   130  mcal_timer4.o(.text.pwm_pin_init)
    [Anonymous Symbol]                       0x08001ee8   Section        0  mcal_timer4.o(.text.pwm_pin_init)
    servo_adjust_duty_cycle                  0x08001f6d   Thumb Code    98  hal_servo.o(.text.servo_adjust_duty_cycle)
    [Anonymous Symbol]                       0x08001f6c   Section        0  hal_servo.o(.text.servo_adjust_duty_cycle)
    servo_adjust_polarity                    0x08001fd1   Thumb Code    92  hal_servo.o(.text.servo_adjust_polarity)
    [Anonymous Symbol]                       0x08001fd0   Section        0  hal_servo.o(.text.servo_adjust_polarity)
    [Anonymous Symbol]                       0x0800202c   Section        0  hal_servo.o(.text.servo_go)
    [Anonymous Symbol]                       0x08002158   Section        0  hal_servo.o(.text.servo_init)
    set_timer1_mode_preload_prescale         0x08002369   Thumb Code   194  mcal_timer1.o(.text.set_timer1_mode_preload_prescale)
    [Anonymous Symbol]                       0x08002368   Section        0  mcal_timer1.o(.text.set_timer1_mode_preload_prescale)
    set_timer2_mode_preload_prescale         0x0800242d   Thumb Code   492  mcal_timer2.o(.text.set_timer2_mode_preload_prescale)
    [Anonymous Symbol]                       0x0800242c   Section        0  mcal_timer2.o(.text.set_timer2_mode_preload_prescale)
    set_timer4_mode_preload_prescale         0x08002619   Thumb Code   524  mcal_timer4.o(.text.set_timer4_mode_preload_prescale)
    [Anonymous Symbol]                       0x08002618   Section        0  mcal_timer4.o(.text.set_timer4_mode_preload_prescale)
    spi1_baudrate                            0x08002825   Thumb Code   132  mcal_spi1.o(.text.spi1_baudrate)
    [Anonymous Symbol]                       0x08002824   Section        0  mcal_spi1.o(.text.spi1_baudrate)
    spi1_data_frame                          0x080028a9   Thumb Code    98  mcal_spi1.o(.text.spi1_data_frame)
    [Anonymous Symbol]                       0x080028a8   Section        0  mcal_spi1.o(.text.spi1_data_frame)
    [Anonymous Symbol]                       0x0800290c   Section        0  mcal_spi1.o(.text.spi1_init)
    spi1_pins_init                           0x08002979   Thumb Code   320  mcal_spi1.o(.text.spi1_pins_init)
    [Anonymous Symbol]                       0x08002978   Section        0  mcal_spi1.o(.text.spi1_pins_init)
    spi1_polarity_phase                      0x08002ab9   Thumb Code   162  mcal_spi1.o(.text.spi1_polarity_phase)
    [Anonymous Symbol]                       0x08002ab8   Section        0  mcal_spi1.o(.text.spi1_polarity_phase)
    [Anonymous Symbol]                       0x08002b5c   Section        0  mcal_spi1.o(.text.spi1_transmit_8)
    spi2_data_frame                          0x08002c09   Thumb Code    98  mcal_spi2.o(.text.spi2_data_frame)
    [Anonymous Symbol]                       0x08002c08   Section        0  mcal_spi2.o(.text.spi2_data_frame)
    [Anonymous Symbol]                       0x08002c6c   Section        0  mcal_spi2.o(.text.spi2_init)
    spi2_pins_init                           0x08002cd1   Thumb Code   308  mcal_spi2.o(.text.spi2_pins_init)
    [Anonymous Symbol]                       0x08002cd0   Section        0  mcal_spi2.o(.text.spi2_pins_init)
    spi2_polarity_phase                      0x08002e05   Thumb Code   162  mcal_spi2.o(.text.spi2_polarity_phase)
    [Anonymous Symbol]                       0x08002e04   Section        0  mcal_spi2.o(.text.spi2_polarity_phase)
    [Anonymous Symbol]                       0x08002ea8   Section        0  mcal_spi2.o(.text.spi2_recieve_8)
    [Anonymous Symbol]                       0x08002f10   Section        0  main.o(.text.tim1_isr)
    timer1_handle_interrupts                 0x080038e5   Thumb Code    48  mcal_timer1.o(.text.timer1_handle_interrupts)
    [Anonymous Symbol]                       0x080038e4   Section        0  mcal_timer1.o(.text.timer1_handle_interrupts)
    [Anonymous Symbol]                       0x08003914   Section        0  mcal_timer1.o(.text.timer1_init)
    timer2_handle_interrupts                 0x08003991   Thumb Code    34  mcal_timer2.o(.text.timer2_handle_interrupts)
    [Anonymous Symbol]                       0x08003990   Section        0  mcal_timer2.o(.text.timer2_handle_interrupts)
    [Anonymous Symbol]                       0x080039b4   Section        0  mcal_timer2.o(.text.timer2_init)
    [Anonymous Symbol]                       0x08003a34   Section        0  mcal_timer2.o(.text.timer2_pwm_write)
    timer4_handle_interrupts                 0x08003a99   Thumb Code    34  mcal_timer4.o(.text.timer4_handle_interrupts)
    [Anonymous Symbol]                       0x08003a98   Section        0  mcal_timer4.o(.text.timer4_handle_interrupts)
    [Anonymous Symbol]                       0x08003abc   Section        0  mcal_timer4.o(.text.timer4_init)
    [Anonymous Symbol]                       0x08003b44   Section        0  mcal_timer4.o(.text.timer4_pwm_write)
    x$fpl$dadd                               0x08003bb0   Section      336  daddsub_clz.o(x$fpl$dadd)
    _dadd1                                   0x08003bc1   Thumb Code     0  daddsub_clz.o(x$fpl$dadd)
    x$fpl$dcmpinf                            0x08003d00   Section       24  dcmpi.o(x$fpl$dcmpinf)
    x$fpl$ddiv                               0x08003d18   Section      692  ddiv.o(x$fpl$ddiv)
    ddiv_entry                               0x08003d1f   Thumb Code     0  ddiv.o(x$fpl$ddiv)
    x$fpl$deqf                               0x08003fcc   Section      120  deqf.o(x$fpl$deqf)
    x$fpl$dfix                               0x08004044   Section       94  dfix.o(x$fpl$dfix)
    x$fpl$dfltu                              0x080040a2   Section       38  dflt_clz.o(x$fpl$dfltu)
    x$fpl$dgeqf                              0x080040c8   Section      120  dgeqf.o(x$fpl$dgeqf)
    x$fpl$dleqf                              0x08004140   Section      120  dleqf.o(x$fpl$dleqf)
    x$fpl$dmul                               0x080041b8   Section      340  dmul.o(x$fpl$dmul)
    x$fpl$dnaninf                            0x0800430c   Section      156  dnaninf.o(x$fpl$dnaninf)
    x$fpl$dretinf                            0x080043a8   Section       12  dretinf.o(x$fpl$dretinf)
    x$fpl$dsub                               0x080043b4   Section      476  daddsub_clz.o(x$fpl$dsub)
    _dsub1                                   0x080043c5   Thumb Code     0  daddsub_clz.o(x$fpl$dsub)
    x$fpl$f2d                                0x08004590   Section       86  f2d.o(x$fpl$f2d)
    x$fpl$fcmp                               0x080045e6   Section       84  dcmp.o(x$fpl$fcmp)
    x$fpl$fnaninf                            0x0800463a   Section      140  fnaninf.o(x$fpl$fnaninf)
    x$fpl$usenofp                            0x080046c6   Section        0  usenofp.o(x$fpl$usenofp)
    SPI1_MISO                                0x20000100   Data           5  mcal_spi1.o(.data.SPI1_MISO)
    [Anonymous Symbol]                       0x20000100   Section        0  mcal_spi1.o(.data.SPI1_MISO)
    SPI1_MOSI                                0x20000105   Data           5  mcal_spi1.o(.data.SPI1_MOSI)
    [Anonymous Symbol]                       0x20000105   Section        0  mcal_spi1.o(.data.SPI1_MOSI)
    SPI1_SCK                                 0x2000010a   Data           5  mcal_spi1.o(.data.SPI1_SCK)
    [Anonymous Symbol]                       0x2000010a   Section        0  mcal_spi1.o(.data.SPI1_SCK)
    SPI2_MISO                                0x2000010f   Data           5  mcal_spi2.o(.data.SPI2_MISO)
    [Anonymous Symbol]                       0x2000010f   Section        0  mcal_spi2.o(.data.SPI2_MISO)
    SPI2_MOSI                                0x20000114   Data           5  mcal_spi2.o(.data.SPI2_MOSI)
    [Anonymous Symbol]                       0x20000114   Section        0  mcal_spi2.o(.data.SPI2_MOSI)
    SPI2_SCK                                 0x2000011e   Data           5  mcal_spi2.o(.data.SPI2_SCK)
    [Anonymous Symbol]                       0x2000011e   Section        0  mcal_spi2.o(.data.SPI2_SCK)
    prescaler_value                          0x20000134   Data           4  mcal_timer2.o(.data.prescaler_value)
    [Anonymous Symbol]                       0x20000134   Section        0  mcal_timer2.o(.data.prescaler_value)
    prescaler_value                          0x20000138   Data           4  mcal_timer4.o(.data.prescaler_value)
    [Anonymous Symbol]                       0x20000138   Section        0  mcal_timer4.o(.data.prescaler_value)
    prescaler_value                          0x2000013c   Data           4  mcal_timer1.o(.data.prescaler_value)
    [Anonymous Symbol]                       0x2000013c   Section        0  mcal_timer1.o(.data.prescaler_value)
    .bss                                     0x200001b8   Section       96  libspace.o(.bss)
    TIM1_OF_InterruptHandler                 0x20000278   Data           4  mcal_timer1.o(.bss.TIM1_OF_InterruptHandler)
    [Anonymous Symbol]                       0x20000278   Section        0  mcal_timer1.o(.bss.TIM1_OF_InterruptHandler)
    TIM2_OF_InterruptHandler                 0x2000027c   Data           4  mcal_timer2.o(.bss.TIM2_OF_InterruptHandler)
    [Anonymous Symbol]                       0x2000027c   Section        0  mcal_timer2.o(.bss.TIM2_OF_InterruptHandler)
    TIM3_OF_InterruptHandler                 0x20000280   Data           4  mcal_timer3.o(.bss.TIM3_OF_InterruptHandler)
    [Anonymous Symbol]                       0x20000280   Section        0  mcal_timer3.o(.bss.TIM3_OF_InterruptHandler)
    TIM4_OF_InterruptHandler                 0x20000284   Data           4  mcal_timer4.o(.bss.TIM4_OF_InterruptHandler)
    [Anonymous Symbol]                       0x20000284   Section        0  mcal_timer4.o(.bss.TIM4_OF_InterruptHandler)
    USART1_Handler                           0x2000028c   Data           4  mcal_uart.o(.bss.USART1_Handler)
    [Anonymous Symbol]                       0x2000028c   Section        0  mcal_uart.o(.bss.USART1_Handler)
    USART2_Handler                           0x20000290   Data           4  mcal_uart.o(.bss.USART2_Handler)
    [Anonymous Symbol]                       0x20000290   Section        0  mcal_uart.o(.bss.USART2_Handler)
    USART3_Handler                           0x20000294   Data           4  mcal_uart.o(.bss.USART3_Handler)
    [Anonymous Symbol]                       0x20000294   Section        0  mcal_uart.o(.bss.USART3_Handler)
    delay                                    0x20000298   Data           1  mcal_timer3.o(.bss.delay)
    [Anonymous Symbol]                       0x20000298   Section        0  mcal_timer3.o(.bss.delay)
    delay                                    0x2000029c   Data           4  mcal_timer1.o(.bss.delay)
    [Anonymous Symbol]                       0x2000029c   Section        0  mcal_timer1.o(.bss.delay)
    preload_value                            0x200002a0   Data           4  mcal_timer2.o(.bss.preload_value)
    [Anonymous Symbol]                       0x200002a0   Section        0  mcal_timer2.o(.bss.preload_value)
    preload_value                            0x200002a4   Data           4  mcal_timer4.o(.bss.preload_value)
    [Anonymous Symbol]                       0x200002a4   Section        0  mcal_timer4.o(.bss.preload_value)
    preload_value                            0x200002a8   Data           4  mcal_timer1.o(.bss.preload_value)
    [Anonymous Symbol]                       0x200002a8   Section        0  mcal_timer1.o(.bss.preload_value)
    timer1_max_count                         0x200002b4   Data           4  mcal_timer1.o(.bss.timer1_max_count)
    [Anonymous Symbol]                       0x200002b4   Section        0  mcal_timer1.o(.bss.timer1_max_count)
    timer1_resolution                        0x200002b8   Data           1  mcal_timer1.o(.bss.timer1_resolution)
    [Anonymous Symbol]                       0x200002b8   Section        0  mcal_timer1.o(.bss.timer1_resolution)
    timer2_max_count                         0x200002bc   Data           4  mcal_timer2.o(.bss.timer2_max_count)
    [Anonymous Symbol]                       0x200002bc   Section        0  mcal_timer2.o(.bss.timer2_max_count)
    timer2_resolution                        0x200002c0   Data           1  mcal_timer2.o(.bss.timer2_resolution)
    [Anonymous Symbol]                       0x200002c0   Section        0  mcal_timer2.o(.bss.timer2_resolution)
    timer4_max_count                         0x200002c4   Data           4  mcal_timer4.o(.bss.timer4_max_count)
    [Anonymous Symbol]                       0x200002c4   Section        0  mcal_timer4.o(.bss.timer4_max_count)
    timer4_resolution                        0x200002c8   Data           1  mcal_timer4.o(.bss.timer4_resolution)
    [Anonymous Symbol]                       0x200002c8   Section        0  mcal_timer4.o(.bss.timer4_resolution)
    Heap_Mem                                 0x200002d0   Data         512  startup_stm32f10x_md.o(HEAP)
    HEAP                                     0x200002d0   Section      512  startup_stm32f10x_md.o(HEAP)
    Stack_Mem                                0x200004d0   Data        1024  startup_stm32f10x_md.o(STACK)
    STACK                                    0x200004d0   Section     1024  startup_stm32f10x_md.o(STACK)
    __initial_sp                             0x200008d0   Data           0  startup_stm32f10x_md.o(STACK)

    Global Symbols

    Symbol Name                              Value     Ov Type        Size  Object(Section)

    BuildAttributes$$THM_ISAv4$P$D$K$B$S$PE$A:L22UL41UL21$X:L11$S22US41US21$IEEE1$IW$~IW$USESV6$~STKCKD$USESV7$~SHL$OSPACE$ROPI$EBA8$UX$STANDARDLIB$REQ8$PRES8$EABIv2 0x00000000   Number         0  anon$$obj.o ABSOLUTE
    __fp_init_empty                          0x00000000   Number         0  fpinit_empty.o ABSOLUTE
    __ARM_exceptions_init                     - Undefined Weak Reference
    __alloca_initialize                       - Undefined Weak Reference
    __arm_preinit_                            - Undefined Weak Reference
    __arm_relocate_pie_                       - Undefined Weak Reference
    __cpp_initialize__aeabi_                  - Undefined Weak Reference
    __cxa_finalize                            - Undefined Weak Reference
    __rt_locale                               - Undefined Weak Reference
    __sigvec_lookup                           - Undefined Weak Reference
    _atexit_init                              - Undefined Weak Reference
    _call_atexit_fns                          - Undefined Weak Reference
    _clock_init                               - Undefined Weak Reference
    _fp_trap_init                             - Undefined Weak Reference
    _fp_trap_shutdown                         - Undefined Weak Reference
    _get_lc_collate                           - Undefined Weak Reference
    _get_lc_ctype                             - Undefined Weak Reference
    _get_lc_monetary                          - Undefined Weak Reference
    _get_lc_numeric                           - Undefined Weak Reference
    _get_lc_time                              - Undefined Weak Reference
    _getenv_init                              - Undefined Weak Reference
    _handle_redirection                       - Undefined Weak Reference
    _init_alloc                               - Undefined Weak Reference
    _init_user_alloc                          - Undefined Weak Reference
    _initio                                   - Undefined Weak Reference
    _rand_init                                - Undefined Weak Reference
    _signal_finish                            - Undefined Weak Reference
    _signal_init                              - Undefined Weak Reference
    _terminate_alloc                          - Undefined Weak Reference
    _terminate_user_alloc                     - Undefined Weak Reference
    _terminateio                              - Undefined Weak Reference
    __Vectors_Size                           0x000000ec   Number         0  startup_stm32f10x_md.o ABSOLUTE
    __Vectors                                0x08000000   Data           4  startup_stm32f10x_md.o(RESET)
    __Vectors_End                            0x080000ec   Data           0  startup_stm32f10x_md.o(RESET)
    __main                                   0x080000ed   Thumb Code     8  __main.o(!!!main)
    __scatterload                            0x080000f5   Thumb Code     0  __scatter.o(!!!scatter)
    __scatterload_rt2                        0x080000f5   Thumb Code    84  __scatter.o(!!!scatter)
    __scatterload_rt2_thumb_only             0x080000f5   Thumb Code     0  __scatter.o(!!!scatter)
    __scatterload_loop                       0x080000ff   Thumb Code     0  __scatter.o(!!!scatter)
    __decompress                             0x08000151   Thumb Code    90  __dczerorl2.o(!!dczerorl2)
    __decompress1                            0x08000151   Thumb Code     0  __dczerorl2.o(!!dczerorl2)
    __scatterload_null                       0x080001ad   Thumb Code     2  __scatter.o(!!handler_null)
    __scatterload_zeroinit                   0x080001b1   Thumb Code    28  __scatter_zi.o(!!handler_zi)
    __rt_lib_init                            0x080001cd   Thumb Code     0  libinit.o(.ARM.Collect$$libinit$$00000000)
    __rt_lib_init_alloca_1                   0x080001cf   Thumb Code     0  libinit2.o(.ARM.Collect$$libinit$$00000030)
    __rt_lib_init_argv_1                     0x080001cf   Thumb Code     0  libinit2.o(.ARM.Collect$$libinit$$0000002E)
    __rt_lib_init_atexit_1                   0x080001cf   Thumb Code     0  libinit2.o(.ARM.Collect$$libinit$$0000001D)
    __rt_lib_init_clock_1                    0x080001cf   Thumb Code     0  libinit2.o(.ARM.Collect$$libinit$$00000023)
    __rt_lib_init_cpp_1                      0x080001cf   Thumb Code     0  libinit2.o(.ARM.Collect$$libinit$$00000034)
    __rt_lib_init_exceptions_1               0x080001cf   Thumb Code     0  libinit2.o(.ARM.Collect$$libinit$$00000032)
    __rt_lib_init_fp_1                       0x080001cf   Thumb Code     0  libinit2.o(.ARM.Collect$$libinit$$00000002)
    __rt_lib_init_fp_trap_1                  0x080001cf   Thumb Code     0  libinit2.o(.ARM.Collect$$libinit$$00000021)
    __rt_lib_init_getenv_1                   0x080001cf   Thumb Code     0  libinit2.o(.ARM.Collect$$libinit$$00000025)
    __rt_lib_init_heap_1                     0x080001cf   Thumb Code     0  libinit2.o(.ARM.Collect$$libinit$$0000000C)
    __rt_lib_init_lc_collate_1               0x080001cf   Thumb Code     0  libinit2.o(.ARM.Collect$$libinit$$00000013)
    __rt_lib_init_lc_ctype_1                 0x080001cf   Thumb Code     0  libinit2.o(.ARM.Collect$$libinit$$00000015)
    __rt_lib_init_lc_monetary_1              0x080001cf   Thumb Code     0  libinit2.o(.ARM.Collect$$libinit$$00000017)
    __rt_lib_init_lc_numeric_1               0x080001cf   Thumb Code     0  libinit2.o(.ARM.Collect$$libinit$$00000019)
    __rt_lib_init_lc_time_1                  0x080001cf   Thumb Code     0  libinit2.o(.ARM.Collect$$libinit$$0000001B)
    __rt_lib_init_preinit_1                  0x080001cf   Thumb Code     0  libinit2.o(.ARM.Collect$$libinit$$00000006)
    __rt_lib_init_rand_1                     0x080001cf   Thumb Code     0  libinit2.o(.ARM.Collect$$libinit$$00000010)
    __rt_lib_init_relocate_pie_1             0x080001cf   Thumb Code     0  libinit2.o(.ARM.Collect$$libinit$$00000004)
    __rt_lib_init_return                     0x080001cf   Thumb Code     0  libinit2.o(.ARM.Collect$$libinit$$00000035)
    __rt_lib_init_signal_1                   0x080001cf   Thumb Code     0  libinit2.o(.ARM.Collect$$libinit$$0000001F)
    __rt_lib_init_stdio_1                    0x080001cf   Thumb Code     0  libinit2.o(.ARM.Collect$$libinit$$00000027)
    __rt_lib_init_user_alloc_1               0x080001cf   Thumb Code     0  libinit2.o(.ARM.Collect$$libinit$$0000000E)
    __rt_lib_shutdown                        0x080001d1   Thumb Code     0  libshutdown.o(.ARM.Collect$$libshutdown$$00000000)
    __rt_lib_shutdown_cpp_1                  0x080001d3   Thumb Code     0  libshutdown2.o(.ARM.Collect$$libshutdown$$00000002)
    __rt_lib_shutdown_fp_trap_1              0x080001d3   Thumb Code     0  libshutdown2.o(.ARM.Collect$$libshutdown$$00000007)
    __rt_lib_shutdown_heap_1                 0x080001d3   Thumb Code     0  libshutdown2.o(.ARM.Collect$$libshutdown$$0000000F)
    __rt_lib_shutdown_return                 0x080001d3   Thumb Code     0  libshutdown2.o(.ARM.Collect$$libshutdown$$00000010)
    __rt_lib_shutdown_signal_1               0x080001d3   Thumb Code     0  libshutdown2.o(.ARM.Collect$$libshutdown$$0000000A)
    __rt_lib_shutdown_stdio_1                0x080001d3   Thumb Code     0  libshutdown2.o(.ARM.Collect$$libshutdown$$00000004)
    __rt_lib_shutdown_user_alloc_1           0x080001d3   Thumb Code     0  libshutdown2.o(.ARM.Collect$$libshutdown$$0000000C)
    __rt_entry                               0x080001d5   Thumb Code     0  __rtentry.o(.ARM.Collect$$rtentry$$00000000)
    __rt_entry_presh_1                       0x080001d5   Thumb Code     0  __rtentry2.o(.ARM.Collect$$rtentry$$00000002)
    __rt_entry_sh                            0x080001d5   Thumb Code     0  __rtentry4.o(.ARM.Collect$$rtentry$$00000004)
    __rt_entry_li                            0x080001db   Thumb Code     0  __rtentry2.o(.ARM.Collect$$rtentry$$0000000A)
    __rt_entry_postsh_1                      0x080001db   Thumb Code     0  __rtentry2.o(.ARM.Collect$$rtentry$$00000009)
    __rt_entry_main                          0x080001df   Thumb Code     0  __rtentry2.o(.ARM.Collect$$rtentry$$0000000D)
    __rt_entry_postli_1                      0x080001df   Thumb Code     0  __rtentry2.o(.ARM.Collect$$rtentry$$0000000C)
    __rt_exit                                0x080001e7   Thumb Code     0  rtexit.o(.ARM.Collect$$rtexit$$00000000)
    __rt_exit_ls                             0x080001e9   Thumb Code     0  rtexit2.o(.ARM.Collect$$rtexit$$00000003)
    __rt_exit_prels_1                        0x080001e9   Thumb Code     0  rtexit2.o(.ARM.Collect$$rtexit$$00000002)
    __rt_exit_exit                           0x080001ed   Thumb Code     0  rtexit2.o(.ARM.Collect$$rtexit$$00000004)
    Reset_Handler                            0x080001f5   Thumb Code     8  startup_stm32f10x_md.o(.text)
    NMI_Handler                              0x080001fd   Thumb Code     2  startup_stm32f10x_md.o(.text)
    HardFault_Handler                        0x080001ff   Thumb Code     2  startup_stm32f10x_md.o(.text)
    MemManage_Handler                        0x08000201   Thumb Code     2  startup_stm32f10x_md.o(.text)
    BusFault_Handler                         0x08000203   Thumb Code     2  startup_stm32f10x_md.o(.text)
    UsageFault_Handler                       0x08000205   Thumb Code     2  startup_stm32f10x_md.o(.text)
    SVC_Handler                              0x08000207   Thumb Code     2  startup_stm32f10x_md.o(.text)
    DebugMon_Handler                         0x08000209   Thumb Code     2  startup_stm32f10x_md.o(.text)
    PendSV_Handler                           0x0800020b   Thumb Code     2  startup_stm32f10x_md.o(.text)
    SysTick_Handler                          0x0800020d   Thumb Code     2  startup_stm32f10x_md.o(.text)
    ADC1_2_IRQHandler                        0x0800020f   Thumb Code     0  startup_stm32f10x_md.o(.text)
    CAN1_RX1_IRQHandler                      0x0800020f   Thumb Code     0  startup_stm32f10x_md.o(.text)
    CAN1_SCE_IRQHandler                      0x0800020f   Thumb Code     0  startup_stm32f10x_md.o(.text)
    DMA1_Channel1_IRQHandler                 0x0800020f   Thumb Code     0  startup_stm32f10x_md.o(.text)
    DMA1_Channel2_IRQHandler                 0x0800020f   Thumb Code     0  startup_stm32f10x_md.o(.text)
    DMA1_Channel3_IRQHandler                 0x0800020f   Thumb Code     0  startup_stm32f10x_md.o(.text)
    DMA1_Channel4_IRQHandler                 0x0800020f   Thumb Code     0  startup_stm32f10x_md.o(.text)
    DMA1_Channel5_IRQHandler                 0x0800020f   Thumb Code     0  startup_stm32f10x_md.o(.text)
    DMA1_Channel6_IRQHandler                 0x0800020f   Thumb Code     0  startup_stm32f10x_md.o(.text)
    DMA1_Channel7_IRQHandler                 0x0800020f   Thumb Code     0  startup_stm32f10x_md.o(.text)
    FLASH_IRQHandler                         0x0800020f   Thumb Code     0  startup_stm32f10x_md.o(.text)
    I2C1_ER_IRQHandler                       0x0800020f   Thumb Code     0  startup_stm32f10x_md.o(.text)
    I2C1_EV_IRQHandler                       0x0800020f   Thumb Code     0  startup_stm32f10x_md.o(.text)
    I2C2_ER_IRQHandler                       0x0800020f   Thumb Code     0  startup_stm32f10x_md.o(.text)
    I2C2_EV_IRQHandler                       0x0800020f   Thumb Code     0  startup_stm32f10x_md.o(.text)
    PVD_IRQHandler                           0x0800020f   Thumb Code     0  startup_stm32f10x_md.o(.text)
    RCC_IRQHandler                           0x0800020f   Thumb Code     0  startup_stm32f10x_md.o(.text)
    RTCAlarm_IRQHandler                      0x0800020f   Thumb Code     0  startup_stm32f10x_md.o(.text)
    RTC_IRQHandler                           0x0800020f   Thumb Code     0  startup_stm32f10x_md.o(.text)
    SPI1_IRQHandler                          0x0800020f   Thumb Code     0  startup_stm32f10x_md.o(.text)
    SPI2_IRQHandler                          0x0800020f   Thumb Code     0  startup_stm32f10x_md.o(.text)
    TAMPER_IRQHandler                        0x0800020f   Thumb Code     0  startup_stm32f10x_md.o(.text)
    TIM1_BRK_IRQHandler                      0x0800020f   Thumb Code     0  startup_stm32f10x_md.o(.text)
    TIM1_CC_IRQHandler                       0x0800020f   Thumb Code     0  startup_stm32f10x_md.o(.text)
    TIM1_TRG_COM_IRQHandler                  0x0800020f   Thumb Code     0  startup_stm32f10x_md.o(.text)
    USBWakeUp_IRQHandler                     0x0800020f   Thumb Code     0  startup_stm32f10x_md.o(.text)
    USB_HP_CAN1_TX_IRQHandler                0x0800020f   Thumb Code     0  startup_stm32f10x_md.o(.text)
    USB_LP_CAN1_RX0_IRQHandler               0x0800020f   Thumb Code     0  startup_stm32f10x_md.o(.text)
    WWDG_IRQHandler                          0x0800020f   Thumb Code     0  startup_stm32f10x_md.o(.text)
    __user_initial_stackheap                 0x08000211   Thumb Code     0  startup_stm32f10x_md.o(.text)
    __use_two_region_memory                  0x08000235   Thumb Code     2  heapauxi.o(.text)
    __rt_heap_escrow$2region                 0x08000237   Thumb Code     2  heapauxi.o(.text)
    __rt_heap_expand$2region                 0x08000239   Thumb Code     2  heapauxi.o(.text)
    __user_setup_stackheap                   0x0800023b   Thumb Code    74  sys_stackheap_outer.o(.text)
    exit                                     0x08000285   Thumb Code    18  exit.o(.text)
    __user_libspace                          0x08000299   Thumb Code     8  libspace.o(.text)
    __user_perproc_libspace                  0x08000299   Thumb Code     0  libspace.o(.text)
    __user_perthread_libspace                0x08000299   Thumb Code     0  libspace.o(.text)
    _sys_exit                                0x080002a1   Thumb Code     8  sys_exit.o(.text)
    __I$use$semihosting                      0x080002ad   Thumb Code     0  use_no_semi.o(.text)
    __use_no_semihosting_swi                 0x080002ad   Thumb Code     2  use_no_semi.o(.text)
    __semihosting_library_function           0x080002af   Thumb Code     0  indicate_semi.o(.text)
    EXTI0_IRQHandler                         0x080002b1   Thumb Code    64  mcal_external_interrupts.o(.text.EXTI0_IRQHandler)
    EXTI15_10_IRQHandler                     0x080002f1   Thumb Code   414  mcal_external_interrupts.o(.text.EXTI15_10_IRQHandler)
    EXTI1_IRQHandler                         0x08000491   Thumb Code    64  mcal_external_interrupts.o(.text.EXTI1_IRQHandler)
    EXTI2_IRQHandler                         0x080004d1   Thumb Code    64  mcal_external_interrupts.o(.text.EXTI2_IRQHandler)
    EXTI3_IRQHandler                         0x08000511   Thumb Code    64  mcal_external_interrupts.o(.text.EXTI3_IRQHandler)
    EXTI4_IRQHandler                         0x08000551   Thumb Code    64  mcal_external_interrupts.o(.text.EXTI4_IRQHandler)
    EXTI9_5_IRQHandler                       0x08000591   Thumb Code   348  mcal_external_interrupts.o(.text.EXTI9_5_IRQHandler)
    SystemInit                               0x080008a9   Thumb Code   102  system_stm32f10x.o(.text.SystemInit)
    TIM1_UP_IRQHandler                       0x08000911   Thumb Code    94  mcal_timer1.o(.text.TIM1_UP_IRQHandler)
    TIM2_IRQHandler                          0x08000971   Thumb Code    78  mcal_timer2.o(.text.TIM2_IRQHandler)
    TIM3_IRQHandler                          0x080009c1   Thumb Code    94  mcal_timer3.o(.text.TIM3_IRQHandler)
    TIM4_IRQHandler                          0x08000a21   Thumb Code    82  mcal_timer4.o(.text.TIM4_IRQHandler)
    USART1_IRQHandler                        0x08000a75   Thumb Code    84  mcal_uart.o(.text.USART1_IRQHandler)
    USART2_IRQHandler                        0x08000ac9   Thumb Code    84  mcal_uart.o(.text.USART2_IRQHandler)
    USART3_IRQHandler                        0x08000b1d   Thumb Code    84  mcal_uart.o(.text.USART3_IRQHandler)
    gpio_pin_init                            0x08000c35   Thumb Code   210  mcal_gpio.o(.text.gpio_pin_init)
    gpio_pin_write                           0x08000d09   Thumb Code   338  mcal_gpio.o(.text.gpio_pin_write)
    main                                     0x08001c1d   Thumb Code   414  main.o(.text.main)
    map_to_range                             0x08001dbd   Thumb Code   166  m4_softwares.o(.text.map_to_range)
    servo_go                                 0x0800202d   Thumb Code   300  hal_servo.o(.text.servo_go)
    servo_init                               0x08002159   Thumb Code   526  hal_servo.o(.text.servo_init)
    spi1_init                                0x0800290d   Thumb Code   108  mcal_spi1.o(.text.spi1_init)
    spi1_transmit_8                          0x08002b5d   Thumb Code   170  mcal_spi1.o(.text.spi1_transmit_8)
    spi2_init                                0x08002c6d   Thumb Code    98  mcal_spi2.o(.text.spi2_init)
    spi2_recieve_8                           0x08002ea9   Thumb Code   102  mcal_spi2.o(.text.spi2_recieve_8)
    tim1_isr                                 0x08002f11   Thumb Code  2514  main.o(.text.tim1_isr)
    timer1_init                              0x08003915   Thumb Code   124  mcal_timer1.o(.text.timer1_init)
    timer2_init                              0x080039b5   Thumb Code   128  mcal_timer2.o(.text.timer2_init)
    timer2_pwm_write                         0x08003a35   Thumb Code   100  mcal_timer2.o(.text.timer2_pwm_write)
    timer4_init                              0x08003abd   Thumb Code   134  mcal_timer4.o(.text.timer4_init)
    timer4_pwm_write                         0x08003b45   Thumb Code   108  mcal_timer4.o(.text.timer4_pwm_write)
    __aeabi_dadd                             0x08003bb1   Thumb Code     0  daddsub_clz.o(x$fpl$dadd)
    _dadd                                    0x08003bb1   Thumb Code   332  daddsub_clz.o(x$fpl$dadd)
    __fpl_dcmp_Inf                           0x08003d01   Thumb Code    24  dcmpi.o(x$fpl$dcmpinf)
    __aeabi_ddiv                             0x08003d19   Thumb Code     0  ddiv.o(x$fpl$ddiv)
    _ddiv                                    0x08003d19   Thumb Code   556  ddiv.o(x$fpl$ddiv)
    __aeabi_cdcmpeq                          0x08003fcd   Thumb Code     0  deqf.o(x$fpl$deqf)
    _dcmpeq                                  0x08003fcd   Thumb Code   120  deqf.o(x$fpl$deqf)
    __aeabi_d2iz                             0x08004045   Thumb Code     0  dfix.o(x$fpl$dfix)
    _dfix                                    0x08004045   Thumb Code    94  dfix.o(x$fpl$dfix)
    __aeabi_ui2d                             0x080040a3   Thumb Code     0  dflt_clz.o(x$fpl$dfltu)
    _dfltu                                   0x080040a3   Thumb Code    38  dflt_clz.o(x$fpl$dfltu)
    __aeabi_cdcmpge                          0x080040c9   Thumb Code     0  dgeqf.o(x$fpl$dgeqf)
    _dcmpge                                  0x080040c9   Thumb Code   120  dgeqf.o(x$fpl$dgeqf)
    __aeabi_cdcmple                          0x08004141   Thumb Code     0  dleqf.o(x$fpl$dleqf)
    _dcmple                                  0x08004141   Thumb Code   120  dleqf.o(x$fpl$dleqf)
    __fpl_dcmple_InfNaN                      0x080041a3   Thumb Code     0  dleqf.o(x$fpl$dleqf)
    __aeabi_dmul                             0x080041b9   Thumb Code     0  dmul.o(x$fpl$dmul)
    _dmul                                    0x080041b9   Thumb Code   332  dmul.o(x$fpl$dmul)
    __fpl_dnaninf                            0x0800430d   Thumb Code   156  dnaninf.o(x$fpl$dnaninf)
    __fpl_dretinf                            0x080043a9   Thumb Code    12  dretinf.o(x$fpl$dretinf)
    __aeabi_dsub                             0x080043b5   Thumb Code     0  daddsub_clz.o(x$fpl$dsub)
    _dsub                                    0x080043b5   Thumb Code   472  daddsub_clz.o(x$fpl$dsub)
    __aeabi_f2d                              0x08004591   Thumb Code     0  f2d.o(x$fpl$f2d)
    _f2d                                     0x08004591   Thumb Code    86  f2d.o(x$fpl$f2d)
    __aeabi_dcmpeq                           0x080045e7   Thumb Code     0  dcmp.o(x$fpl$fcmp)
    _deq                                     0x080045e7   Thumb Code    14  dcmp.o(x$fpl$fcmp)
    _dneq                                    0x080045f5   Thumb Code    14  dcmp.o(x$fpl$fcmp)
    __aeabi_dcmpgt                           0x08004603   Thumb Code     0  dcmp.o(x$fpl$fcmp)
    _dgr                                     0x08004603   Thumb Code    14  dcmp.o(x$fpl$fcmp)
    __aeabi_dcmpge                           0x08004611   Thumb Code     0  dcmp.o(x$fpl$fcmp)
    _dgeq                                    0x08004611   Thumb Code    14  dcmp.o(x$fpl$fcmp)
    __aeabi_dcmple                           0x0800461f   Thumb Code     0  dcmp.o(x$fpl$fcmp)
    _dleq                                    0x0800461f   Thumb Code    14  dcmp.o(x$fpl$fcmp)
    __aeabi_dcmplt                           0x0800462d   Thumb Code     0  dcmp.o(x$fpl$fcmp)
    _dls                                     0x0800462d   Thumb Code    14  dcmp.o(x$fpl$fcmp)
    __fpl_fnaninf                            0x0800463b   Thumb Code   140  fnaninf.o(x$fpl$fnaninf)
    __I$use$fp                               0x080046c6   Number         0  usenofp.o(x$fpl$usenofp)
    Region$$Table$$Base                      0x080046c8   Number         0  anon$$obj.o(Region$$Table)
    Region$$Table$$Limit                     0x080046e8   Number         0  anon$$obj.o(Region$$Table)
    BLA                                      0x20000000   Data          32  main.o(.data.BLA)
    BLB                                      0x20000020   Data          32  main.o(.data.BLB)
    BRA                                      0x20000040   Data          32  main.o(.data.BRA)
    BRB                                      0x20000060   Data          32  main.o(.data.BRB)
    FLA                                      0x20000080   Data          32  main.o(.data.FLA)
    FLB                                      0x200000a0   Data          32  main.o(.data.FLB)
    FRA                                      0x200000c0   Data          32  main.o(.data.FRA)
    FRB                                      0x200000e0   Data          32  main.o(.data.FRB)
    SPI2_NSS_SLAVE                           0x20000119   Data           5  mcal_spi2.o(.data.SPI2_NSS_SLAVE)
    ledc13                                   0x20000123   Data           5  main.o(.data.ledc13)
    ledc14                                   0x20000128   Data           5  main.o(.data.ledc14)
    ledc15                                   0x2000012d   Data           5  main.o(.data.ledc15)
    spi1                                     0x20000140   Data          10  main.o(.data.spi1)
    tim1                                     0x2000014c   Data           8  mcal_timers.o(.data.tim1)
    timer2_ch1                               0x20000154   Data          12  mcal_timers.o(.data.timer2_ch1)
    timer2_ch2                               0x20000160   Data          12  mcal_timers.o(.data.timer2_ch2)
    timer2_ch3                               0x2000016c   Data          12  mcal_timers.o(.data.timer2_ch3)
    timer2_ch4                               0x20000178   Data          12  mcal_timers.o(.data.timer2_ch4)
    timer4_ch1                               0x20000184   Data          12  mcal_timers.o(.data.timer4_ch1)
    timer4_ch2                               0x20000190   Data          12  mcal_timers.o(.data.timer4_ch2)
    timer4_ch3                               0x2000019c   Data          12  mcal_timers.o(.data.timer4_ch3)
    timer4_ch4                               0x200001a8   Data          12  mcal_timers.o(.data.timer4_ch4)
    __libspace_start                         0x200001b8   Data          96  libspace.o(.bss)
    ARMS_FROM_0_TO_90                        0x20000218   Data           1  main.o(.bss.ARMS_FROM_0_TO_90)
    __temporary_stack_top$libspace           0x20000218   Data           0  libspace.o(.bss)
    ARMS_FROM_90_TO_0                        0x20000219   Data           1  main.o(.bss.ARMS_FROM_90_TO_0)
    BL_joystick                              0x2000021a   Data           2  main.o(.bss.BL_joystick)
    BOX_FROM_0_TO_90                         0x2000021c   Data           1  main.o(.bss.BOX_FROM_0_TO_90)
    BR_joystick                              0x2000021e   Data           2  main.o(.bss.BR_joystick)
    DRONE_TO_MOBILE                          0x20000220   Data           1  main.o(.bss.DRONE_TO_MOBILE)
    EXTI0_InterruptHandler                   0x20000224   Data           4  mcal_external_interrupts.o(.bss.EXTI0_InterruptHandler)
    EXTI10_InterruptHandler                  0x20000228   Data           4  mcal_external_interrupts.o(.bss.EXTI10_InterruptHandler)
    EXTI11_InterruptHandler                  0x2000022c   Data           4  mcal_external_interrupts.o(.bss.EXTI11_InterruptHandler)
    EXTI12_InterruptHandler                  0x20000230   Data           4  mcal_external_interrupts.o(.bss.EXTI12_InterruptHandler)
    EXTI13_InterruptHandler                  0x20000234   Data           4  mcal_external_interrupts.o(.bss.EXTI13_InterruptHandler)
    EXTI14_InterruptHandler                  0x20000238   Data           4  mcal_external_interrupts.o(.bss.EXTI14_InterruptHandler)
    EXTI15_InterruptHandler                  0x2000023c   Data           4  mcal_external_interrupts.o(.bss.EXTI15_InterruptHandler)
    EXTI1_InterruptHandler                   0x20000240   Data           4  mcal_external_interrupts.o(.bss.EXTI1_InterruptHandler)
    EXTI2_InterruptHandler                   0x20000244   Data           4  mcal_external_interrupts.o(.bss.EXTI2_InterruptHandler)
    EXTI3_InterruptHandler                   0x20000248   Data           4  mcal_external_interrupts.o(.bss.EXTI3_InterruptHandler)
    EXTI4_InterruptHandler                   0x2000024c   Data           4  mcal_external_interrupts.o(.bss.EXTI4_InterruptHandler)
    EXTI5_InterruptHandler                   0x20000250   Data           4  mcal_external_interrupts.o(.bss.EXTI5_InterruptHandler)
    EXTI6_InterruptHandler                   0x20000254   Data           4  mcal_external_interrupts.o(.bss.EXTI6_InterruptHandler)
    EXTI7_InterruptHandler                   0x20000258   Data           4  mcal_external_interrupts.o(.bss.EXTI7_InterruptHandler)
    EXTI8_InterruptHandler                   0x2000025c   Data           4  mcal_external_interrupts.o(.bss.EXTI8_InterruptHandler)
    EXTI9_InterruptHandler                   0x20000260   Data           4  mcal_external_interrupts.o(.bss.EXTI9_InterruptHandler)
    MOBILE_TO_DRONE                          0x20000264   Data           1  main.o(.bss.MOBILE_TO_DRONE)
    POT_value                                0x20000266   Data           2  main.o(.bss.POT_value)
    RC_Mode                                  0x20000268   Data           1  main.o(.bss.RC_Mode)
    Rc_Data                                  0x20000269   Data          13  main.o(.bss.Rc_Data)
    TL_joystick                              0x20000288   Data           2  main.o(.bss.TL_joystick)
    TR_joystick                              0x2000028a   Data           2  main.o(.bss.TR_joystick)
    spi2                                     0x200002ac   Data           4  main.o(.bss.spi2)
    tim1_counter                             0x200002b0   Data           1  main.o(.bss.tim1_counter)



==============================================================================

Memory Map of the image

  Image Entry point : 0x080001f5

  Load Region LR_1 (Base: 0x08000000, Size: 0x0000489c, Max: 0xffffffff, ABSOLUTE, COMPRESSED[0x00004758])

    Execution Region ER_RO (Exec base: 0x08000000, Load base: 0x08000000, Size: 0x000046e8, Max: 0xffffffff, ABSOLUTE)

    Exec Addr    Load Addr    Size         Type   Attr      Idx    E Section Name        Object

    0x08000000   0x08000000   0x000000ec   Data   RO          478    RESET               startup_stm32f10x_md.o
    0x080000ec   0x080000ec   0x00000008   Code   RO          506  * !!!main             c_w.l(__main.o)
    0x080000f4   0x080000f4   0x0000005c   Code   RO          718    !!!scatter          c_w.l(__scatter.o)
    0x08000150   0x08000150   0x0000005a   Code   RO          716    !!dczerorl2         c_w.l(__dczerorl2.o)
    0x080001aa   0x080001aa   0x00000002   PAD
    0x080001ac   0x080001ac   0x00000002   Code   RO          719    !!handler_null      c_w.l(__scatter.o)
    0x080001ae   0x080001ae   0x00000002   PAD
    0x080001b0   0x080001b0   0x0000001c   Code   RO          722    !!handler_zi        c_w.l(__scatter_zi.o)
    0x080001cc   0x080001cc   0x00000002   Code   RO          578    .ARM.Collect$$libinit$$00000000  c_w.l(libinit.o)
    0x080001ce   0x080001ce   0x00000000   Code   RO          585    .ARM.Collect$$libinit$$00000002  c_w.l(libinit2.o)
    0x080001ce   0x080001ce   0x00000000   Code   RO          587    .ARM.Collect$$libinit$$00000004  c_w.l(libinit2.o)
    0x080001ce   0x080001ce   0x00000000   Code   RO          589    .ARM.Collect$$libinit$$00000006  c_w.l(libinit2.o)
    0x080001ce   0x080001ce   0x00000000   Code   RO          592    .ARM.Collect$$libinit$$0000000C  c_w.l(libinit2.o)
    0x080001ce   0x080001ce   0x00000000   Code   RO          594    .ARM.Collect$$libinit$$0000000E  c_w.l(libinit2.o)
    0x080001ce   0x080001ce   0x00000000   Code   RO          596    .ARM.Collect$$libinit$$00000010  c_w.l(libinit2.o)
    0x080001ce   0x080001ce   0x00000000   Code   RO          599    .ARM.Collect$$libinit$$00000013  c_w.l(libinit2.o)
    0x080001ce   0x080001ce   0x00000000   Code   RO          601    .ARM.Collect$$libinit$$00000015  c_w.l(libinit2.o)
    0x080001ce   0x080001ce   0x00000000   Code   RO          603    .ARM.Collect$$libinit$$00000017  c_w.l(libinit2.o)
    0x080001ce   0x080001ce   0x00000000   Code   RO          605    .ARM.Collect$$libinit$$00000019  c_w.l(libinit2.o)
    0x080001ce   0x080001ce   0x00000000   Code   RO          607    .ARM.Collect$$libinit$$0000001B  c_w.l(libinit2.o)
    0x080001ce   0x080001ce   0x00000000   Code   RO          609    .ARM.Collect$$libinit$$0000001D  c_w.l(libinit2.o)
    0x080001ce   0x080001ce   0x00000000   Code   RO          611    .ARM.Collect$$libinit$$0000001F  c_w.l(libinit2.o)
    0x080001ce   0x080001ce   0x00000000   Code   RO          613    .ARM.Collect$$libinit$$00000021  c_w.l(libinit2.o)
    0x080001ce   0x080001ce   0x00000000   Code   RO          615    .ARM.Collect$$libinit$$00000023  c_w.l(libinit2.o)
    0x080001ce   0x080001ce   0x00000000   Code   RO          617    .ARM.Collect$$libinit$$00000025  c_w.l(libinit2.o)
    0x080001ce   0x080001ce   0x00000000   Code   RO          619    .ARM.Collect$$libinit$$00000027  c_w.l(libinit2.o)
    0x080001ce   0x080001ce   0x00000000   Code   RO          623    .ARM.Collect$$libinit$$0000002E  c_w.l(libinit2.o)
    0x080001ce   0x080001ce   0x00000000   Code   RO          625    .ARM.Collect$$libinit$$00000030  c_w.l(libinit2.o)
    0x080001ce   0x080001ce   0x00000000   Code   RO          627    .ARM.Collect$$libinit$$00000032  c_w.l(libinit2.o)
    0x080001ce   0x080001ce   0x00000000   Code   RO          629    .ARM.Collect$$libinit$$00000034  c_w.l(libinit2.o)
    0x080001ce   0x080001ce   0x00000002   Code   RO          630    .ARM.Collect$$libinit$$00000035  c_w.l(libinit2.o)
    0x080001d0   0x080001d0   0x00000002   Code   RO          652    .ARM.Collect$$libshutdown$$00000000  c_w.l(libshutdown.o)
    0x080001d2   0x080001d2   0x00000000   Code   RO          667    .ARM.Collect$$libshutdown$$00000002  c_w.l(libshutdown2.o)
    0x080001d2   0x080001d2   0x00000000   Code   RO          669    .ARM.Collect$$libshutdown$$00000004  c_w.l(libshutdown2.o)
    0x080001d2   0x080001d2   0x00000000   Code   RO          672    .ARM.Collect$$libshutdown$$00000007  c_w.l(libshutdown2.o)
    0x080001d2   0x080001d2   0x00000000   Code   RO          675    .ARM.Collect$$libshutdown$$0000000A  c_w.l(libshutdown2.o)
    0x080001d2   0x080001d2   0x00000000   Code   RO          677    .ARM.Collect$$libshutdown$$0000000C  c_w.l(libshutdown2.o)
    0x080001d2   0x080001d2   0x00000000   Code   RO          680    .ARM.Collect$$libshutdown$$0000000F  c_w.l(libshutdown2.o)
    0x080001d2   0x080001d2   0x00000002   Code   RO          681    .ARM.Collect$$libshutdown$$00000010  c_w.l(libshutdown2.o)
    0x080001d4   0x080001d4   0x00000000   Code   RO          538    .ARM.Collect$$rtentry$$00000000  c_w.l(__rtentry.o)
    0x080001d4   0x080001d4   0x00000000   Code   RO          553    .ARM.Collect$$rtentry$$00000002  c_w.l(__rtentry2.o)
    0x080001d4   0x080001d4   0x00000006   Code   RO          565    .ARM.Collect$$rtentry$$00000004  c_w.l(__rtentry4.o)
    0x080001da   0x080001da   0x00000000   Code   RO          555    .ARM.Collect$$rtentry$$00000009  c_w.l(__rtentry2.o)
    0x080001da   0x080001da   0x00000004   Code   RO          556    .ARM.Collect$$rtentry$$0000000A  c_w.l(__rtentry2.o)
    0x080001de   0x080001de   0x00000000   Code   RO          558    .ARM.Collect$$rtentry$$0000000C  c_w.l(__rtentry2.o)
    0x080001de   0x080001de   0x00000008   Code   RO          559    .ARM.Collect$$rtentry$$0000000D  c_w.l(__rtentry2.o)
    0x080001e6   0x080001e6   0x00000002   Code   RO          582    .ARM.Collect$$rtexit$$00000000  c_w.l(rtexit.o)
    0x080001e8   0x080001e8   0x00000000   Code   RO          632    .ARM.Collect$$rtexit$$00000002  c_w.l(rtexit2.o)
    0x080001e8   0x080001e8   0x00000004   Code   RO          633    .ARM.Collect$$rtexit$$00000003  c_w.l(rtexit2.o)
    0x080001ec   0x080001ec   0x00000006   Code   RO          634    .ARM.Collect$$rtexit$$00000004  c_w.l(rtexit2.o)
    0x080001f2   0x080001f2   0x00000002   PAD
    0x080001f4   0x080001f4   0x00000040   Code   RO          479  * .text               startup_stm32f10x_md.o
    0x08000234   0x08000234   0x00000006   Code   RO          504    .text               c_w.l(heapauxi.o)
    0x0800023a   0x0800023a   0x0000004a   Code   RO          569    .text               c_w.l(sys_stackheap_outer.o)
    0x08000284   0x08000284   0x00000012   Code   RO          571    .text               c_w.l(exit.o)
    0x08000296   0x08000296   0x00000002   PAD
    0x08000298   0x08000298   0x00000008   Code   RO          579    .text               c_w.l(libspace.o)
    0x080002a0   0x080002a0   0x0000000c   Code   RO          642    .text               c_w.l(sys_exit.o)
    0x080002ac   0x080002ac   0x00000002   Code   RO          657    .text               c_w.l(use_no_semi.o)
    0x080002ae   0x080002ae   0x00000000   Code   RO          659    .text               c_w.l(indicate_semi.o)
    0x080002ae   0x080002ae   0x00000002   PAD
    0x080002b0   0x080002b0   0x00000040   Code   RO          227    .text.EXTI0_IRQHandler  mcal_external_interrupts.o
    0x080002f0   0x080002f0   0x0000019e   Code   RO          239    .text.EXTI15_10_IRQHandler  mcal_external_interrupts.o
    0x0800048e   0x0800048e   0x00000002   PAD
    0x08000490   0x08000490   0x00000040   Code   RO          229    .text.EXTI1_IRQHandler  mcal_external_interrupts.o
    0x080004d0   0x080004d0   0x00000040   Code   RO          231    .text.EXTI2_IRQHandler  mcal_external_interrupts.o
    0x08000510   0x08000510   0x00000040   Code   RO          233    .text.EXTI3_IRQHandler  mcal_external_interrupts.o
    0x08000550   0x08000550   0x00000040   Code   RO          235    .text.EXTI4_IRQHandler  mcal_external_interrupts.o
    0x08000590   0x08000590   0x0000015c   Code   RO          237    .text.EXTI9_5_IRQHandler  mcal_external_interrupts.o
    0x080006ec   0x080006ec   0x00000030   Code   RO          169    .text.Enable_timer1_interrupt  mcal_timer1.o
    0x0800071c   0x0800071c   0x0000002e   Code   RO           86    .text.Enable_timer2_interrupt  mcal_timer2.o
    0x0800074a   0x0800074a   0x00000002   PAD
    0x0800074c   0x0800074c   0x00000030   Code   RO          143    .text.Enable_timer4_interrupt  mcal_timer4.o
    0x0800077c   0x0800077c   0x00000008   Code   RO          488    .text.SetSysClock   system_stm32f10x.o
    0x08000784   0x08000784   0x00000122   Code   RO          492    .text.SetSysClockTo72  system_stm32f10x.o
    0x080008a6   0x080008a6   0x00000002   PAD
    0x080008a8   0x080008a8   0x00000066   Code   RO          486    .text.SystemInit    system_stm32f10x.o
    0x0800090e   0x0800090e   0x00000002   PAD
    0x08000910   0x08000910   0x0000005e   Code   RO          181    .text.TIM1_UP_IRQHandler  mcal_timer1.o
    0x0800096e   0x0800096e   0x00000002   PAD
    0x08000970   0x08000970   0x0000004e   Code   RO           92    .text.TIM2_IRQHandler  mcal_timer2.o
    0x080009be   0x080009be   0x00000002   PAD
    0x080009c0   0x080009c0   0x0000005e   Code   RO          120    .text.TIM3_IRQHandler  mcal_timer3.o
    0x08000a1e   0x08000a1e   0x00000002   PAD
    0x08000a20   0x08000a20   0x00000052   Code   RO          149    .text.TIM4_IRQHandler  mcal_timer4.o
    0x08000a72   0x08000a72   0x00000002   PAD
    0x08000a74   0x08000a74   0x00000054   Code   RO          273    .text.USART1_IRQHandler  mcal_uart.o
    0x08000ac8   0x08000ac8   0x00000054   Code   RO          275    .text.USART2_IRQHandler  mcal_uart.o
    0x08000b1c   0x08000b1c   0x00000054   Code   RO          277    .text.USART3_IRQHandler  mcal_uart.o
    0x08000b70   0x08000b70   0x00000048   Code   RO           56    .text.gpio_afio_clk_enable  mcal_gpio.o
    0x08000bb8   0x08000bb8   0x0000007c   Code   RO           54    .text.gpio_enable_clk  mcal_gpio.o
    0x08000c34   0x08000c34   0x000000d2   Code   RO           52    .text.gpio_pin_init  mcal_gpio.o
    0x08000d06   0x08000d06   0x00000002   PAD
    0x08000d08   0x08000d08   0x00000152   Code   RO           62    .text.gpio_pin_write  mcal_gpio.o
    0x08000e5a   0x08000e5a   0x00000002   PAD
    0x08000e5c   0x08000e5c   0x000007a0   Code   RO           60    .text.gpio_set_pin_conf  mcal_gpio.o
    0x080015fc   0x080015fc   0x0000061e   Code   RO           58    .text.gpio_set_pin_mode  mcal_gpio.o
    0x08001c1a   0x08001c1a   0x00000002   PAD
    0x08001c1c   0x08001c1c   0x0000019e   Code   RO            2    .text.main          main.o
    0x08001dba   0x08001dba   0x00000002   PAD
    0x08001dbc   0x08001dbc   0x000000a6   Code   RO          348    .text.map_to_range  m4_softwares.o
    0x08001e62   0x08001e62   0x00000002   PAD
    0x08001e64   0x08001e64   0x00000082   Code   RO           80    .text.pwm_pin_init  mcal_timer2.o
    0x08001ee6   0x08001ee6   0x00000002   PAD
    0x08001ee8   0x08001ee8   0x00000082   Code   RO          137    .text.pwm_pin_init  mcal_timer4.o
    0x08001f6a   0x08001f6a   0x00000002   PAD
    0x08001f6c   0x08001f6c   0x00000062   Code   RO          301    .text.servo_adjust_duty_cycle  hal_servo.o
    0x08001fce   0x08001fce   0x00000002   PAD
    0x08001fd0   0x08001fd0   0x0000005c   Code   RO          299    .text.servo_adjust_polarity  hal_servo.o
    0x0800202c   0x0800202c   0x0000012c   Code   RO          303    .text.servo_go      hal_servo.o
    0x08002158   0x08002158   0x0000020e   Code   RO          297    .text.servo_init    hal_servo.o
    0x08002366   0x08002366   0x00000002   PAD
    0x08002368   0x08002368   0x000000c2   Code   RO          165    .text.set_timer1_mode_preload_prescale  mcal_timer1.o
    0x0800242a   0x0800242a   0x00000002   PAD
    0x0800242c   0x0800242c   0x000001ec   Code   RO           82    .text.set_timer2_mode_preload_prescale  mcal_timer2.o
    0x08002618   0x08002618   0x0000020c   Code   RO          139    .text.set_timer4_mode_preload_prescale  mcal_timer4.o
    0x08002824   0x08002824   0x00000084   Code   RO          364    .text.spi1_baudrate  mcal_spi1.o
    0x080028a8   0x080028a8   0x00000062   Code   RO          362    .text.spi1_data_frame  mcal_spi1.o
    0x0800290a   0x0800290a   0x00000002   PAD
    0x0800290c   0x0800290c   0x0000006c   Code   RO          356    .text.spi1_init     mcal_spi1.o
    0x08002978   0x08002978   0x00000140   Code   RO          358    .text.spi1_pins_init  mcal_spi1.o
    0x08002ab8   0x08002ab8   0x000000a2   Code   RO          360    .text.spi1_polarity_phase  mcal_spi1.o
    0x08002b5a   0x08002b5a   0x00000002   PAD
    0x08002b5c   0x08002b5c   0x000000aa   Code   RO          366    .text.spi1_transmit_8  mcal_spi1.o
    0x08002c06   0x08002c06   0x00000002   PAD
    0x08002c08   0x08002c08   0x00000062   Code   RO          390    .text.spi2_data_frame  mcal_spi2.o
    0x08002c6a   0x08002c6a   0x00000002   PAD
    0x08002c6c   0x08002c6c   0x00000062   Code   RO          384    .text.spi2_init     mcal_spi2.o
    0x08002cce   0x08002cce   0x00000002   PAD
    0x08002cd0   0x08002cd0   0x00000134   Code   RO          386    .text.spi2_pins_init  mcal_spi2.o
    0x08002e04   0x08002e04   0x000000a2   Code   RO          388    .text.spi2_polarity_phase  mcal_spi2.o
    0x08002ea6   0x08002ea6   0x00000002   PAD
    0x08002ea8   0x08002ea8   0x00000066   Code   RO          396    .text.spi2_recieve_8  mcal_spi2.o
    0x08002f0e   0x08002f0e   0x00000002   PAD
    0x08002f10   0x08002f10   0x000009d2   Code   RO            4    .text.tim1_isr      main.o
    0x080038e2   0x080038e2   0x00000002   PAD
    0x080038e4   0x080038e4   0x00000030   Code   RO          167    .text.timer1_handle_interrupts  mcal_timer1.o
    0x08003914   0x08003914   0x0000007c   Code   RO          163    .text.timer1_init   mcal_timer1.o
    0x08003990   0x08003990   0x00000022   Code   RO           84    .text.timer2_handle_interrupts  mcal_timer2.o
    0x080039b2   0x080039b2   0x00000002   PAD
    0x080039b4   0x080039b4   0x00000080   Code   RO           78    .text.timer2_init   mcal_timer2.o
    0x08003a34   0x08003a34   0x00000064   Code   RO           90    .text.timer2_pwm_write  mcal_timer2.o
    0x08003a98   0x08003a98   0x00000022   Code   RO          141    .text.timer4_handle_interrupts  mcal_timer4.o
    0x08003aba   0x08003aba   0x00000002   PAD
    0x08003abc   0x08003abc   0x00000086   Code   RO          135    .text.timer4_init   mcal_timer4.o
    0x08003b42   0x08003b42   0x00000002   PAD
    0x08003b44   0x08003b44   0x0000006c   Code   RO          147    .text.timer4_pwm_write  mcal_timer4.o
    0x08003bb0   0x08003bb0   0x00000150   Code   RO          508    x$fpl$dadd          fz_ws.l(daddsub_clz.o)
    0x08003d00   0x08003d00   0x00000018   Code   RO          567    x$fpl$dcmpinf       fz_ws.l(dcmpi.o)
    0x08003d18   0x08003d18   0x000002b4   Code   RO          517    x$fpl$ddiv          fz_ws.l(ddiv.o)
    0x08003fcc   0x08003fcc   0x00000078   Code   RO          539    x$fpl$deqf          fz_ws.l(deqf.o)
    0x08004044   0x08004044   0x0000005e   Code   RO          520    x$fpl$dfix          fz_ws.l(dfix.o)
    0x080040a2   0x080040a2   0x00000026   Code   RO          528    x$fpl$dfltu         fz_ws.l(dflt_clz.o)
    0x080040c8   0x080040c8   0x00000078   Code   RO          541    x$fpl$dgeqf         fz_ws.l(dgeqf.o)
    0x08004140   0x08004140   0x00000078   Code   RO          543    x$fpl$dleqf         fz_ws.l(dleqf.o)
    0x080041b8   0x080041b8   0x00000154   Code   RO          534    x$fpl$dmul          fz_ws.l(dmul.o)
    0x0800430c   0x0800430c   0x0000009c   Code   RO          545    x$fpl$dnaninf       fz_ws.l(dnaninf.o)
    0x080043a8   0x080043a8   0x0000000c   Code   RO          547    x$fpl$dretinf       fz_ws.l(dretinf.o)
    0x080043b4   0x080043b4   0x000001dc   Code   RO          510    x$fpl$dsub          fz_ws.l(daddsub_clz.o)
    0x08004590   0x08004590   0x00000056   Code   RO          536    x$fpl$f2d           fz_ws.l(f2d.o)
    0x080045e6   0x080045e6   0x00000054   Code   RO          514    x$fpl$fcmp          fz_ws.l(dcmp.o)
    0x0800463a   0x0800463a   0x0000008c   Code   RO          549    x$fpl$fnaninf       fz_ws.l(fnaninf.o)
    0x080046c6   0x080046c6   0x00000000   Code   RO          551    x$fpl$usenofp       fz_ws.l(usenofp.o)
    0x080046c6   0x080046c6   0x00000002   PAD
    0x080046c8   0x080046c8   0x00000020   Data   RO          715    Region$$Table       anon$$obj.o


    Execution Region ER_RW (Exec base: 0x20000000, Load base: 0x080046e8, Size: 0x000001b4, Max: 0xffffffff, ABSOLUTE, COMPRESSED[0x00000070])

    Exec Addr    Load Addr    Size         Type   Attr      Idx    E Section Name        Object

    0x20000000   COMPRESSED   0x00000020   Data   RW           21    .data.BLA           main.o
    0x20000020   COMPRESSED   0x00000020   Data   RW           20    .data.BLB           main.o
    0x20000040   COMPRESSED   0x00000020   Data   RW           18    .data.BRA           main.o
    0x20000060   COMPRESSED   0x00000020   Data   RW           19    .data.BRB           main.o
    0x20000080   COMPRESSED   0x00000020   Data   RW           17    .data.FLA           main.o
    0x200000a0   COMPRESSED   0x00000020   Data   RW           14    .data.FLB           main.o
    0x200000c0   COMPRESSED   0x00000020   Data   RW           16    .data.FRA           main.o
    0x200000e0   COMPRESSED   0x00000020   Data   RW           15    .data.FRB           main.o
    0x20000100   COMPRESSED   0x00000005   Data   RW          376    .data.SPI1_MISO     mcal_spi1.o
    0x20000105   COMPRESSED   0x00000005   Data   RW          375    .data.SPI1_MOSI     mcal_spi1.o
    0x2000010a   COMPRESSED   0x00000005   Data   RW          374    .data.SPI1_SCK      mcal_spi1.o
    0x2000010f   COMPRESSED   0x00000005   Data   RW          403    .data.SPI2_MISO     mcal_spi2.o
    0x20000114   COMPRESSED   0x00000005   Data   RW          402    .data.SPI2_MOSI     mcal_spi2.o
    0x20000119   COMPRESSED   0x00000005   Data   RW          400    .data.SPI2_NSS_SLAVE  mcal_spi2.o
    0x2000011e   COMPRESSED   0x00000005   Data   RW          401    .data.SPI2_SCK      mcal_spi2.o
    0x20000123   COMPRESSED   0x00000005   Data   RW           23    .data.ledc13        main.o
    0x20000128   COMPRESSED   0x00000005   Data   RW           24    .data.ledc14        main.o
    0x2000012d   COMPRESSED   0x00000005   Data   RW           25    .data.ledc15        main.o
    0x20000132   COMPRESSED   0x00000002   PAD
    0x20000134   COMPRESSED   0x00000004   Data   RW           97    .data.prescaler_value  mcal_timer2.o
    0x20000138   COMPRESSED   0x00000004   Data   RW          154    .data.prescaler_value  mcal_timer4.o
    0x2000013c   COMPRESSED   0x00000004   Data   RW          185    .data.prescaler_value  mcal_timer1.o
    0x20000140   COMPRESSED   0x0000000a   Data   RW            7    .data.spi1          main.o
    0x2000014a   COMPRESSED   0x00000002   PAD
    0x2000014c   COMPRESSED   0x00000008   Data   RW          206    .data.tim1          mcal_timers.o
    0x20000154   COMPRESSED   0x0000000c   Data   RW          198    .data.timer2_ch1    mcal_timers.o
    0x20000160   COMPRESSED   0x0000000c   Data   RW          199    .data.timer2_ch2    mcal_timers.o
    0x2000016c   COMPRESSED   0x0000000c   Data   RW          200    .data.timer2_ch3    mcal_timers.o
    0x20000178   COMPRESSED   0x0000000c   Data   RW          201    .data.timer2_ch4    mcal_timers.o
    0x20000184   COMPRESSED   0x0000000c   Data   RW          202    .data.timer4_ch1    mcal_timers.o
    0x20000190   COMPRESSED   0x0000000c   Data   RW          203    .data.timer4_ch2    mcal_timers.o
    0x2000019c   COMPRESSED   0x0000000c   Data   RW          204    .data.timer4_ch3    mcal_timers.o
    0x200001a8   COMPRESSED   0x0000000c   Data   RW          205    .data.timer4_ch4    mcal_timers.o


    Execution Region ER_ZI (Exec base: 0x200001b8, Load base: 0x08004758, Size: 0x00000718, Max: 0xffffffff, ABSOLUTE)

    Exec Addr    Load Addr    Size         Type   Attr      Idx    E Section Name        Object

    0x200001b8        -       0x00000060   Zero   RW          580    .bss                c_w.l(libspace.o)
    0x20000218        -       0x00000001   Zero   RW           10    .bss.ARMS_FROM_0_TO_90  main.o
    0x20000219        -       0x00000001   Zero   RW           12    .bss.ARMS_FROM_90_TO_0  main.o
    0x2000021a        -       0x00000002   Zero   RW           33    .bss.BL_joystick    main.o
    0x2000021c        -       0x00000001   Zero   RW           11    .bss.BOX_FROM_0_TO_90  main.o
    0x2000021d   0x08004758   0x00000001   PAD
    0x2000021e        -       0x00000002   Zero   RW           32    .bss.BR_joystick    main.o
    0x20000220        -       0x00000001   Zero   RW            9    .bss.DRONE_TO_MOBILE  main.o
    0x20000221   0x08004758   0x00000003   PAD
    0x20000224        -       0x00000004   Zero   RW          241    .bss.EXTI0_InterruptHandler  mcal_external_interrupts.o
    0x20000228        -       0x00000004   Zero   RW          251    .bss.EXTI10_InterruptHandler  mcal_external_interrupts.o
    0x2000022c        -       0x00000004   Zero   RW          252    .bss.EXTI11_InterruptHandler  mcal_external_interrupts.o
    0x20000230        -       0x00000004   Zero   RW          253    .bss.EXTI12_InterruptHandler  mcal_external_interrupts.o
    0x20000234        -       0x00000004   Zero   RW          254    .bss.EXTI13_InterruptHandler  mcal_external_interrupts.o
    0x20000238        -       0x00000004   Zero   RW          255    .bss.EXTI14_InterruptHandler  mcal_external_interrupts.o
    0x2000023c        -       0x00000004   Zero   RW          256    .bss.EXTI15_InterruptHandler  mcal_external_interrupts.o
    0x20000240        -       0x00000004   Zero   RW          242    .bss.EXTI1_InterruptHandler  mcal_external_interrupts.o
    0x20000244        -       0x00000004   Zero   RW          243    .bss.EXTI2_InterruptHandler  mcal_external_interrupts.o
    0x20000248        -       0x00000004   Zero   RW          244    .bss.EXTI3_InterruptHandler  mcal_external_interrupts.o
    0x2000024c        -       0x00000004   Zero   RW          245    .bss.EXTI4_InterruptHandler  mcal_external_interrupts.o
    0x20000250        -       0x00000004   Zero   RW          246    .bss.EXTI5_InterruptHandler  mcal_external_interrupts.o
    0x20000254        -       0x00000004   Zero   RW          247    .bss.EXTI6_InterruptHandler  mcal_external_interrupts.o
    0x20000258        -       0x00000004   Zero   RW          248    .bss.EXTI7_InterruptHandler  mcal_external_interrupts.o
    0x2000025c        -       0x00000004   Zero   RW          249    .bss.EXTI8_InterruptHandler  mcal_external_interrupts.o
    0x20000260        -       0x00000004   Zero   RW          250    .bss.EXTI9_InterruptHandler  mcal_external_interrupts.o
    0x20000264        -       0x00000001   Zero   RW            8    .bss.MOBILE_TO_DRONE  main.o
    0x20000265   0x08004758   0x00000001   PAD
    0x20000266        -       0x00000002   Zero   RW           34    .bss.POT_value      main.o
    0x20000268        -       0x00000001   Zero   RW           29    .bss.RC_Mode        main.o
    0x20000269        -       0x0000000d   Zero   RW           28    .bss.Rc_Data        main.o
    0x20000276   0x08004758   0x00000002   PAD
    0x20000278        -       0x00000004   Zero   RW          190    .bss.TIM1_OF_InterruptHandler  mcal_timer1.o
    0x2000027c        -       0x00000004   Zero   RW           94    .bss.TIM2_OF_InterruptHandler  mcal_timer2.o
    0x20000280        -       0x00000004   Zero   RW          127    .bss.TIM3_OF_InterruptHandler  mcal_timer3.o
    0x20000284        -       0x00000004   Zero   RW          151    .bss.TIM4_OF_InterruptHandler  mcal_timer4.o
    0x20000288        -       0x00000002   Zero   RW           30    .bss.TL_joystick    main.o
    0x2000028a        -       0x00000002   Zero   RW           31    .bss.TR_joystick    main.o
    0x2000028c        -       0x00000004   Zero   RW          287    .bss.USART1_Handler  mcal_uart.o
    0x20000290        -       0x00000004   Zero   RW          288    .bss.USART2_Handler  mcal_uart.o
    0x20000294        -       0x00000004   Zero   RW          289    .bss.USART3_Handler  mcal_uart.o
    0x20000298        -       0x00000001   Zero   RW          126    .bss.delay          mcal_timer3.o
    0x20000299   0x08004758   0x00000003   PAD
    0x2000029c        -       0x00000004   Zero   RW          187    .bss.delay          mcal_timer1.o
    0x200002a0        -       0x00000004   Zero   RW           98    .bss.preload_value  mcal_timer2.o
    0x200002a4        -       0x00000004   Zero   RW          155    .bss.preload_value  mcal_timer4.o
    0x200002a8        -       0x00000004   Zero   RW          186    .bss.preload_value  mcal_timer1.o
    0x200002ac        -       0x00000004   Zero   RW            6    .bss.spi2           main.o
    0x200002b0        -       0x00000001   Zero   RW           27    .bss.tim1_counter   main.o
    0x200002b1   0x08004758   0x00000003   PAD
    0x200002b4        -       0x00000004   Zero   RW          184    .bss.timer1_max_count  mcal_timer1.o
    0x200002b8        -       0x00000001   Zero   RW          183    .bss.timer1_resolution  mcal_timer1.o
    0x200002b9   0x08004758   0x00000003   PAD
    0x200002bc        -       0x00000004   Zero   RW           96    .bss.timer2_max_count  mcal_timer2.o
    0x200002c0        -       0x00000001   Zero   RW           95    .bss.timer2_resolution  mcal_timer2.o
    0x200002c1   0x08004758   0x00000003   PAD
    0x200002c4        -       0x00000004   Zero   RW          153    .bss.timer4_max_count  mcal_timer4.o
    0x200002c8        -       0x00000001   Zero   RW          152    .bss.timer4_resolution  mcal_timer4.o
    0x200002c9   0x08004758   0x00000007   PAD
    0x200002d0        -       0x00000200   Zero   RW          477    HEAP                startup_stm32f10x_md.o
    0x200004d0        -       0x00000400   Zero   RW          476    STACK               startup_stm32f10x_md.o


==============================================================================

Image component sizes


      Code (inc. data)   RO Data    RW Data    ZI Data      Debug   Object Name

      1016         16          0          0          0       2767   hal_servo.o
       166          0          0          0          0        712   m4_softwares.o
      2928          0          0        281         34       5496   main.o
      1082          0          0          0         64       6472   mcal_external_interrupts.o
      4262         24          0          0          0       5328   mcal_gpio.o
       990          0          0         15          0       5579   mcal_spi1.o
       768          0          0         20          0       5061   mcal_spi2.o
       508          0          0          4         17       3179   mcal_timer1.o
      1008         12          0          4         13       4087   mcal_timer2.o
        94          0          0          0          5       2814   mcal_timer3.o
      1060         12          0          4         13       4089   mcal_timer4.o
         0          0          0        104          0       1472   mcal_timers.o
       252          0          0          0         12       4217   mcal_uart.o
        64         26        236          0       1536        888   startup_stm32f10x_md.o
       400          0          0          0          0       3013   system_stm32f10x.o

    ----------------------------------------------------------------------
     14656         90        268        436       1720      55174   Object Totals
         0          0         32          0          0          0   (incl. Generated)
        58          0          0          4         26          0   (incl. Padding)

    ----------------------------------------------------------------------

      Code (inc. data)   RO Data    RW Data    ZI Data      Debug   Library Member Name

        90          0          0          0          0          0   __dczerorl2.o
         8          0          0          0          0         68   __main.o
         0          0          0          0          0          0   __rtentry.o
        12          0          0          0          0          0   __rtentry2.o
         6          0          0          0          0          0   __rtentry4.o
        94          8          0          0          0          0   __scatter.o
        28          0          0          0          0          0   __scatter_zi.o
        18          0          0          0          0         80   exit.o
         6          0          0          0          0        152   heapauxi.o
         0          0          0          0          0          0   indicate_semi.o
         2          0          0          0          0          0   libinit.o
         2          0          0          0          0          0   libinit2.o
         2          0          0          0          0          0   libshutdown.o
         2          0          0          0          0          0   libshutdown2.o
         8          4          0          0         96         68   libspace.o
         2          0          0          0          0          0   rtexit.o
        10          0          0          0          0          0   rtexit2.o
        12          4          0          0          0         68   sys_exit.o
        74          0          0          0          0         80   sys_stackheap_outer.o
         2          0          0          0          0         68   use_no_semi.o
       812         16          0          0          0        296   daddsub_clz.o
        84          0          0          0          0        196   dcmp.o
        24          0          0          0          0         68   dcmpi.o
       692        140          0          0          0        216   ddiv.o
       120          4          0          0          0         92   deqf.o
        94          4          0          0          0         92   dfix.o
        38          0          0          0          0         68   dflt_clz.o
       120          4          0          0          0         92   dgeqf.o
       120          4          0          0          0         92   dleqf.o
       340         12          0          0          0        104   dmul.o
       156          4          0          0          0         92   dnaninf.o
        12          0          0          0          0         68   dretinf.o
        86          4          0          0          0         84   f2d.o
       140          4          0          0          0         84   fnaninf.o
         0          0          0          0          0          0   usenofp.o

    ----------------------------------------------------------------------
      3228        212          0          0         96       2228   Library Totals
        12          0          0          0          0          0   (incl. Padding)

    ----------------------------------------------------------------------

      Code (inc. data)   RO Data    RW Data    ZI Data      Debug   Library Name

       378         16          0          0         96        584   c_w.l
      2838        196          0          0          0       1644   fz_ws.l

    ----------------------------------------------------------------------
      3228        212          0          0         96       2228   Library Totals

    ----------------------------------------------------------------------

==============================================================================


      Code (inc. data)   RO Data    RW Data    ZI Data      Debug   

     17884        302        268        436       1816      56342   Grand Totals
     17884        302        268        112       1816      56342   ELF Image Totals (compressed)
     17884        302        268        112          0          0   ROM Totals

==============================================================================

    Total RO  Size (Code + RO Data)                18152 (  17.73kB)
    Total RW  Size (RW Data + ZI Data)              2252 (   2.20kB)
    Total ROM Size (Code + RO Data + RW Data)      18264 (  17.84kB)

==============================================================================

